06-03 09:15:07.866 10324-10324/uxpp.uc V/unknown:AnimatedDrawable: (null) Watchdog Task
06-03 09:15:07.871 10324-10324/uxpp.uc V/unknown:AnimatedDrawable: (null) Watchdog Task
06-03 09:15:07.871 10324-10324/uxpp.uc V/unknown:AnimatedDrawable: (null) Watchdog Task
06-03 09:15:07.871 10324-10324/uxpp.uc V/unknown:AnimatedDrawable: (null) Watchdog Task
06-03 09:15:09.866 10324-10324/uxpp.uc V/unknown:AnimatedDrawable: (null) Watchdog Task
06-03 09:15:09.871 10324-10324/uxpp.uc V/unknown:AnimatedDrawable: (null) Watchdog Task
06-03 09:15:09.872 10324-10324/uxpp.uc V/unknown:AnimatedDrawable: (null) Watchdog Task
06-03 09:15:09.872 10324-10324/uxpp.uc V/unknown:AnimatedDrawable: (null) Watchdog Task
06-03 09:15:11.866 10324-10324/uxpp.uc V/unknown:AnimatedDrawable: (null) Watchdog Task
06-03 09:15:11.873 10324-10324/uxpp.uc V/unknown:AnimatedDrawable: (null) Watchdog Task
06-03 09:15:11.874 10324-10324/uxpp.uc V/unknown:AnimatedDrawable: (null) Watchdog Task
06-03 09:15:11.874 10324-10324/uxpp.uc V/unknown:AnimatedDrawable: (null) Watchdog Task
06-03 09:15:13.868 10324-10324/uxpp.uc V/unknown:AnimatedDrawable: (null) Watchdog Task
06-03 09:15:13.873 10324-10324/uxpp.uc V/unknown:AnimatedDrawable: (null) Watchdog Task
06-03 09:15:13.875 10324-10324/uxpp.uc V/unknown:AnimatedDrawable: (null) Watchdog Task
06-03 09:15:13.875 10324-10324/uxpp.uc V/unknown:AnimatedDrawable: (null) Watchdog Task
06-03 09:15:15.124 10324-10324/uxpp.uc V/unknown:AbstractDraweeController: controller 31ecb133 3: onDetach
06-03 09:15:15.124 10324-10324/uxpp.uc V/unknown:AbstractDraweeController: controller a7945bb 2: onDetach
06-03 09:15:15.125 10324-10324/uxpp.uc V/unknown:AbstractDraweeController: controller 22e656f2 1: onDetach
06-03 09:15:15.125 10324-10324/uxpp.uc V/unknown:AbstractDraweeController: controller 1d5b878e 0: onDetach
06-03 09:15:15.133 10324-10324/uxpp.uc V/unknown:AbstractDraweeController: controller 1d5b878e 0: setHierarchy: com.facebook.drawee.generic.GenericDraweeHierarchy@18098c06
06-03 09:15:15.133 10324-10324/uxpp.uc V/unknown:AnimatedDrawable: (null) Dropping caches
06-03 09:15:15.134 10324-10324/uxpp.uc V/unknown:AnimatedDrawableCachingBackendImpl: Total bitmaps: 12
06-03 09:15:15.134 10324-10324/uxpp.uc V/unknown:AbstractDraweeController: controller 1d5b878e 0: release: image: CloseableReference 18242654
06-03 09:15:15.136 10324-10324/uxpp.uc V/unknown:AbstractDraweeController: controller 1d5b878e 0 -> 4: initialize
06-03 09:15:15.136 10324-10324/uxpp.uc V/unknown:AbstractDraweeController: controller 1d5b878e 4: setHierarchy: null
06-03 09:15:15.137 10324-10324/uxpp.uc V/unknown:AbstractDraweeController: controller 1d5b878e 4: setHierarchy: com.facebook.drawee.generic.GenericDraweeHierarchy@18098c06
06-03 09:15:15.137 10324-10324/uxpp.uc V/unknown:AbstractDraweeController: controller 1d5b878e 4: onAttach: request needs submit
06-03 09:15:15.137 10324-10324/uxpp.uc V/unknown:PipelineDraweeController: controller 1d5b878e: getDataSource
06-03 09:15:15.138 10324-10324/uxpp.uc V/unknown:RequestLoggingListener: time 629865: onRequestSubmit: {requestId: 4, callerContext: null, isPrefetch: false}
06-03 09:15:15.138 10324-10324/uxpp.uc V/unknown:RequestLoggingListener: time 629865: onProducerStart: {requestId: 4, producer: BitmapMemoryCacheGetProducer}
06-03 09:15:15.138 10324-10324/uxpp.uc V/unknown:RequestLoggingListener: time 629865: onProducerFinishWithSuccess: {requestId: 4, producer: BitmapMemoryCacheGetProducer, elapsedTime: 0 ms, extraMap: {cached_value_found=false}}
06-03 09:15:15.138 10324-10324/uxpp.uc V/unknown:RequestLoggingListener: time 629866: onProducerStart: {requestId: 4, producer: BackgroundThreadHandoffProducer}
06-03 09:15:15.139 10324-10324/uxpp.uc V/unknown:AbstractDraweeController: controller 1d5b878e 4: submitRequest: dataSource: 375ea2c7
06-03 09:15:15.139 10324-11371/uxpp.uc V/unknown:RequestLoggingListener: time 629866: onProducerFinishWithSuccess: {requestId: 4, producer: BackgroundThreadHandoffProducer, elapsedTime: 0 ms, extraMap: null}
06-03 09:15:15.139 10324-11371/uxpp.uc V/unknown:RequestLoggingListener: time 629866: onProducerStart: {requestId: 4, producer: BitmapMemoryCacheProducer}
06-03 09:15:15.139 10324-11371/uxpp.uc V/unknown:RequestLoggingListener: time 629867: onProducerFinishWithSuccess: {requestId: 4, producer: BitmapMemoryCacheProducer, elapsedTime: 1 ms, extraMap: {cached_value_found=false}}
06-03 09:15:15.139 10324-11371/uxpp.uc V/unknown:RequestLoggingListener: time 629867: onProducerStart: {requestId: 4, producer: EncodedMemoryCacheProducer}
06-03 09:15:15.139 10324-11371/uxpp.uc V/unknown:RequestLoggingListener: time 629867: onProducerFinishWithSuccess: {requestId: 4, producer: EncodedMemoryCacheProducer, elapsedTime: 0 ms, extraMap: {cached_value_found=true}}
06-03 09:15:15.140 10324-11378/uxpp.uc V/unknown:RequestLoggingListener: time 629867: onProducerStart: {requestId: 4, producer: DecodeProducer}
06-03 09:15:15.141 10324-11378/uxpp.uc V/unknown:RequestLoggingListener: time 629868: onProducerFinishWithSuccess: {requestId: 4, producer: DecodeProducer, elapsedTime: 1 ms, extraMap: {hasGoodQuality=true, queueTime=0, imageType=DEFAULT, isFinal=true}}
06-03 09:15:15.141 10324-11378/uxpp.uc V/unknown:RequestLoggingListener: time 629868: onRequestSuccess: {requestId: 4, elapsedTime: 3 ms}
06-03 09:15:15.148 10324-10324/uxpp.uc V/unknown:AbstractDraweeController: controller 22e656f2 1: setHierarchy: com.facebook.drawee.generic.GenericDraweeHierarchy@29265860
06-03 09:15:15.148 10324-10324/uxpp.uc V/unknown:AnimatedDrawable: (null) Dropping caches
06-03 09:15:15.148 10324-10324/uxpp.uc V/unknown:AnimatedDrawableCachingBackendImpl: Total bitmaps: 9
06-03 09:15:15.149 10324-10324/uxpp.uc V/unknown:AbstractDraweeController: controller 22e656f2 1: release: image: CloseableReference 21778bb5
06-03 09:15:15.150 10324-10324/uxpp.uc V/unknown:AbstractDraweeController: controller 22e656f2 1 -> 5: initialize
06-03 09:15:15.150 10324-10324/uxpp.uc V/unknown:AbstractDraweeController: controller 22e656f2 5: setHierarchy: null
06-03 09:15:15.150 10324-10324/uxpp.uc V/unknown:AbstractDraweeController: controller 22e656f2 5: setHierarchy: com.facebook.drawee.generic.GenericDraweeHierarchy@29265860
06-03 09:15:15.151 10324-10324/uxpp.uc V/unknown:AbstractDraweeController: controller 22e656f2 5: onAttach: request needs submit
06-03 09:15:15.151 10324-10324/uxpp.uc V/unknown:PipelineDraweeController: controller 22e656f2: getDataSource
06-03 09:15:15.151 10324-10324/uxpp.uc V/unknown:RequestLoggingListener: time 629879: onRequestSubmit: {requestId: 5, callerContext: null, isPrefetch: false}
06-03 09:15:15.151 10324-10324/uxpp.uc V/unknown:RequestLoggingListener: time 629879: onProducerStart: {requestId: 5, producer: BitmapMemoryCacheGetProducer}
06-03 09:15:15.152 10324-10324/uxpp.uc V/unknown:RequestLoggingListener: time 629879: onProducerFinishWithSuccess: {requestId: 5, producer: BitmapMemoryCacheGetProducer, elapsedTime: 0 ms, extraMap: {cached_value_found=false}}
06-03 09:15:15.152 10324-10324/uxpp.uc V/unknown:RequestLoggingListener: time 629879: onProducerStart: {requestId: 5, producer: BackgroundThreadHandoffProducer}
06-03 09:15:15.152 10324-10324/uxpp.uc V/unknown:AbstractDraweeController: controller 22e656f2 5: submitRequest: dataSource: 2e811119
06-03 09:15:15.158 10324-11371/uxpp.uc V/unknown:RequestLoggingListener: time 629886: onProducerFinishWithSuccess: {requestId: 5, producer: BackgroundThreadHandoffProducer, elapsedTime: 7 ms, extraMap: null}
06-03 09:15:15.159 10324-11371/uxpp.uc V/unknown:RequestLoggingListener: time 629886: onProducerStart: {requestId: 5, producer: BitmapMemoryCacheProducer}
06-03 09:15:15.159 10324-10324/uxpp.uc V/unknown:AbstractDraweeController: controller a7945bb 2: setHierarchy: com.facebook.drawee.generic.GenericDraweeHierarchy@ee723bf
06-03 09:15:15.159 10324-10324/uxpp.uc V/unknown:AnimatedDrawable: (null) Dropping caches
06-03 09:15:15.159 10324-11371/uxpp.uc V/unknown:RequestLoggingListener: time 629886: onProducerFinishWithSuccess: {requestId: 5, producer: BitmapMemoryCacheProducer, elapsedTime: 0 ms, extraMap: {cached_value_found=false}}
06-03 09:15:15.159 10324-11371/uxpp.uc V/unknown:RequestLoggingListener: time 629887: onProducerStart: {requestId: 5, producer: EncodedMemoryCacheProducer}
06-03 09:15:15.159 10324-10324/uxpp.uc V/unknown:AnimatedDrawableCachingBackendImpl: Total bitmaps: 3
06-03 09:15:15.159 10324-11371/uxpp.uc V/unknown:RequestLoggingListener: time 629887: onProducerFinishWithSuccess: {requestId: 5, producer: EncodedMemoryCacheProducer, elapsedTime: 0 ms, extraMap: {cached_value_found=true}}
06-03 09:15:15.160 10324-11377/uxpp.uc V/unknown:RequestLoggingListener: time 629887: onProducerStart: {requestId: 5, producer: DecodeProducer}
06-03 09:15:15.160 10324-10324/uxpp.uc V/unknown:AbstractDraweeController: controller a7945bb 2: release: image: CloseableReference 367a7c6d
06-03 09:15:15.160 10324-10324/uxpp.uc V/unknown:AbstractDraweeController: controller a7945bb 2 -> 6: initialize
06-03 09:15:15.160 10324-11377/uxpp.uc V/unknown:RequestLoggingListener: time 629888: onProducerFinishWithSuccess: {requestId: 5, producer: DecodeProducer, elapsedTime: 1 ms, extraMap: {hasGoodQuality=true, queueTime=0, imageType=DEFAULT, isFinal=true}}
06-03 09:15:15.161 10324-11377/uxpp.uc V/unknown:RequestLoggingListener: time 629888: onRequestSuccess: {requestId: 5, elapsedTime: 9 ms}
06-03 09:15:15.161 10324-10324/uxpp.uc V/unknown:AbstractDraweeController: controller a7945bb 6: setHierarchy: null
06-03 09:15:15.161 10324-10324/uxpp.uc V/unknown:AbstractDraweeController: controller a7945bb 6: setHierarchy: com.facebook.drawee.generic.GenericDraweeHierarchy@ee723bf
06-03 09:15:15.162 10324-10324/uxpp.uc V/unknown:AbstractDraweeController: controller a7945bb 6: onAttach: request needs submit
06-03 09:15:15.163 10324-10324/uxpp.uc V/unknown:PipelineDraweeController: controller a7945bb: getDataSource
06-03 09:15:15.163 10324-10324/uxpp.uc V/unknown:RequestLoggingListener: time 629890: onRequestSubmit: {requestId: 6, callerContext: null, isPrefetch: false}
06-03 09:15:15.163 10324-10324/uxpp.uc V/unknown:RequestLoggingListener: time 629890: onProducerStart: {requestId: 6, producer: BitmapMemoryCacheGetProducer}
06-03 09:15:15.163 10324-10324/uxpp.uc V/unknown:RequestLoggingListener: time 629890: onProducerFinishWithSuccess: {requestId: 6, producer: BitmapMemoryCacheGetProducer, elapsedTime: 0 ms, extraMap: {cached_value_found=false}}
06-03 09:15:15.163 10324-10324/uxpp.uc V/unknown:RequestLoggingListener: time 629891: onProducerStart: {requestId: 6, producer: BackgroundThreadHandoffProducer}
06-03 09:15:15.164 10324-10324/uxpp.uc V/unknown:AbstractDraweeController: controller a7945bb 6: submitRequest: dataSource: 1908a5d5
06-03 09:15:15.165 10324-11371/uxpp.uc V/unknown:RequestLoggingListener: time 629892: onProducerFinishWithSuccess: {requestId: 6, producer: BackgroundThreadHandoffProducer, elapsedTime: 1 ms, extraMap: null}
06-03 09:15:15.165 10324-11371/uxpp.uc V/unknown:RequestLoggingListener: time 629893: onProducerStart: {requestId: 6, producer: BitmapMemoryCacheProducer}
06-03 09:15:15.165 10324-11371/uxpp.uc V/unknown:RequestLoggingListener: time 629893: onProducerFinishWithSuccess: {requestId: 6, producer: BitmapMemoryCacheProducer, elapsedTime: 0 ms, extraMap: {cached_value_found=false}}
06-03 09:15:15.165 10324-11371/uxpp.uc V/unknown:RequestLoggingListener: time 629893: onProducerStart: {requestId: 6, producer: EncodedMemoryCacheProducer}
06-03 09:15:15.165 10324-11371/uxpp.uc V/unknown:RequestLoggingListener: time 629893: onProducerFinishWithSuccess: {requestId: 6, producer: EncodedMemoryCacheProducer, elapsedTime: 0 ms, extraMap: {cached_value_found=true}}
06-03 09:15:15.166 10324-11379/uxpp.uc V/unknown:RequestLoggingListener: time 629893: onProducerStart: {requestId: 6, producer: DecodeProducer}
06-03 09:15:15.167 10324-11379/uxpp.uc V/unknown:RequestLoggingListener: time 629895: onProducerFinishWithSuccess: {requestId: 6, producer: DecodeProducer, elapsedTime: 2 ms, extraMap: {hasGoodQuality=true, queueTime=0, imageType=DEFAULT, isFinal=true}}
06-03 09:15:15.167 10324-11379/uxpp.uc V/unknown:RequestLoggingListener: time 629895: onRequestSuccess: {requestId: 6, elapsedTime: 5 ms}
06-03 09:15:15.172 10324-10324/uxpp.uc V/unknown:AbstractDraweeController: controller 31ecb133 3: setHierarchy: com.facebook.drawee.generic.GenericDraweeHierarchy@2cead378
06-03 09:15:15.172 10324-10324/uxpp.uc V/unknown:AnimatedDrawable: (null) Dropping caches
06-03 09:15:15.173 10324-10324/uxpp.uc V/unknown:AnimatedDrawableCachingBackendImpl: Total bitmaps: 0
06-03 09:15:15.173 10324-10324/uxpp.uc V/unknown:AbstractDraweeController: controller 31ecb133 3: release: image: CloseableReference 24372d8f
06-03 09:15:15.174 10324-10324/uxpp.uc V/unknown:AbstractDraweeController: controller 31ecb133 3 -> 7: initialize
06-03 09:15:15.174 10324-10324/uxpp.uc V/unknown:AbstractDraweeController: controller 31ecb133 7: setHierarchy: null
06-03 09:15:15.175 10324-10324/uxpp.uc V/unknown:AbstractDraweeController: controller 31ecb133 7: setHierarchy: com.facebook.drawee.generic.GenericDraweeHierarchy@2cead378
06-03 09:15:15.175 10324-10324/uxpp.uc V/unknown:AbstractDraweeController: controller 31ecb133 7: onAttach: request needs submit
06-03 09:15:15.176 10324-10324/uxpp.uc V/unknown:PipelineDraweeController: controller 31ecb133: getDataSource
06-03 09:15:15.176 10324-10324/uxpp.uc V/unknown:RequestLoggingListener: time 629904: onRequestSubmit: {requestId: 7, callerContext: null, isPrefetch: false}
06-03 09:15:15.176 10324-10324/uxpp.uc V/unknown:RequestLoggingListener: time 629904: onProducerStart: {requestId: 7, producer: BitmapMemoryCacheGetProducer}
06-03 09:15:15.176 10324-10324/uxpp.uc V/unknown:RequestLoggingListener: time 629904: onProducerFinishWithSuccess: {requestId: 7, producer: BitmapMemoryCacheGetProducer, elapsedTime: 0 ms, extraMap: {cached_value_found=false}}
06-03 09:15:15.177 10324-10324/uxpp.uc V/unknown:RequestLoggingListener: time 629904: onProducerStart: {requestId: 7, producer: BackgroundThreadHandoffProducer}
06-03 09:15:15.177 10324-11371/uxpp.uc V/unknown:RequestLoggingListener: time 629904: onProducerFinishWithSuccess: {requestId: 7, producer: BackgroundThreadHandoffProducer, elapsedTime: 0 ms, extraMap: null}
06-03 09:15:15.177 10324-11371/uxpp.uc V/unknown:RequestLoggingListener: time 629904: onProducerStart: {requestId: 7, producer: BitmapMemoryCacheProducer}
06-03 09:15:15.177 10324-11371/uxpp.uc V/unknown:RequestLoggingListener: time 629905: onProducerFinishWithSuccess: {requestId: 7, producer: BitmapMemoryCacheProducer, elapsedTime: 1 ms, extraMap: {cached_value_found=false}}
06-03 09:15:15.177 10324-10324/uxpp.uc V/unknown:AbstractDraweeController: controller 31ecb133 7: submitRequest: dataSource: 333aca51
06-03 09:15:15.177 10324-11371/uxpp.uc V/unknown:RequestLoggingListener: time 629905: onProducerStart: {requestId: 7, producer: EncodedMemoryCacheProducer}
06-03 09:15:15.177 10324-11371/uxpp.uc V/unknown:RequestLoggingListener: time 629905: onProducerFinishWithSuccess: {requestId: 7, producer: EncodedMemoryCacheProducer, elapsedTime: 0 ms, extraMap: {cached_value_found=true}}
06-03 09:15:15.178 10324-11375/uxpp.uc V/unknown:RequestLoggingListener: time 629905: onProducerStart: {requestId: 7, producer: DecodeProducer}
06-03 09:15:15.179 10324-11375/uxpp.uc V/unknown:RequestLoggingListener: time 629906: onProducerFinishWithSuccess: {requestId: 7, producer: DecodeProducer, elapsedTime: 1 ms, extraMap: {hasGoodQuality=true, queueTime=0, imageType=DEFAULT, isFinal=true}}
06-03 09:15:15.179 10324-11375/uxpp.uc V/unknown:RequestLoggingListener: time 629906: onRequestSuccess: {requestId: 7, elapsedTime: 2 ms}
06-03 09:15:15.193 10324-10324/uxpp.uc V/unknown:AbstractDraweeController: controller 1d5b878e 4: set_final_result @ onNewResult: image: CloseableReference 7a26292
06-03 09:15:15.193 10324-10324/uxpp.uc V/unknown:AnimatedDrawableCachingBackendImpl: Total bitmaps: 0
06-03 09:15:15.197 10324-10324/uxpp.uc V/unknown:AbstractDraweeController: controller 22e656f2 5: set_final_result @ onNewResult: image: CloseableReference 2a089a8c
06-03 09:15:15.197 10324-10324/uxpp.uc V/unknown:AnimatedDrawableCachingBackendImpl: Total bitmaps: 0
06-03 09:15:15.206 10324-10324/uxpp.uc V/unknown:AbstractDraweeController: controller a7945bb 6: set_final_result @ onNewResult: image: CloseableReference 22f3b1ea
06-03 09:15:15.206 10324-10324/uxpp.uc V/unknown:AnimatedDrawableCachingBackendImpl: Total bitmaps: 0
06-03 09:15:15.208 10324-10324/uxpp.uc V/unknown:AbstractDraweeController: controller 31ecb133 7: set_final_result @ onNewResult: image: CloseableReference 55302b6
06-03 09:15:15.208 10324-10324/uxpp.uc V/unknown:AnimatedDrawableCachingBackendImpl: Total bitmaps: 0
06-03 09:15:15.209 10324-10324/uxpp.uc V/unknown:AnimatedDrawableCachingBackendImpl: Total bitmaps: 0
06-03 09:15:15.210 10324-10324/uxpp.uc V/unknown:ConstrainedExecutorService: SerialExecutor: starting worker 1 of 1
06-03 09:15:15.210 10324-10324/uxpp.uc V/unknown:AnimatedDrawable: (null) Trying again later for current 0
06-03 09:15:15.210 10324-10324/uxpp.uc V/unknown:AnimatedDrawable: (null) Failed to draw a frame
06-03 09:15:15.210 10324-10324/uxpp.uc V/unknown:AnimatedDrawableCachingBackendImpl: Total bitmaps: 0
06-03 09:15:15.211 10324-10324/uxpp.uc V/unknown:AnimatedDrawable: (null) Trying again later for current 0
06-03 09:15:15.211 10324-10324/uxpp.uc V/unknown:AnimatedDrawable: (null) Failed to draw a frame
06-03 09:15:15.211 10324-10324/uxpp.uc V/unknown:AnimatedDrawableCachingBackendImpl: Total bitmaps: 0
06-03 09:15:15.212 10324-10324/uxpp.uc V/unknown:AnimatedDrawable: (null) Trying again later for current 0
06-03 09:15:15.212 10324-10324/uxpp.uc V/unknown:AnimatedDrawable: (null) Failed to draw a frame
06-03 09:15:15.212 10324-10324/uxpp.uc V/unknown:AnimatedDrawableCachingBackendImpl: Total bitmaps: 0
06-03 09:15:15.213 10324-10324/uxpp.uc V/unknown:AnimatedDrawable: (null) Trying again later for current 0
06-03 09:15:15.213 10324-10324/uxpp.uc V/unknown:AnimatedDrawable: (null) Failed to draw a frame
06-03 09:15:15.222 10324-10324/uxpp.uc V/unknown:AnimatedDrawable: (null) Invalidate Task
06-03 09:15:15.222 10324-10324/uxpp.uc V/unknown:AnimatedDrawable: (null) Invalidate Task
06-03 09:15:15.223 10324-10324/uxpp.uc V/unknown:AnimatedDrawable: (null) Invalidate Task
06-03 09:15:15.223 10324-10324/uxpp.uc V/unknown:AnimatedDrawable: (null) Invalidate Task
06-03 09:15:15.232 10324-11378/uxpp.uc V/unknown:AnimatedDrawableCachingBackendImpl: Creating new bitmap
06-03 09:15:15.232 10324-11378/uxpp.uc V/unknown:AnimatedDrawableCachingBackendImpl: Total bitmaps: 1
06-03 09:15:15.236 10324-10324/uxpp.uc V/unknown:AnimatedDrawable: (null) Trying again later for pending 0
06-03 09:15:15.236 10324-10324/uxpp.uc V/unknown:AnimatedDrawable: (null) Failed to draw a frame
06-03 09:15:15.237 10324-10324/uxpp.uc V/unknown:AnimatedDrawable: (null) Trying again later for pending 0
06-03 09:15:15.237 10324-10324/uxpp.uc V/unknown:AnimatedDrawable: (null) Failed to draw a frame
06-03 09:15:15.237 10324-10324/uxpp.uc V/unknown:AnimatedDrawable: (null) Trying again later for pending 0
06-03 09:15:15.237 10324-10324/uxpp.uc V/unknown:AnimatedDrawable: (null) Failed to draw a frame
06-03 09:15:15.238 10324-10324/uxpp.uc V/unknown:AnimatedDrawable: (null) Trying again later for pending 0
06-03 09:15:15.238 10324-10324/uxpp.uc V/unknown:AnimatedDrawable: (null) Failed to draw a frame
06-03 09:15:15.242 10324-10324/uxpp.uc V/unknown:AnimatedDrawable: (null) Invalidate Task
06-03 09:15:15.244 10324-10324/uxpp.uc V/unknown:AnimatedDrawable: (null) Invalidate Task
06-03 09:15:15.244 10324-10324/uxpp.uc V/unknown:AnimatedDrawable: (null) Invalidate Task
06-03 09:15:15.244 10324-10324/uxpp.uc V/unknown:AnimatedDrawable: (null) Invalidate Task
06-03 09:15:15.245 10324-10324/uxpp.uc V/unknown:AnimatedDrawable: (null) Trying again later for pending 0
06-03 09:15:15.245 10324-10324/uxpp.uc V/unknown:AnimatedDrawable: (null) Failed to draw a frame
06-03 09:15:15.245 10324-10324/uxpp.uc V/unknown:AnimatedDrawable: (null) Trying again later for pending 0
06-03 09:15:15.245 10324-10324/uxpp.uc V/unknown:AnimatedDrawable: (null) Failed to draw a frame
06-03 09:15:15.246 10324-10324/uxpp.uc V/unknown:AnimatedDrawable: (null) Trying again later for pending 0
06-03 09:15:15.246 10324-10324/uxpp.uc V/unknown:AnimatedDrawable: (null) Failed to draw a frame
06-03 09:15:15.246 10324-10324/uxpp.uc V/unknown:AnimatedDrawable: (null) Trying again later for pending 0
06-03 09:15:15.246 10324-10324/uxpp.uc V/unknown:AnimatedDrawable: (null) Failed to draw a frame
06-03 09:15:15.255 10324-11378/uxpp.uc V/unknown:AnimatedDrawableCachingBackendImpl: Prefetch rendered frame 0
06-03 09:15:15.255 10324-11378/uxpp.uc V/unknown:ConstrainedExecutorService: SerialExecutor: starting worker 1 of 1
06-03 09:15:15.256 10324-11378/uxpp.uc V/unknown:ConstrainedExecutorService: SerialExecutor: starting worker 1 of 1
06-03 09:15:15.256 10324-11378/uxpp.uc V/unknown:ConstrainedExecutorService: SerialExecutor: starting worker 1 of 1
06-03 09:15:15.262 10324-10324/uxpp.uc V/unknown:AnimatedDrawable: (null) Invalidate Task
06-03 09:15:15.262 10324-10324/uxpp.uc V/unknown:AnimatedDrawable: (null) Invalidate Task
06-03 09:15:15.262 10324-10324/uxpp.uc V/unknown:AnimatedDrawable: (null) Invalidate Task
06-03 09:15:15.263 10324-10324/uxpp.uc V/unknown:AnimatedDrawable: (null) Invalidate Task
06-03 09:15:15.264 10324-10324/uxpp.uc V/unknown:AnimatedDrawable: (null) Drew frame 0
06-03 09:15:15.264 10324-10324/uxpp.uc V/unknown:AnimatedDrawable: (null) Rendered pending frame 0
06-03 09:15:15.264 10324-10324/uxpp.uc V/unknown:AnimatedDrawable: (null) Drew frame 0
06-03 09:15:15.265 10324-10324/uxpp.uc V/unknown:AnimatedDrawable: (null) Rendered current frame 0
06-03 09:15:15.265 10324-10324/uxpp.uc V/unknown:AnimatedDrawable: (null) Trying again later for pending 0
06-03 09:15:15.265 10324-10324/uxpp.uc V/unknown:AnimatedDrawable: (null) Failed to draw a frame
06-03 09:15:15.265 10324-10324/uxpp.uc V/unknown:AnimatedDrawable: (null) Trying again later for pending 0
06-03 09:15:15.265 10324-10324/uxpp.uc V/unknown:AnimatedDrawable: (null) Failed to draw a frame
06-03 09:15:15.267 10324-10324/uxpp.uc V/unknown:AnimatedDrawable: (null) Trying again later for pending 0
06-03 09:15:15.267 10324-10324/uxpp.uc V/unknown:AnimatedDrawable: (null) Failed to draw a frame
06-03 09:15:15.276 10324-11378/uxpp.uc V/unknown:AnimatedDrawableCachingBackendImpl: Creating new bitmap
06-03 09:15:15.276 10324-11378/uxpp.uc V/unknown:AnimatedDrawableCachingBackendImpl: Total bitmaps: 2
06-03 09:15:15.282 10324-10324/uxpp.uc V/unknown:AnimatedDrawable: (null) Invalidate Task
06-03 09:15:15.283 10324-10324/uxpp.uc V/unknown:AnimatedDrawable: (null) Invalidate Task
06-03 09:15:15.283 10324-10324/uxpp.uc V/unknown:AnimatedDrawable: (null) Invalidate Task
06-03 09:15:15.285 10324-10324/uxpp.uc V/unknown:AnimatedDrawable: (null) Trying again later for pending 0
06-03 09:15:15.285 10324-10324/uxpp.uc V/unknown:AnimatedDrawable: (null) Failed to draw a frame
06-03 09:15:15.285 10324-10324/uxpp.uc V/unknown:AnimatedDrawable: (null) Trying again later for pending 0
06-03 09:15:15.285 10324-10324/uxpp.uc V/unknown:AnimatedDrawable: (null) Failed to draw a frame
06-03 09:15:15.285 10324-10324/uxpp.uc V/unknown:AnimatedDrawable: (null) Trying again later for pending 0
06-03 09:15:15.286 10324-10324/uxpp.uc V/unknown:AnimatedDrawable: (null) Failed to draw a frame
06-03 09:15:15.296 10324-11378/uxpp.uc V/unknown:AnimatedDrawableCachingBackendImpl: Prefetch rendered frame 0
06-03 09:15:15.297 10324-11378/uxpp.uc V/unknown:ConstrainedExecutorService: SerialExecutor: starting worker 1 of 1
06-03 09:15:15.302 10324-10324/uxpp.uc V/unknown:AnimatedDrawable: (null) Invalidate Task
06-03 09:15:15.304 10324-10324/uxpp.uc V/unknown:AnimatedDrawable: (null) Invalidate Task
06-03 09:15:15.304 10324-10324/uxpp.uc V/unknown:AnimatedDrawable: (null) Invalidate Task
06-03 09:15:15.304 10324-10324/uxpp.uc V/unknown:AnimatedDrawable: (null) Next Frame Task
06-03 09:15:15.304 10324-10324/uxpp.uc V/unknown:AnimatedDrawable: (null) Next frame (1) in 4 ms
06-03 09:15:15.304 10324-10324/uxpp.uc V/unknown:AnimatedDrawable: (null) Next Frame Task
06-03 09:15:15.304 10324-10324/uxpp.uc V/unknown:AnimatedDrawable: (null) Next frame (1) in 4 ms
06-03 09:15:15.309 10324-10324/uxpp.uc V/unknown:AnimatedDrawable: (null) Drew frame 0
06-03 09:15:15.309 10324-10324/uxpp.uc V/unknown:AnimatedDrawable: (null) Rendered pending frame 0
06-03 09:15:15.309 10324-10324/uxpp.uc V/unknown:AnimatedDrawable: (null) Drew frame 0
06-03 09:15:15.309 10324-10324/uxpp.uc V/unknown:AnimatedDrawable: (null) Rendered current frame 0
06-03 09:15:15.310 10324-10324/uxpp.uc V/unknown:AnimatedDrawable: (null) Trying again later for pending 0
06-03 09:15:15.310 10324-10324/uxpp.uc V/unknown:AnimatedDrawable: (null) Failed to draw a frame
06-03 09:15:15.310 10324-10324/uxpp.uc V/unknown:AnimatedDrawable: (null) Trying again later for pending 0
06-03 09:15:15.310 10324-10324/uxpp.uc V/unknown:AnimatedDrawable: (null) Failed to draw a frame
06-03 09:15:15.318 10324-11377/uxpp.uc V/unknown:AnimatedDrawableCachingBackendImpl: Creating new bitmap
06-03 09:15:15.318 10324-11377/uxpp.uc V/unknown:AnimatedDrawableCachingBackendImpl: Total bitmaps: 3
06-03 09:15:15.322 10324-10324/uxpp.uc V/unknown:AnimatedDrawable: (null) Next Frame Task
06-03 09:15:15.323 10324-10324/uxpp.uc V/unknown:AnimatedDrawable: (null) Next Frame Task
06-03 09:15:15.323 10324-10324/uxpp.uc V/unknown:AnimatedDrawable: (null) Invalidate Task
06-03 09:15:15.323 10324-10324/uxpp.uc V/unknown:AnimatedDrawable: (null) Invalidate Task
06-03 09:15:15.323 10324-10324/uxpp.uc V/unknown:AnimatedDrawable: (null) Next Frame Task
06-03 09:15:15.323 10324-10324/uxpp.uc V/unknown:AnimatedDrawable: (null) Next frame (1) in 5 ms
06-03 09:15:15.324 10324-10324/uxpp.uc V/unknown:AnimatedDrawable: (null) Trying again later for current 1
06-03 09:15:15.324 10324-10324/uxpp.uc V/unknown:AnimatedDrawable: (null) Rendered last known frame 0
06-03 09:15:15.325 10324-10324/uxpp.uc V/unknown:AnimatedDrawable: (null) Trying again later for pending 0
06-03 09:15:15.325 10324-10324/uxpp.uc V/unknown:AnimatedDrawable: (null) Failed to draw a frame
06-03 09:15:15.325 10324-10324/uxpp.uc V/unknown:AnimatedDrawable: (null) Trying again later for pending 0
06-03 09:15:15.325 10324-10324/uxpp.uc V/unknown:AnimatedDrawable: (null) Failed to draw a frame
06-03 09:15:15.326 10324-11377/uxpp.uc V/unknown:AnimatedDrawableCachingBackendImpl: Prefetch rendered frame 1
06-03 09:15:15.327 10324-11377/uxpp.uc V/unknown:ConstrainedExecutorService: SerialExecutor: starting worker 1 of 1
06-03 09:15:15.342 10324-10324/uxpp.uc V/unknown:AnimatedDrawable: (null) Next Frame Task
06-03 09:15:15.344 10324-10324/uxpp.uc V/unknown:AnimatedDrawable: (null) Invalidate Task
06-03 09:15:15.344 10324-10324/uxpp.uc V/unknown:AnimatedDrawable: (null) Invalidate Task
06-03 09:15:15.344 10324-10324/uxpp.uc V/unknown:AnimatedDrawable: (null) Invalidate Task
06-03 09:15:15.345 10324-10324/uxpp.uc V/unknown:AnimatedDrawable: (null) Trying again later for pending 1
06-03 09:15:15.345 10324-10324/uxpp.uc V/unknown:AnimatedDrawable: (null) Rendered last known frame 0
06-03 09:15:15.345 10324-10324/uxpp.uc V/unknown:AnimatedDrawable: (null) Trying again later for pending 0
06-03 09:15:15.345 10324-10324/uxpp.uc V/unknown:AnimatedDrawable: (null) Failed to draw a frame
06-03 09:15:15.345 10324-10324/uxpp.uc V/unknown:AnimatedDrawable: (null) Trying again later for pending 0
06-03 09:15:15.346 10324-10324/uxpp.uc V/unknown:AnimatedDrawable: (null) Failed to draw a frame
06-03 09:15:15.347 10324-11377/uxpp.uc V/unknown:AnimatedDrawableCachingBackendImpl: Creating new bitmap
06-03 09:15:15.347 10324-11377/uxpp.uc V/unknown:AnimatedDrawableCachingBackendImpl: Total bitmaps: 4
06-03 09:15:15.354 10324-11377/uxpp.uc V/unknown:AnimatedDrawableCachingBackendImpl: Prefetch rendered frame 2
06-03 09:15:15.354 10324-11377/uxpp.uc V/unknown:ConstrainedExecutorService: SerialExecutor: starting worker 1 of 1
06-03 09:15:15.362 10324-10324/uxpp.uc V/unknown:AnimatedDrawable: (null) Invalidate Task
06-03 09:15:15.363 10324-10324/uxpp.uc V/unknown:AnimatedDrawable: (null) Invalidate Task
06-03 09:15:15.363 10324-10324/uxpp.uc V/unknown:AnimatedDrawable: (null) Invalidate Task
06-03 09:15:15.364 10324-10324/uxpp.uc V/unknown:AnimatedDrawable: (null) Trying again later for pending 1
06-03 09:15:15.364 10324-10324/uxpp.uc V/unknown:AnimatedDrawable: (null) Rendered last known frame 0
06-03 09:15:15.364 10324-10324/uxpp.uc V/unknown:AnimatedDrawable: (null) Trying again later for pending 0
06-03 09:15:15.365 10324-10324/uxpp.uc V/unknown:AnimatedDrawable: (null) Failed to draw a frame
06-03 09:15:15.365 10324-10324/uxpp.uc V/unknown:AnimatedDrawable: (null) Trying again later for pending 0
06-03 09:15:15.365 10324-10324/uxpp.uc V/unknown:AnimatedDrawable: (null) Failed to draw a frame
06-03 09:15:15.374 10324-11377/uxpp.uc V/unknown:AnimatedDrawableCachingBackendImpl: Creating new bitmap
06-03 09:15:15.374 10324-11377/uxpp.uc V/unknown:AnimatedDrawableCachingBackendImpl: Total bitmaps: 5
06-03 09:15:15.382 10324-10324/uxpp.uc V/unknown:AnimatedDrawable: (null) Invalidate Task
06-03 09:15:15.382 10324-10324/uxpp.uc V/unknown:AnimatedDrawable: (null) Invalidate Task
06-03 09:15:15.382 10324-10324/uxpp.uc V/unknown:AnimatedDrawable: (null) Invalidate Task
06-03 09:15:15.383 10324-10324/uxpp.uc V/unknown:AnimatedDrawable: (null) Next Frame Task
06-03 09:15:15.383 10324-10324/uxpp.uc V/unknown:AnimatedDrawable: (null) Trying again later for pending 1
06-03 09:15:15.384 10324-10324/uxpp.uc V/unknown:AnimatedDrawable: (null) Rendered last known frame 0
06-03 09:15:15.384 10324-10324/uxpp.uc V/unknown:AnimatedDrawable: (null) Drew frame 1
06-03 09:15:15.384 10324-10324/uxpp.uc V/unknown:AnimatedDrawable: (null) Rendered current frame 1
06-03 09:15:15.384 10324-10324/uxpp.uc V/unknown:AnimatedDrawable: (null) Next frame (2) in 164 ms
06-03 09:15:15.385 10324-10324/uxpp.uc V/unknown:AnimatedDrawable: (null) Trying again later for pending 0
06-03 09:15:15.385 10324-10324/uxpp.uc V/unknown:AnimatedDrawable: (null) Failed to draw a frame
06-03 09:15:15.385 10324-10324/uxpp.uc V/unknown:AnimatedDrawable: (null) Trying again later for pending 0
06-03 09:15:15.386 10324-10324/uxpp.uc V/unknown:AnimatedDrawable: (null) Failed to draw a frame
06-03 09:15:15.387 10324-11377/uxpp.uc V/unknown:AnimatedDrawableCachingBackendImpl: Prefetch rendered frame 0
06-03 09:15:15.387 10324-11377/uxpp.uc V/unknown:ConstrainedExecutorService: SerialExecutor: starting worker 1 of 1
06-03 09:15:15.387 10324-11377/uxpp.uc V/unknown:ConstrainedExecutorService: SerialExecutor: starting worker 1 of 1
06-03 09:15:15.388 10324-11377/uxpp.uc V/unknown:ConstrainedExecutorService: SerialExecutor: starting worker 1 of 1
06-03 09:15:15.402 10324-10324/uxpp.uc V/unknown:AnimatedDrawable: (null) Invalidate Task
06-03 09:15:15.403 10324-10324/uxpp.uc V/unknown:AnimatedDrawable: (null) Invalidate Task
06-03 09:15:15.403 10324-10324/uxpp.uc V/unknown:AnimatedDrawable: (null) Invalidate Task
06-03 09:15:15.404 10324-10324/uxpp.uc V/unknown:AnimatedDrawable: (null) Trying again later for pending 1
06-03 09:15:15.404 10324-10324/uxpp.uc V/unknown:AnimatedDrawable: (null) Rendered last known frame 0
06-03 09:15:15.404 10324-10324/uxpp.uc V/unknown:AnimatedDrawable: (null) Drew frame 0
06-03 09:15:15.404 10324-10324/uxpp.uc V/unknown:AnimatedDrawable: (null) Rendered pending frame 0
06-03 09:15:15.405 10324-10324/uxpp.uc V/unknown:AnimatedDrawable: (null) Trying again later for current 1
06-03 09:15:15.405 10324-10324/uxpp.uc V/unknown:AnimatedDrawable: (null) Trying again later for pending 0
06-03 09:15:15.405 10324-10324/uxpp.uc V/unknown:AnimatedDrawable: (null) Failed to draw a frame
06-03 09:15:15.409 10324-11377/uxpp.uc V/unknown:AnimatedDrawableCachingBackendImpl: Creating new bitmap
06-03 09:15:15.410 10324-11377/uxpp.uc V/unknown:AnimatedDrawableCachingBackendImpl: Total bitmaps: 6
06-03 09:15:15.422 10324-10324/uxpp.uc V/unknown:AnimatedDrawable: (null) Invalidate Task
06-03 09:15:15.423 10324-10324/uxpp.uc V/unknown:AnimatedDrawable: (null) Invalidate Task
06-03 09:15:15.423 10324-10324/uxpp.uc V/unknown:AnimatedDrawable: (null) Invalidate Task
06-03 09:15:15.424 10324-10324/uxpp.uc V/unknown:AnimatedDrawable: (null) Trying again later for pending 1
06-03 09:15:15.424 10324-10324/uxpp.uc V/unknown:AnimatedDrawable: (null) Rendered last known frame 0
06-03 09:15:15.424 10324-10324/uxpp.uc V/unknown:AnimatedDrawable: (null) Trying again later for pending 1
06-03 09:15:15.424 10324-10324/uxpp.uc V/unknown:AnimatedDrawable: (null) Rendered last known frame 0
06-03 09:15:15.424 10324-10324/uxpp.uc V/unknown:AnimatedDrawable: (null) Trying again later for pending 0
06-03 09:15:15.424 10324-10324/uxpp.uc V/unknown:AnimatedDrawable: (null) Failed to draw a frame
06-03 09:15:15.431 10324-11377/uxpp.uc V/unknown:AnimatedDrawableCachingBackendImpl: Prefetch rendered frame 0
06-03 09:15:15.431 10324-11377/uxpp.uc V/unknown:ConstrainedExecutorService: SerialExecutor: starting worker 1 of 1
06-03 09:15:15.431 10324-11377/uxpp.uc V/unknown:ConstrainedExecutorService: SerialExecutor: starting worker 1 of 1
06-03 09:15:15.431 10324-11377/uxpp.uc V/unknown:ConstrainedExecutorService: SerialExecutor: starting worker 1 of 1
06-03 09:15:15.442 10324-10324/uxpp.uc V/unknown:AnimatedDrawable: (null) Invalidate Task
06-03 09:15:15.442 10324-10324/uxpp.uc V/unknown:AnimatedDrawable: (null) Invalidate Task
06-03 09:15:15.442 10324-10324/uxpp.uc V/unknown:AnimatedDrawable: (null) Invalidate Task
06-03 09:15:15.443 10324-10324/uxpp.uc V/unknown:AnimatedDrawable: (null) Trying again later for pending 1
06-03 09:15:15.443 10324-10324/uxpp.uc V/unknown:AnimatedDrawable: (null) Rendered last known frame 0
06-03 09:15:15.443 10324-10324/uxpp.uc V/unknown:AnimatedDrawable: (null) Trying again later for pending 1
06-03 09:15:15.443 10324-10324/uxpp.uc V/unknown:AnimatedDrawable: (null) Rendered last known frame 0
06-03 09:15:15.444 10324-10324/uxpp.uc V/unknown:AnimatedDrawable: (null) Drew frame 0
06-03 09:15:15.444 10324-10324/uxpp.uc V/unknown:AnimatedDrawable: (null) Rendered pending frame 0
06-03 09:15:15.444 10324-10324/uxpp.uc V/unknown:AnimatedDrawable: (null) Trying again later for current 2
06-03 09:15:15.452 10324-11377/uxpp.uc V/unknown:AnimatedDrawableCachingBackendImpl: Creating new bitmap
06-03 09:15:15.452 10324-11377/uxpp.uc V/unknown:AnimatedDrawableCachingBackendImpl: Total bitmaps: 7
06-03 09:15:15.462 10324-10324/uxpp.uc V/unknown:AnimatedDrawable: (null) Invalidate Task
06-03 09:15:15.462 10324-10324/uxpp.uc V/unknown:AnimatedDrawable: (null) Invalidate Task
06-03 09:15:15.462 10324-10324/uxpp.uc V/unknown:AnimatedDrawable: (null) Invalidate Task
06-03 09:15:15.463 10324-10324/uxpp.uc V/unknown:AnimatedDrawable: (null) Trying again later for pending 1
06-03 09:15:15.463 10324-10324/uxpp.uc V/unknown:AnimatedDrawable: (null) Rendered last known frame 0
06-03 09:15:15.464 10324-10324/uxpp.uc V/unknown:AnimatedDrawable: (null) Trying again later for pending 1
06-03 09:15:15.464 10324-10324/uxpp.uc V/unknown:AnimatedDrawable: (null) Rendered last known frame 0
06-03 09:15:15.464 10324-10324/uxpp.uc V/unknown:AnimatedDrawable: (null) Trying again later for pending 2
06-03 09:15:15.464 10324-10324/uxpp.uc V/unknown:AnimatedDrawable: (null) Rendered last known frame 0
06-03 09:15:15.465 10324-11377/uxpp.uc V/unknown:AnimatedDrawableCachingBackendImpl: Prefetch rendered frame 1
06-03 09:15:15.466 10324-11377/uxpp.uc V/unknown:ConstrainedExecutorService: SerialExecutor: starting worker 1 of 1
06-03 09:15:15.466 10324-11377/uxpp.uc V/unknown:ConstrainedExecutorService: SerialExecutor: starting worker 1 of 1
06-03 09:15:15.466 10324-11377/uxpp.uc V/unknown:ConstrainedExecutorService: SerialExecutor: starting worker 1 of 1
06-03 09:15:15.474 10324-11377/uxpp.uc V/unknown:AnimatedDrawableCachingBackendImpl: Prefetch rendered frame 3
06-03 09:15:15.474 10324-11377/uxpp.uc V/unknown:ConstrainedExecutorService: SerialExecutor: starting worker 1 of 1
06-03 09:15:15.482 10324-10324/uxpp.uc V/unknown:AnimatedDrawable: (null) Invalidate Task
06-03 09:15:15.483 10324-10324/uxpp.uc V/unknown:AnimatedDrawable: (null) Invalidate Task
06-03 09:15:15.483 10324-10324/uxpp.uc V/unknown:AnimatedDrawable: (null) Invalidate Task
06-03 09:15:15.484 10324-10324/uxpp.uc V/unknown:AnimatedDrawable: (null) Drew frame 1
06-03 09:15:15.484 10324-10324/uxpp.uc V/unknown:AnimatedDrawable: (null) Rendered pending frame 1
06-03 09:15:15.484 10324-10324/uxpp.uc V/unknown:AnimatedDrawable: (null) Trying again later for current 2
06-03 09:15:15.485 10324-10324/uxpp.uc V/unknown:AnimatedDrawable: (null) Trying again later for pending 1
06-03 09:15:15.485 10324-10324/uxpp.uc V/unknown:AnimatedDrawable: (null) Rendered last known frame 0
06-03 09:15:15.485 10324-10324/uxpp.uc V/unknown:AnimatedDrawable: (null) Trying again later for pending 2
06-03 09:15:15.485 10324-10324/uxpp.uc V/unknown:AnimatedDrawable: (null) Rendered last known frame 0
06-03 09:15:15.495 10324-11377/uxpp.uc V/unknown:AnimatedDrawableCachingBackendImpl: Creating new bitmap
06-03 09:15:15.496 10324-11377/uxpp.uc V/unknown:AnimatedDrawableCachingBackendImpl: Total bitmaps: 8
06-03 09:15:15.502 10324-10324/uxpp.uc V/unknown:AnimatedDrawable: (null) Invalidate Task
06-03 09:15:15.512 10324-10324/uxpp.uc V/unknown:AnimatedDrawable: (null) Invalidate Task
06-03 09:15:15.513 10324-10324/uxpp.uc V/unknown:AnimatedDrawable: (null) Invalidate Task
06-03 09:15:15.515 10324-10324/uxpp.uc V/unknown:AnimatedDrawable: (null) Trying again later for pending 2
06-03 09:15:15.515 10324-10324/uxpp.uc V/unknown:AnimatedDrawable: (null) Rendered last known frame 1
06-03 09:15:15.515 10324-10324/uxpp.uc V/unknown:AnimatedDrawable: (null) Trying again later for pending 1
06-03 09:15:15.515 10324-10324/uxpp.uc V/unknown:AnimatedDrawable: (null) Rendered last known frame 0
06-03 09:15:15.516 10324-10324/uxpp.uc V/unknown:AnimatedDrawable: (null) Trying again later for pending 2
06-03 09:15:15.516 10324-10324/uxpp.uc V/unknown:AnimatedDrawable: (null) Rendered last known frame 0
06-03 09:15:15.520 10324-11377/uxpp.uc V/unknown:AnimatedDrawableCachingBackendImpl: Prefetch rendered frame 1
06-03 09:15:15.520 10324-11377/uxpp.uc V/unknown:ConstrainedExecutorService: SerialExecutor: starting worker 1 of 1
06-03 09:15:15.521 10324-11377/uxpp.uc V/unknown:ConstrainedExecutorService: SerialExecutor: starting worker 1 of 1
06-03 09:15:15.521 10324-11377/uxpp.uc V/unknown:ConstrainedExecutorService: SerialExecutor: starting worker 1 of 1
06-03 09:15:15.521 10324-11377/uxpp.uc V/unknown:ConstrainedExecutorService: SerialExecutor: starting worker 1 of 1
06-03 09:15:15.522 10324-10324/uxpp.uc V/unknown:AnimatedDrawable: (null) Invalidate Task
06-03 09:15:15.524 10324-10324/uxpp.uc V/unknown:AnimatedDrawable: (null) Invalidate Task
06-03 09:15:15.524 10324-10324/uxpp.uc V/unknown:AnimatedDrawable: (null) Invalidate Task
06-03 09:15:15.525 10324-10324/uxpp.uc V/unknown:AnimatedDrawable: (null) Trying again later for pending 2
06-03 09:15:15.525 10324-10324/uxpp.uc V/unknown:AnimatedDrawable: (null) Rendered last known frame 1
06-03 09:15:15.527 10324-10324/uxpp.uc V/unknown:AnimatedDrawable: (null) Drew frame 1
06-03 09:15:15.527 10324-10324/uxpp.uc V/unknown:AnimatedDrawable: (null) Rendered pending frame 1
06-03 09:15:15.528 10324-10324/uxpp.uc V/unknown:AnimatedDrawable: (null) Trying again later for current 2
06-03 09:15:15.529 10324-10324/uxpp.uc V/unknown:AnimatedDrawable: (null) Trying again later for pending 2
06-03 09:15:15.529 10324-10324/uxpp.uc V/unknown:AnimatedDrawable: (null) Rendered last known frame 0
06-03 09:15:15.544 10324-10324/uxpp.uc V/unknown:AnimatedDrawable: (null) Invalidate Task
06-03 09:15:15.544 10324-10324/uxpp.uc V/unknown:AnimatedDrawable: (null) Invalidate Task
06-03 09:15:15.545 10324-10324/uxpp.uc V/unknown:AnimatedDrawable: (null) Invalidate Task
06-03 09:15:15.545 10324-10324/uxpp.uc V/unknown:AnimatedDrawable: (null) Next Frame Task
06-03 09:15:15.545 10324-10324/uxpp.uc V/unknown:AnimatedDrawable: (null) Next frame (2) in 4 ms
06-03 09:15:15.545 10324-10324/uxpp.uc V/unknown:AnimatedDrawable: (null) Trying again later for pending 2
06-03 09:15:15.546 10324-10324/uxpp.uc V/unknown:AnimatedDrawable: (null) Rendered last known frame 1
06-03 09:15:15.546 10324-10324/uxpp.uc V/unknown:AnimatedDrawable: (null) Trying again later for pending 2
06-03 09:15:15.546 10324-10324/uxpp.uc V/unknown:AnimatedDrawable: (null) Rendered last known frame 1
06-03 09:15:15.546 10324-10324/uxpp.uc V/unknown:AnimatedDrawable: (null) Trying again later for pending 2
06-03 09:15:15.546 10324-10324/uxpp.uc V/unknown:AnimatedDrawable: (null) Rendered last known frame 0
06-03 09:15:15.553 10324-11377/uxpp.uc V/unknown:AnimatedDrawableCachingBackendImpl: Creating new bitmap
06-03 09:15:15.553 10324-11377/uxpp.uc V/unknown:AnimatedDrawableCachingBackendImpl: Total bitmaps: 9
06-03 09:15:15.563 10324-10324/uxpp.uc V/unknown:AnimatedDrawable: (null) Next Frame Task
06-03 09:15:15.563 10324-10324/uxpp.uc V/unknown:AnimatedDrawable: (null) Invalidate Task
06-03 09:15:15.563 10324-10324/uxpp.uc V/unknown:AnimatedDrawable: (null) Invalidate Task
06-03 09:15:15.563 10324-10324/uxpp.uc V/unknown:AnimatedDrawable: (null) Invalidate Task
06-03 09:15:15.564 10324-10324/uxpp.uc V/unknown:AnimatedDrawable: (null) Trying again later for pending 2
06-03 09:15:15.564 10324-10324/uxpp.uc V/unknown:AnimatedDrawable: (null) Rendered last known frame 1
06-03 09:15:15.564 10324-11377/uxpp.uc V/unknown:AnimatedDrawableCachingBackendImpl: Prefetch rendered frame 2
06-03 09:15:15.564 10324-11377/uxpp.uc V/unknown:ConstrainedExecutorService: SerialExecutor: starting worker 1 of 1
06-03 09:15:15.564 10324-10324/uxpp.uc V/unknown:AnimatedDrawable: (null) Drew frame 2
06-03 09:15:15.564 10324-10324/uxpp.uc V/unknown:AnimatedDrawable: (null) Rendered current frame 2
06-03 09:15:15.564 10324-10324/uxpp.uc V/unknown:AnimatedDrawable: (null) Next frame (3) in 154 ms
06-03 09:15:15.564 10324-11377/uxpp.uc V/unknown:ConstrainedExecutorService: SerialExecutor: starting worker 1 of 1
06-03 09:15:15.565 10324-11377/uxpp.uc V/unknown:ConstrainedExecutorService: SerialExecutor: starting worker 1 of 1
06-03 09:15:15.565 10324-10324/uxpp.uc V/unknown:AnimatedDrawable: (null) Trying again later for pending 2
06-03 09:15:15.565 10324-10324/uxpp.uc V/unknown:AnimatedDrawable: (null) Rendered last known frame 1
06-03 09:15:15.565 10324-10324/uxpp.uc V/unknown:AnimatedDrawable: (null) Dropped 1 frames
06-03 09:15:15.565 10324-10324/uxpp.uc V/unknown:AnimatedDrawable: (null) Drew frame 2
06-03 09:15:15.565 10324-10324/uxpp.uc V/unknown:AnimatedDrawable: (null) Rendered pending frame 2
06-03 09:15:15.566 10324-10324/uxpp.uc V/unknown:AnimatedDrawable: (null) Trying again later for current 3
06-03 09:15:15.581 10324-10324/uxpp.uc V/unknown:AnimatedDrawable: (null) Invalidate Task
06-03 09:15:15.582 10324-10324/uxpp.uc V/unknown:AnimatedDrawable: (null) Invalidate Task
06-03 09:15:15.582 10324-10324/uxpp.uc V/unknown:AnimatedDrawable: (null) Invalidate Task
06-03 09:15:15.584 10324-10324/uxpp.uc V/unknown:AnimatedDrawable: (null) Trying again later for pending 2
06-03 09:15:15.584 10324-10324/uxpp.uc V/unknown:AnimatedDrawable: (null) Rendered last known frame 1
06-03 09:15:15.584 10324-10324/uxpp.uc V/unknown:AnimatedDrawable: (null) Trying again later for pending 2
06-03 09:15:15.584 10324-10324/uxpp.uc V/unknown:AnimatedDrawable: (null) Rendered last known frame 1
06-03 09:15:15.585 10324-10324/uxpp.uc V/unknown:AnimatedDrawable: (null) Trying again later for pending 3
06-03 09:15:15.585 10324-10324/uxpp.uc V/unknown:AnimatedDrawable: (null) Rendered last known frame 2
06-03 09:15:15.585 10324-11377/uxpp.uc V/unknown:AnimatedDrawableCachingBackendImpl: Creating new bitmap
06-03 09:15:15.585 10324-11377/uxpp.uc V/unknown:AnimatedDrawableCachingBackendImpl: Total bitmaps: 10
06-03 09:15:15.595 10324-11377/uxpp.uc V/unknown:AnimatedDrawableCachingBackendImpl: Prefetch rendered frame 2
06-03 09:15:15.597 10324-11377/uxpp.uc V/unknown:ConstrainedExecutorService: SerialExecutor: starting worker 1 of 1
06-03 09:15:15.597 10324-11377/uxpp.uc V/unknown:ConstrainedExecutorService: SerialExecutor: starting worker 1 of 1
06-03 09:15:15.597 10324-11377/uxpp.uc V/unknown:ConstrainedExecutorService: SerialExecutor: starting worker 1 of 1
06-03 09:15:15.602 10324-10324/uxpp.uc V/unknown:AnimatedDrawable: (null) Invalidate Task
06-03 09:15:15.603 10324-10324/uxpp.uc V/unknown:AnimatedDrawable: (null) Invalidate Task
06-03 09:15:15.603 10324-10324/uxpp.uc V/unknown:AnimatedDrawable: (null) Invalidate Task
06-03 09:15:15.604 10324-10324/uxpp.uc V/unknown:AnimatedDrawable: (null) Drew frame 2
06-03 09:15:15.604 10324-10324/uxpp.uc V/unknown:AnimatedDrawable: (null) Rendered pending frame 2
06-03 09:15:15.605 10324-10324/uxpp.uc V/unknown:AnimatedDrawable: (null) Trying again later for current 3
06-03 09:15:15.605 10324-10324/uxpp.uc V/unknown:AnimatedDrawable: (null) Trying again later for pending 2
06-03 09:15:15.605 10324-10324/uxpp.uc V/unknown:AnimatedDrawable: (null) Rendered last known frame 1
06-03 09:15:15.605 10324-10324/uxpp.uc V/unknown:AnimatedDrawable: (null) Trying again later for pending 3
06-03 09:15:15.606 10324-10324/uxpp.uc V/unknown:AnimatedDrawable: (null) Rendered last known frame 2
06-03 09:15:15.617 10324-11377/uxpp.uc V/unknown:AnimatedDrawableCachingBackendImpl: Creating new bitmap
06-03 09:15:15.618 10324-11377/uxpp.uc V/unknown:AnimatedDrawableCachingBackendImpl: Total bitmaps: 11
06-03 09:15:15.622 10324-10324/uxpp.uc V/unknown:AnimatedDrawable: (null) Invalidate Task
06-03 09:15:15.622 10324-10324/uxpp.uc V/unknown:AnimatedDrawable: (null) Invalidate Task
06-03 09:15:15.622 10324-10324/uxpp.uc V/unknown:AnimatedDrawable: (null) Invalidate Task
06-03 09:15:15.623 10324-10324/uxpp.uc V/unknown:AnimatedDrawable: (null) Trying again later for pending 3
06-03 09:15:15.623 10324-10324/uxpp.uc V/unknown:AnimatedDrawable: (null) Rendered last known frame 2
06-03 09:15:15.623 10324-10324/uxpp.uc V/unknown:AnimatedDrawable: (null) Trying again later for pending 2
06-03 09:15:15.623 10324-10324/uxpp.uc V/unknown:AnimatedDrawable: (null) Rendered last known frame 1
06-03 09:15:15.623 10324-10324/uxpp.uc V/unknown:AnimatedDrawable: (null) Trying again later for pending 3
06-03 09:15:15.623 10324-10324/uxpp.uc V/unknown:AnimatedDrawable: (null) Rendered last known frame 2
06-03 09:15:15.628 10324-11377/uxpp.uc V/unknown:AnimatedDrawableCachingBackendImpl: Prefetch rendered frame 2
06-03 09:15:15.628 10324-11377/uxpp.uc V/unknown:ConstrainedExecutorService: SerialExecutor: starting worker 1 of 1
06-03 09:15:15.628 10324-11377/uxpp.uc V/unknown:ConstrainedExecutorService: SerialExecutor: starting worker 1 of 1
06-03 09:15:15.629 10324-11377/uxpp.uc V/unknown:ConstrainedExecutorService: SerialExecutor: starting worker 1 of 1
06-03 09:15:15.635 10324-11377/uxpp.uc V/unknown:AnimatedDrawableCachingBackendImpl: Prefetch rendered frame 4
06-03 09:15:15.636 10324-11377/uxpp.uc V/unknown:ConstrainedExecutorService: SerialExecutor: starting worker 1 of 1
06-03 09:15:15.641 10324-10324/uxpp.uc V/unknown:AnimatedDrawable: (null) Invalidate Task
06-03 09:15:15.642 10324-10324/uxpp.uc V/unknown:AnimatedDrawable: (null) Invalidate Task
06-03 09:15:15.642 10324-10324/uxpp.uc V/unknown:AnimatedDrawable: (null) Invalidate Task
06-03 09:15:15.642 10324-10324/uxpp.uc V/unknown:AnimatedDrawable: (null) Trying again later for pending 3
06-03 09:15:15.642 10324-10324/uxpp.uc V/unknown:AnimatedDrawable: (null) Rendered last known frame 2
06-03 09:15:15.643 10324-10324/uxpp.uc V/unknown:AnimatedDrawable: (null) Drew frame 2
06-03 09:15:15.643 10324-10324/uxpp.uc V/unknown:AnimatedDrawable: (null) Rendered pending frame 2
06-03 09:15:15.643 10324-10324/uxpp.uc V/unknown:AnimatedDrawable: (null) Trying again later for current 3
06-03 09:15:15.643 10324-10324/uxpp.uc V/unknown:AnimatedDrawable: (null) Trying again later for pending 3
06-03 09:15:15.643 10324-10324/uxpp.uc V/unknown:AnimatedDrawable: (null) Rendered last known frame 2
06-03 09:15:15.656 10324-11379/uxpp.uc V/unknown:AnimatedDrawableCachingBackendImpl: Creating new bitmap
06-03 09:15:15.656 10324-11379/uxpp.uc V/unknown:AnimatedDrawableCachingBackendImpl: Total bitmaps: 12
06-03 09:15:15.662 10324-10324/uxpp.uc V/unknown:AnimatedDrawable: (null) Invalidate Task
06-03 09:15:15.662 10324-10324/uxpp.uc V/unknown:AnimatedDrawable: (null) Invalidate Task
06-03 09:15:15.662 10324-10324/uxpp.uc V/unknown:AnimatedDrawable: (null) Invalidate Task
06-03 09:15:15.663 10324-10324/uxpp.uc V/unknown:AnimatedDrawable: (null) Trying again later for pending 3
06-03 09:15:15.663 10324-10324/uxpp.uc V/unknown:AnimatedDrawable: (null) Rendered last known frame 2
06-03 09:15:15.663 10324-10324/uxpp.uc V/unknown:AnimatedDrawable: (null) Trying again later for pending 3
06-03 09:15:15.663 10324-10324/uxpp.uc V/unknown:AnimatedDrawable: (null) Rendered last known frame 2
06-03 09:15:15.663 10324-10324/uxpp.uc V/unknown:AnimatedDrawable: (null) Trying again later for pending 3
06-03 09:15:15.663 10324-10324/uxpp.uc V/unknown:AnimatedDrawable: (null) Rendered last known frame 2
06-03 09:15:15.667 10324-11379/uxpp.uc V/unknown:AnimatedDrawableCachingBackendImpl: Prefetch rendered frame 3
06-03 09:15:15.667 10324-11379/uxpp.uc V/unknown:ConstrainedExecutorService: SerialExecutor: starting worker 1 of 1
