06-03 09:16:02.733 10324-10324/uxpp.uc V/unknown:AnimatedDrawableCachingBackendImpl: Total bitmaps: 0
06-03 09:16:02.734 10324-10324/uxpp.uc V/unknown:AbstractDraweeController: controller 31ecb133 7: release: image: CloseableReference 55302b6
06-03 09:16:02.735 10324-10324/uxpp.uc V/unknown:AbstractDraweeController: controller 31ecb133 7 -> 11: initialize
06-03 09:16:02.735 10324-10324/uxpp.uc V/unknown:AbstractDraweeController: controller 31ecb133 11: setHierarchy: null
06-03 09:16:02.735 10324-10324/uxpp.uc V/unknown:AbstractDraweeController: controller 31ecb133 11: setHierarchy: com.facebook.drawee.generic.GenericDraweeHierarchy@20abfd08
06-03 09:16:02.736 10324-10324/uxpp.uc V/unknown:AbstractDraweeController: controller 31ecb133 11: onAttach: request needs submit
06-03 09:16:02.736 10324-10324/uxpp.uc V/unknown:PipelineDraweeController: controller 31ecb133: getDataSource
06-03 09:16:02.736 10324-10324/uxpp.uc V/unknown:RequestLoggingListener: time 677464: onRequestSubmit: {requestId: 11, callerContext: null, isPrefetch: false}
06-03 09:16:02.737 10324-10324/uxpp.uc V/unknown:RequestLoggingListener: time 677464: onProducerStart: {requestId: 11, producer: BitmapMemoryCacheGetProducer}
06-03 09:16:02.737 10324-10324/uxpp.uc V/unknown:RequestLoggingListener: time 677464: onProducerFinishWithSuccess: {requestId: 11, producer: BitmapMemoryCacheGetProducer, elapsedTime: 0 ms, extraMap: {cached_value_found=false}}
06-03 09:16:02.737 10324-10324/uxpp.uc V/unknown:RequestLoggingListener: time 677464: onProducerStart: {requestId: 11, producer: BackgroundThreadHandoffProducer}
06-03 09:16:02.737 10324-11371/uxpp.uc V/unknown:RequestLoggingListener: time 677465: onProducerFinishWithSuccess: {requestId: 11, producer: BackgroundThreadHandoffProducer, elapsedTime: 1 ms, extraMap: null}
06-03 09:16:02.737 10324-11371/uxpp.uc V/unknown:RequestLoggingListener: time 677465: onProducerStart: {requestId: 11, producer: BitmapMemoryCacheProducer}
06-03 09:16:02.737 10324-11371/uxpp.uc V/unknown:RequestLoggingListener: time 677465: onProducerFinishWithSuccess: {requestId: 11, producer: BitmapMemoryCacheProducer, elapsedTime: 0 ms, extraMap: {cached_value_found=false}}
06-03 09:16:02.737 10324-10324/uxpp.uc V/unknown:AbstractDraweeController: controller 31ecb133 11: submitRequest: dataSource: c835ca1
06-03 09:16:02.737 10324-11371/uxpp.uc V/unknown:RequestLoggingListener: time 677465: onProducerStart: {requestId: 11, producer: EncodedMemoryCacheProducer}
06-03 09:16:02.738 10324-11371/uxpp.uc V/unknown:RequestLoggingListener: time 677465: onProducerFinishWithSuccess: {requestId: 11, producer: EncodedMemoryCacheProducer, elapsedTime: 0 ms, extraMap: {cached_value_found=true}}
06-03 09:16:02.743 10324-11377/uxpp.uc V/unknown:RequestLoggingListener: time 677470: onProducerStart: {requestId: 11, producer: DecodeProducer}
06-03 09:16:02.743 10324-11378/uxpp.uc V/unknown:RequestLoggingListener: time 677471: onProducerStart: {requestId: 8, producer: DecodeProducer}
06-03 09:16:02.744 10324-11379/uxpp.uc V/unknown:RequestLoggingListener: time 677471: onProducerFinishWithSuccess: {requestId: 10, producer: DecodeProducer, elapsedTime: 25 ms, extraMap: {hasGoodQuality=true, queueTime=0, imageType=DEFAULT, isFinal=true}}
06-03 09:16:02.745 10324-11379/uxpp.uc V/unknown:RequestLoggingListener: time 677472: onRequestSuccess: {requestId: 10, elapsedTime: 32 ms}
06-03 09:16:02.758 10324-10324/uxpp.uc V/unknown:AbstractDraweeController: controller 22e656f2 9: set_final_result @ onNewResult: image: CloseableReference 3905b325
06-03 09:16:02.759 10324-10324/uxpp.uc V/unknown:AnimatedDrawableCachingBackendImpl: Total bitmaps: 0
06-03 09:16:02.760 10324-11378/uxpp.uc V/unknown:RequestLoggingListener: time 677487: onProducerFinishWithSuccess: {requestId: 8, producer: DecodeProducer, elapsedTime: 16 ms, extraMap: {hasGoodQuality=true, queueTime=22, imageType=DEFAULT, isFinal=true}}
06-03 09:16:02.760 10324-11377/uxpp.uc V/unknown:RequestLoggingListener: time 677488: onProducerFinishWithSuccess: {requestId: 11, producer: DecodeProducer, elapsedTime: 18 ms, extraMap: {hasGoodQuality=true, queueTime=4, imageType=DEFAULT, isFinal=true}}
06-03 09:16:02.761 10324-11377/uxpp.uc V/unknown:RequestLoggingListener: time 677488: onRequestSuccess: {requestId: 11, elapsedTime: 24 ms}
06-03 09:16:02.762 10324-11378/uxpp.uc V/unknown:RequestLoggingListener: time 677490: onRequestSuccess: {requestId: 8, elapsedTime: 85 ms}
06-03 09:16:02.763 10324-10324/uxpp.uc V/unknown:AbstractDraweeController: controller a7945bb 10: set_final_result @ onNewResult: image: CloseableReference 1fadaec6
06-03 09:16:02.764 10324-10324/uxpp.uc V/unknown:AnimatedDrawableCachingBackendImpl: Total bitmaps: 0
06-03 09:16:02.780 10324-10324/uxpp.uc V/unknown:AnimatedDrawableCachingBackendImpl: Total bitmaps: 0
06-03 09:16:02.780 10324-10324/uxpp.uc V/unknown:ConstrainedExecutorService: SerialExecutor: starting worker 1 of 1
06-03 09:16:02.781 10324-10324/uxpp.uc V/unknown:AnimatedDrawable: (null) Trying again later for current 0
06-03 09:16:02.781 10324-10324/uxpp.uc V/unknown:AnimatedDrawable: (null) Failed to draw a frame
06-03 09:16:02.781 10324-10324/uxpp.uc V/unknown:AnimatedDrawableCachingBackendImpl: Total bitmaps: 0
06-03 09:16:02.782 10324-10324/uxpp.uc V/unknown:AnimatedDrawable: (null) Trying again later for current 0
06-03 09:16:02.782 10324-10324/uxpp.uc V/unknown:AnimatedDrawable: (null) Failed to draw a frame
06-03 09:16:02.787 10324-10324/uxpp.uc V/unknown:AbstractDraweeController: controller 1d5b878e 8: set_final_result @ onNewResult: image: CloseableReference 1b57ee87
06-03 09:16:02.787 10324-10324/uxpp.uc V/unknown:AnimatedDrawableCachingBackendImpl: Total bitmaps: 0
06-03 09:16:02.791 10324-10324/uxpp.uc V/unknown:AbstractDraweeController: controller 31ecb133 11: set_final_result @ onNewResult: image: CloseableReference 3287e1b4
06-03 09:16:02.791 10324-10324/uxpp.uc V/unknown:AnimatedDrawableCachingBackendImpl: Total bitmaps: 0
06-03 09:16:02.798 10324-10324/uxpp.uc V/unknown:AnimatedDrawable: (null) Invalidate Task
06-03 09:16:02.798 10324-10324/uxpp.uc V/unknown:AnimatedDrawable: (null) Invalidate Task
06-03 09:16:02.800 10324-10324/uxpp.uc V/unknown:AnimatedDrawableCachingBackendImpl: Total bitmaps: 0
06-03 09:16:02.800 10324-10324/uxpp.uc V/unknown:AnimatedDrawable: (null) Trying again later for current 0
06-03 09:16:02.800 10324-10324/uxpp.uc V/unknown:AnimatedDrawable: (null) Failed to draw a frame
06-03 09:16:02.801 10324-10324/uxpp.uc V/unknown:AnimatedDrawable: (null) Trying again later for pending 0
06-03 09:16:02.801 10324-10324/uxpp.uc V/unknown:AnimatedDrawable: (null) Failed to draw a frame
06-03 09:16:02.801 10324-10324/uxpp.uc V/unknown:AnimatedDrawable: (null) Trying again later for pending 0
06-03 09:16:02.801 10324-10324/uxpp.uc V/unknown:AnimatedDrawable: (null) Failed to draw a frame
06-03 09:16:02.801 10324-11375/uxpp.uc V/unknown:AnimatedDrawableCachingBackendImpl: Creating new bitmap
06-03 09:16:02.802 10324-11375/uxpp.uc V/unknown:AnimatedDrawableCachingBackendImpl: Total bitmaps: 1
06-03 09:16:02.802 10324-10324/uxpp.uc V/unknown:AnimatedDrawableCachingBackendImpl: Total bitmaps: 1
06-03 09:16:02.802 10324-10324/uxpp.uc V/unknown:AnimatedDrawable: (null) Trying again later for current 0
06-03 09:16:02.802 10324-10324/uxpp.uc V/unknown:AnimatedDrawable: (null) Failed to draw a frame
06-03 09:16:02.817 10324-11375/uxpp.uc V/unknown:AnimatedDrawableCachingBackendImpl: Prefetch rendered frame 0
06-03 09:16:02.817 10324-11375/uxpp.uc V/unknown:ConstrainedExecutorService: SerialExecutor: starting worker 1 of 1
06-03 09:16:02.817 10324-11375/uxpp.uc V/unknown:ConstrainedExecutorService: SerialExecutor: starting worker 1 of 1
06-03 09:16:02.822 10324-11375/uxpp.uc V/unknown:ConstrainedExecutorService: SerialExecutor: starting worker 1 of 1
06-03 09:16:02.822 10324-10324/uxpp.uc V/unknown:AnimatedDrawable: (null) Invalidate Task
06-03 09:16:02.823 10324-10324/uxpp.uc V/unknown:AnimatedDrawable: (null) Invalidate Task
06-03 09:16:02.823 10324-10324/uxpp.uc V/unknown:AnimatedDrawable: (null) Invalidate Task
06-03 09:16:02.823 10324-10324/uxpp.uc V/unknown:AnimatedDrawable: (null) Invalidate Task
06-03 09:16:02.824 10324-10324/uxpp.uc V/unknown:AnimatedDrawable: (null) Trying again later for pending 0
06-03 09:16:02.824 10324-10324/uxpp.uc V/unknown:AnimatedDrawable: (null) Failed to draw a frame
06-03 09:16:02.825 10324-10324/uxpp.uc V/unknown:AnimatedDrawable: (null) Drew frame 0
06-03 09:16:02.825 10324-10324/uxpp.uc V/unknown:AnimatedDrawable: (null) Rendered pending frame 0
06-03 09:16:02.825 10324-10324/uxpp.uc V/unknown:AnimatedDrawable: (null) Drew frame 0
06-03 09:16:02.825 10324-10324/uxpp.uc V/unknown:AnimatedDrawable: (null) Rendered current frame 0
06-03 09:16:02.826 10324-10324/uxpp.uc V/unknown:AnimatedDrawable: (null) Trying again later for pending 0
06-03 09:16:02.826 10324-10324/uxpp.uc V/unknown:AnimatedDrawable: (null) Failed to draw a frame
06-03 09:16:02.826 10324-10324/uxpp.uc V/unknown:AnimatedDrawable: (null) Trying again later for pending 0
06-03 09:16:02.826 10324-10324/uxpp.uc V/unknown:AnimatedDrawable: (null) Failed to draw a frame
06-03 09:16:02.838 10324-10324/uxpp.uc V/unknown:AnimatedDrawable: (null) Invalidate Task
06-03 09:16:02.839 10324-10324/uxpp.uc V/unknown:AnimatedDrawable: (null) Invalidate Task
06-03 09:16:02.839 10324-10324/uxpp.uc V/unknown:AnimatedDrawable: (null) Invalidate Task
06-03 09:16:02.839 10324-10324/uxpp.uc V/unknown:AnimatedDrawable: (null) Trying again later for pending 0
06-03 09:16:02.840 10324-10324/uxpp.uc V/unknown:AnimatedDrawable: (null) Failed to draw a frame
06-03 09:16:02.840 10324-10324/uxpp.uc V/unknown:AnimatedDrawable: (null) Trying again later for pending 0
06-03 09:16:02.840 10324-10324/uxpp.uc V/unknown:AnimatedDrawable: (null) Failed to draw a frame
06-03 09:16:02.841 10324-10324/uxpp.uc V/unknown:AnimatedDrawable: (null) Trying again later for pending 0
06-03 09:16:02.841 10324-10324/uxpp.uc V/unknown:AnimatedDrawable: (null) Failed to draw a frame
06-03 09:16:02.845 10324-11375/uxpp.uc V/unknown:AnimatedDrawableCachingBackendImpl: Creating new bitmap
06-03 09:16:02.845 10324-11375/uxpp.uc V/unknown:AnimatedDrawableCachingBackendImpl: Total bitmaps: 2
06-03 09:16:02.858 10324-11375/uxpp.uc V/unknown:AnimatedDrawableCachingBackendImpl: Prefetch rendered frame 0
06-03 09:16:02.858 10324-11375/uxpp.uc V/unknown:ConstrainedExecutorService: SerialExecutor: starting worker 1 of 1
06-03 09:16:02.859 10324-10324/uxpp.uc V/unknown:AnimatedDrawable: (null) Invalidate Task
06-03 09:16:02.859 10324-10324/uxpp.uc V/unknown:AnimatedDrawable: (null) Invalidate Task
06-03 09:16:02.859 10324-10324/uxpp.uc V/unknown:AnimatedDrawable: (null) Invalidate Task
06-03 09:16:02.859 10324-11375/uxpp.uc V/unknown:ConstrainedExecutorService: SerialExecutor: starting worker 1 of 1
06-03 09:16:02.859 10324-11375/uxpp.uc V/unknown:ConstrainedExecutorService: SerialExecutor: starting worker 1 of 1
06-03 09:16:02.860 10324-10324/uxpp.uc V/unknown:AnimatedDrawable: (null) Trying again later for pending 0
06-03 09:16:02.860 10324-10324/uxpp.uc V/unknown:AnimatedDrawable: (null) Failed to draw a frame
06-03 09:16:02.860 10324-10324/uxpp.uc V/unknown:AnimatedDrawable: (null) Drew frame 0
06-03 09:16:02.860 10324-10324/uxpp.uc V/unknown:AnimatedDrawable: (null) Rendered pending frame 0
06-03 09:16:02.860 10324-10324/uxpp.uc V/unknown:AnimatedDrawable: (null) Drew frame 0
06-03 09:16:02.860 10324-10324/uxpp.uc V/unknown:AnimatedDrawable: (null) Rendered current frame 0
06-03 09:16:02.861 10324-10324/uxpp.uc V/unknown:AnimatedDrawable: (null) Trying again later for pending 0
06-03 09:16:02.861 10324-10324/uxpp.uc V/unknown:AnimatedDrawable: (null) Failed to draw a frame
06-03 09:16:02.878 10324-10324/uxpp.uc V/unknown:AnimatedDrawable: (null) Invalidate Task
06-03 09:16:02.878 10324-10324/uxpp.uc V/unknown:AnimatedDrawable: (null) Invalidate Task
06-03 09:16:02.879 10324-10324/uxpp.uc V/unknown:AnimatedDrawable: (null) Next Frame Task
06-03 09:16:02.879 10324-10324/uxpp.uc V/unknown:AnimatedDrawable: (null) Trying again later for pending 0
06-03 09:16:02.879 10324-10324/uxpp.uc V/unknown:AnimatedDrawable: (null) Failed to draw a frame
06-03 09:16:02.880 10324-10324/uxpp.uc V/unknown:AnimatedDrawable: (null) Trying again later for current 1
06-03 09:16:02.880 10324-11375/uxpp.uc V/unknown:AnimatedDrawableCachingBackendImpl: Creating new bitmap
06-03 09:16:02.880 10324-11375/uxpp.uc V/unknown:AnimatedDrawableCachingBackendImpl: Total bitmaps: 3
06-03 09:16:02.880 10324-10324/uxpp.uc V/unknown:AnimatedDrawable: (null) Rendered last known frame 0
06-03 09:16:02.880 10324-10324/uxpp.uc V/unknown:AnimatedDrawable: (null) Trying again later for pending 0
06-03 09:16:02.880 10324-10324/uxpp.uc V/unknown:AnimatedDrawable: (null) Failed to draw a frame
06-03 09:16:02.889 10324-11375/uxpp.uc V/unknown:AnimatedDrawableCachingBackendImpl: Prefetch rendered frame 0
06-03 09:16:02.889 10324-11375/uxpp.uc V/unknown:ConstrainedExecutorService: SerialExecutor: starting worker 1 of 1
06-03 09:16:02.898 10324-10324/uxpp.uc V/unknown:AnimatedDrawable: (null) Invalidate Task
06-03 09:16:02.898 10324-10324/uxpp.uc V/unknown:AnimatedDrawable: (null) Invalidate Task
06-03 09:16:02.899 10324-10324/uxpp.uc V/unknown:AnimatedDrawable: (null) Invalidate Task
06-03 09:16:02.899 10324-10324/uxpp.uc V/unknown:AnimatedDrawable: (null) Next Frame Task
06-03 09:16:02.899 10324-10324/uxpp.uc V/unknown:AnimatedDrawable: (null) Next Frame Task
06-03 09:16:02.900 10324-10324/uxpp.uc V/unknown:AnimatedDrawable: (null) Drew frame 0
06-03 09:16:02.900 10324-10324/uxpp.uc V/unknown:AnimatedDrawable: (null) Rendered pending frame 0
06-03 09:16:02.900 10324-10324/uxpp.uc V/unknown:AnimatedDrawable: (null) Drew frame 0
06-03 09:16:02.900 10324-10324/uxpp.uc V/unknown:AnimatedDrawable: (null) Rendered current frame 0
06-03 09:16:02.900 10324-10324/uxpp.uc V/unknown:AnimatedDrawable: (null) Trying again later for current 1
06-03 09:16:02.901 10324-10324/uxpp.uc V/unknown:AnimatedDrawable: (null) Rendered last known frame 0
06-03 09:16:02.901 10324-10324/uxpp.uc V/unknown:AnimatedDrawable: (null) Trying again later for pending 1
06-03 09:16:02.901 10324-10324/uxpp.uc V/unknown:AnimatedDrawable: (null) Rendered last known frame 0
06-03 09:16:02.901 10324-10324/uxpp.uc V/unknown:AnimatedDrawable: (null) Trying again later for pending 0
06-03 09:16:02.901 10324-10324/uxpp.uc V/unknown:AnimatedDrawable: (null) Failed to draw a frame
06-03 09:16:02.947 10324-11375/uxpp.uc V/unknown:AnimatedDrawableCachingBackendImpl: Creating new bitmap
06-03 09:16:02.947 10324-10324/uxpp.uc V/unknown:AnimatedDrawable: (null) Invalidate Task
06-03 09:16:02.947 10324-11375/uxpp.uc V/unknown:AnimatedDrawableCachingBackendImpl: Total bitmaps: 4
06-03 09:16:02.947 10324-10324/uxpp.uc V/unknown:AnimatedDrawable: (null) Invalidate Task
06-03 09:16:02.948 10324-10324/uxpp.uc V/unknown:AnimatedDrawable: (null) Invalidate Task
06-03 09:16:02.953 10324-10324/uxpp.uc V/unknown:AnimatedDrawable: (null) Trying again later for pending 1
06-03 09:16:02.953 10324-10324/uxpp.uc V/unknown:AnimatedDrawable: (null) Rendered last known frame 0
06-03 09:16:02.953 10324-10324/uxpp.uc V/unknown:AnimatedDrawable: (null) Trying again later for pending 1
06-03 09:16:02.953 10324-10324/uxpp.uc V/unknown:AnimatedDrawable: (null) Rendered last known frame 0
06-03 09:16:02.954 10324-10324/uxpp.uc V/unknown:AnimatedDrawable: (null) Trying again later for pending 0
06-03 09:16:02.954 10324-10324/uxpp.uc V/unknown:AnimatedDrawable: (null) Failed to draw a frame
06-03 09:16:02.958 10324-10324/uxpp.uc V/unknown:AnimatedDrawable: (null) Invalidate Task
06-03 09:16:02.959 10324-10324/uxpp.uc V/unknown:AnimatedDrawable: (null) Invalidate Task
06-03 09:16:02.959 10324-10324/uxpp.uc V/unknown:AnimatedDrawable: (null) Invalidate Task
06-03 09:16:02.959 10324-10324/uxpp.uc V/unknown:AnimatedDrawable: (null) Next Frame Task
06-03 09:16:02.959 10324-10324/uxpp.uc V/unknown:AnimatedDrawable: (null) Next frame (1) in 9 ms
06-03 09:16:02.960 10324-10324/uxpp.uc V/unknown:AnimatedDrawable: (null) Trying again later for pending 1
06-03 09:16:02.960 10324-10324/uxpp.uc V/unknown:AnimatedDrawable: (null) Rendered last known frame 0
06-03 09:16:02.960 10324-10324/uxpp.uc V/unknown:AnimatedDrawable: (null) Trying again later for pending 1
06-03 09:16:02.960 10324-10324/uxpp.uc V/unknown:AnimatedDrawable: (null) Rendered last known frame 0
06-03 09:16:02.961 10324-10324/uxpp.uc V/unknown:AnimatedDrawable: (null) Trying again later for pending 0
06-03 09:16:02.961 10324-10324/uxpp.uc V/unknown:AnimatedDrawable: (null) Failed to draw a frame
06-03 09:16:02.971 10324-11375/uxpp.uc V/unknown:AnimatedDrawableCachingBackendImpl: Prefetch rendered frame 1
06-03 09:16:02.972 10324-11375/uxpp.uc V/unknown:ConstrainedExecutorService: SerialExecutor: starting worker 1 of 1
06-03 09:16:02.978 10324-10324/uxpp.uc V/unknown:AnimatedDrawable: (null) Next Frame Task
06-03 09:16:02.979 10324-10324/uxpp.uc V/unknown:AnimatedDrawable: (null) Invalidate Task
06-03 09:16:02.979 10324-10324/uxpp.uc V/unknown:AnimatedDrawable: (null) Invalidate Task
06-03 09:16:02.979 10324-10324/uxpp.uc V/unknown:AnimatedDrawable: (null) Invalidate Task
06-03 09:16:02.980 10324-10324/uxpp.uc V/unknown:AnimatedDrawable: (null) Drew frame 1
06-03 09:16:02.980 10324-10324/uxpp.uc V/unknown:AnimatedDrawable: (null) Rendered current frame 1
06-03 09:16:02.980 10324-10324/uxpp.uc V/unknown:AnimatedDrawable: (null) Next frame (2) in 158 ms
06-03 09:16:02.980 10324-10324/uxpp.uc V/unknown:AnimatedDrawable: (null) Trying again later for pending 1
06-03 09:16:02.981 10324-10324/uxpp.uc V/unknown:AnimatedDrawable: (null) Rendered last known frame 0
06-03 09:16:02.981 10324-10324/uxpp.uc V/unknown:AnimatedDrawable: (null) Trying again later for pending 1
06-03 09:16:02.981 10324-10324/uxpp.uc V/unknown:AnimatedDrawable: (null) Rendered last known frame 0
06-03 09:16:02.981 10324-10324/uxpp.uc V/unknown:AnimatedDrawable: (null) Trying again later for pending 0
06-03 09:16:02.981 10324-10324/uxpp.uc V/unknown:AnimatedDrawable: (null) Failed to draw a frame
06-03 09:16:02.998 10324-10324/uxpp.uc V/unknown:AnimatedDrawable: (null) Invalidate Task
06-03 09:16:02.999 10324-10324/uxpp.uc V/unknown:AnimatedDrawable: (null) Invalidate Task
06-03 09:16:02.999 10324-10324/uxpp.uc V/unknown:AnimatedDrawable: (null) Invalidate Task
06-03 09:16:02.999 10324-10324/uxpp.uc V/unknown:AnimatedDrawable: (null) Trying again later for pending 1
06-03 09:16:03.000 10324-10324/uxpp.uc V/unknown:AnimatedDrawable: (null) Rendered last known frame 0
06-03 09:16:03.000 10324-10324/uxpp.uc V/unknown:AnimatedDrawable: (null) Trying again later for pending 1
06-03 09:16:03.000 10324-10324/uxpp.uc V/unknown:AnimatedDrawable: (null) Rendered last known frame 0
06-03 09:16:03.000 10324-10324/uxpp.uc V/unknown:AnimatedDrawable: (null) Trying again later for pending 0
06-03 09:16:03.000 10324-10324/uxpp.uc V/unknown:AnimatedDrawable: (null) Failed to draw a frame
06-03 09:16:03.007 10324-11375/uxpp.uc V/unknown:AnimatedDrawableCachingBackendImpl: Prefetch rendered frame 2
06-03 09:16:03.008 10324-11375/uxpp.uc V/unknown:ConstrainedExecutorService: SerialExecutor: starting worker 1 of 1
06-03 09:16:03.018 10324-10324/uxpp.uc V/unknown:AnimatedDrawable: (null) Invalidate Task
06-03 09:16:03.019 10324-10324/uxpp.uc V/unknown:AnimatedDrawable: (null) Invalidate Task
06-03 09:16:03.019 10324-10324/uxpp.uc V/unknown:AnimatedDrawable: (null) Invalidate Task
06-03 09:16:03.019 10324-10324/uxpp.uc V/unknown:AnimatedDrawable: (null) Trying again later for pending 1
06-03 09:16:03.020 10324-10324/uxpp.uc V/unknown:AnimatedDrawable: (null) Rendered last known frame 0
06-03 09:16:03.020 10324-10324/uxpp.uc V/unknown:AnimatedDrawable: (null) Trying again later for pending 1
06-03 09:16:03.020 10324-10324/uxpp.uc V/unknown:AnimatedDrawable: (null) Rendered last known frame 0
06-03 09:16:03.020 10324-10324/uxpp.uc V/unknown:AnimatedDrawable: (null) Trying again later for pending 0
06-03 09:16:03.020 10324-10324/uxpp.uc V/unknown:AnimatedDrawable: (null) Failed to draw a frame
06-03 09:16:03.028 10324-11378/uxpp.uc V/unknown:AnimatedDrawableCachingBackendImpl: Creating new bitmap
06-03 09:16:03.028 10324-11378/uxpp.uc V/unknown:AnimatedDrawableCachingBackendImpl: Total bitmaps: 5
06-03 09:16:03.037 10324-11378/uxpp.uc V/unknown:AnimatedDrawableCachingBackendImpl: Prefetch rendered frame 0
06-03 09:16:03.038 10324-11378/uxpp.uc V/unknown:ConstrainedExecutorService: SerialExecutor: starting worker 1 of 1
06-03 09:16:03.039 10324-10324/uxpp.uc V/unknown:AnimatedDrawable: (null) Invalidate Task
06-03 09:16:03.040 10324-10324/uxpp.uc V/unknown:AnimatedDrawable: (null) Invalidate Task
06-03 09:16:03.040 10324-10324/uxpp.uc V/unknown:AnimatedDrawable: (null) Invalidate Task
06-03 09:16:03.042 10324-10324/uxpp.uc V/unknown:AnimatedDrawable: (null) Trying again later for pending 1
06-03 09:16:03.042 10324-10324/uxpp.uc V/unknown:AnimatedDrawable: (null) Rendered last known frame 0
06-03 09:16:03.043 10324-10324/uxpp.uc V/unknown:AnimatedDrawable: (null) Trying again later for pending 1
06-03 09:16:03.043 10324-10324/uxpp.uc V/unknown:AnimatedDrawable: (null) Rendered last known frame 0
06-03 09:16:03.044 10324-10324/uxpp.uc V/unknown:AnimatedDrawable: (null) Drew frame 0
06-03 09:16:03.044 10324-10324/uxpp.uc V/unknown:AnimatedDrawable: (null) Rendered pending frame 0
06-03 09:16:03.044 10324-10324/uxpp.uc V/unknown:AnimatedDrawable: (null) Trying again later for current 2
06-03 09:16:03.058 10324-11378/uxpp.uc V/unknown:AnimatedDrawableCachingBackendImpl: Creating new bitmap
06-03 09:16:03.058 10324-10324/uxpp.uc V/unknown:AnimatedDrawable: (null) Invalidate Task
06-03 09:16:03.058 10324-11378/uxpp.uc V/unknown:AnimatedDrawableCachingBackendImpl: Total bitmaps: 6
06-03 09:16:03.059 10324-10324/uxpp.uc V/unknown:AnimatedDrawable: (null) Invalidate Task
06-03 09:16:03.059 10324-10324/uxpp.uc V/unknown:AnimatedDrawable: (null) Invalidate Task
06-03 09:16:03.059 10324-10324/uxpp.uc V/unknown:AnimatedDrawable: (null) Trying again later for pending 1
06-03 09:16:03.060 10324-10324/uxpp.uc V/unknown:AnimatedDrawable: (null) Rendered last known frame 0
06-03 09:16:03.061 10324-10324/uxpp.uc V/unknown:AnimatedDrawable: (null) Trying again later for pending 1
06-03 09:16:03.061 10324-10324/uxpp.uc V/unknown:AnimatedDrawable: (null) Rendered last known frame 0
06-03 09:16:03.062 10324-10324/uxpp.uc V/unknown:AnimatedDrawable: (null) Trying again later for pending 2
06-03 09:16:03.062 10324-10324/uxpp.uc V/unknown:AnimatedDrawable: (null) Rendered last known frame 0
06-03 09:16:03.073 10324-11378/uxpp.uc V/unknown:AnimatedDrawableCachingBackendImpl: Prefetch rendered frame 1
06-03 09:16:03.074 10324-11378/uxpp.uc V/unknown:ConstrainedExecutorService: SerialExecutor: starting worker 1 of 1
06-03 09:16:03.078 10324-10324/uxpp.uc V/unknown:AnimatedDrawable: (null) Invalidate Task
06-03 09:16:03.079 10324-10324/uxpp.uc V/unknown:AnimatedDrawable: (null) Invalidate Task
06-03 09:16:03.079 10324-10324/uxpp.uc V/unknown:AnimatedDrawable: (null) Invalidate Task
06-03 09:16:03.080 10324-10324/uxpp.uc V/unknown:AnimatedDrawable: (null) Trying again later for pending 1
06-03 09:16:03.080 10324-10324/uxpp.uc V/unknown:AnimatedDrawable: (null) Rendered last known frame 0
06-03 09:16:03.080 10324-10324/uxpp.uc V/unknown:AnimatedDrawable: (null) Trying again later for pending 1
06-03 09:16:03.080 10324-10324/uxpp.uc V/unknown:AnimatedDrawable: (null) Rendered last known frame 0
06-03 09:16:03.081 10324-10324/uxpp.uc V/unknown:AnimatedDrawable: (null) Trying again later for pending 2
06-03 09:16:03.081 10324-10324/uxpp.uc V/unknown:AnimatedDrawable: (null) Rendered last known frame 0
06-03 09:16:03.085 10324-11378/uxpp.uc V/unknown:AnimatedDrawableCachingBackendImpl: Prefetch rendered frame 2
06-03 09:16:03.086 10324-11378/uxpp.uc V/unknown:ConstrainedExecutorService: SerialExecutor: starting worker 1 of 1
06-03 09:16:03.098 10324-10324/uxpp.uc V/unknown:AnimatedDrawable: (null) Invalidate Task
06-03 09:16:03.099 10324-10324/uxpp.uc V/unknown:AnimatedDrawable: (null) Invalidate Task
06-03 09:16:03.099 10324-10324/uxpp.uc V/unknown:AnimatedDrawable: (null) Invalidate Task
06-03 09:16:03.100 10324-10324/uxpp.uc V/unknown:AnimatedDrawable: (null) Trying again later for pending 1
06-03 09:16:03.100 10324-10324/uxpp.uc V/unknown:AnimatedDrawable: (null) Rendered last known frame 0
06-03 09:16:03.100 10324-10324/uxpp.uc V/unknown:AnimatedDrawable: (null) Trying again later for pending 1
06-03 09:16:03.100 10324-10324/uxpp.uc V/unknown:AnimatedDrawable: (null) Rendered last known frame 0
06-03 09:16:03.101 10324-10324/uxpp.uc V/unknown:AnimatedDrawable: (null) Dropped 1 frames
06-03 09:16:03.101 10324-10324/uxpp.uc V/unknown:AnimatedDrawable: (null) Drew frame 2
06-03 09:16:03.101 10324-10324/uxpp.uc V/unknown:AnimatedDrawable: (null) Rendered pending frame 2
06-03 09:16:03.101 10324-10324/uxpp.uc V/unknown:AnimatedDrawable: (null) Trying again later for current 3
06-03 09:16:03.106 10324-11378/uxpp.uc V/unknown:AnimatedDrawableCachingBackendImpl: Creating new bitmap
06-03 09:16:03.106 10324-11378/uxpp.uc V/unknown:AnimatedDrawableCachingBackendImpl: Total bitmaps: 7
06-03 09:16:03.115 10324-11378/uxpp.uc V/unknown:AnimatedDrawableCachingBackendImpl: Prefetch rendered frame 1
06-03 09:16:03.115 10324-11378/uxpp.uc V/unknown:ConstrainedExecutorService: SerialExecutor: starting worker 1 of 1
06-03 09:16:03.116 10324-11378/uxpp.uc V/unknown:ConstrainedExecutorService: SerialExecutor: starting worker 1 of 1
06-03 09:16:03.118 10324-10324/uxpp.uc V/unknown:AnimatedDrawable: (null) Invalidate Task
06-03 09:16:03.119 10324-10324/uxpp.uc V/unknown:AnimatedDrawable: (null) Invalidate Task
06-03 09:16:03.119 10324-10324/uxpp.uc V/unknown:AnimatedDrawable: (null) Invalidate Task
06-03 09:16:03.120 10324-10324/uxpp.uc V/unknown:AnimatedDrawable: (null) Drew frame 1
06-03 09:16:03.120 10324-10324/uxpp.uc V/unknown:AnimatedDrawable: (null) Rendered pending frame 1
06-03 09:16:03.120 10324-10324/uxpp.uc V/unknown:AnimatedDrawable: (null) Trying again later for current 2
06-03 09:16:03.120 10324-10324/uxpp.uc V/unknown:AnimatedDrawable: (null) Trying again later for pending 1
06-03 09:16:03.120 10324-10324/uxpp.uc V/unknown:AnimatedDrawable: (null) Rendered last known frame 0
06-03 09:16:03.121 10324-10324/uxpp.uc V/unknown:AnimatedDrawable: (null) Trying again later for pending 3
06-03 09:16:03.121 10324-10324/uxpp.uc V/unknown:AnimatedDrawable: (null) Rendered last known frame 2
06-03 09:16:03.136 10324-11378/uxpp.uc V/unknown:AnimatedDrawableCachingBackendImpl: Creating new bitmap
06-03 09:16:03.136 10324-11378/uxpp.uc V/unknown:AnimatedDrawableCachingBackendImpl: Total bitmaps: 8
06-03 09:16:03.139 10324-10324/uxpp.uc V/unknown:AnimatedDrawable: (null) Invalidate Task
06-03 09:16:03.139 10324-10324/uxpp.uc V/unknown:AnimatedDrawable: (null) Invalidate Task
06-03 09:16:03.139 10324-10324/uxpp.uc V/unknown:AnimatedDrawable: (null) Invalidate Task
06-03 09:16:03.140 10324-10324/uxpp.uc V/unknown:AnimatedDrawable: (null) Next Frame Task
06-03 09:16:03.140 10324-10324/uxpp.uc V/unknown:AnimatedDrawable: (null) Drew frame 2
06-03 09:16:03.140 10324-10324/uxpp.uc V/unknown:AnimatedDrawable: (null) Rendered current frame 2
06-03 09:16:03.141 10324-10324/uxpp.uc V/unknown:AnimatedDrawable: (null) Next frame (3) in 168 ms
06-03 09:16:03.141 10324-10324/uxpp.uc V/unknown:AnimatedDrawable: (null) Trying again later for pending 2
06-03 09:16:03.141 10324-10324/uxpp.uc V/unknown:AnimatedDrawable: (null) Rendered last known frame 1
06-03 09:16:03.141 10324-10324/uxpp.uc V/unknown:AnimatedDrawable: (null) Trying again later for pending 1
06-03 09:16:03.141 10324-10324/uxpp.uc V/unknown:AnimatedDrawable: (null) Rendered last known frame 0
06-03 09:16:03.142 10324-10324/uxpp.uc V/unknown:AnimatedDrawable: (null) Trying again later for pending 3
06-03 09:16:03.142 10324-10324/uxpp.uc V/unknown:AnimatedDrawable: (null) Rendered last known frame 2
06-03 09:16:03.156 10324-11378/uxpp.uc V/unknown:AnimatedDrawableCachingBackendImpl: Prefetch rendered frame 1
06-03 09:16:03.156 10324-11378/uxpp.uc V/unknown:ConstrainedExecutorService: SerialExecutor: starting worker 1 of 1
06-03 09:16:03.157 10324-11378/uxpp.uc V/unknown:ConstrainedExecutorService: SerialExecutor: starting worker 1 of 1
06-03 09:16:03.157 10324-11378/uxpp.uc V/unknown:ConstrainedExecutorService: SerialExecutor: starting worker 1 of 1
06-03 09:16:03.157 10324-11378/uxpp.uc V/unknown:ConstrainedExecutorService: SerialExecutor: starting worker 1 of 1
06-03 09:16:03.159 10324-10324/uxpp.uc V/unknown:AnimatedDrawable: (null) Invalidate Task
06-03 09:16:03.159 10324-10324/uxpp.uc V/unknown:AnimatedDrawable: (null) Invalidate Task
06-03 09:16:03.160 10324-10324/uxpp.uc V/unknown:AnimatedDrawable: (null) Invalidate Task
06-03 09:16:03.161 10324-10324/uxpp.uc V/unknown:AnimatedDrawable: (null) Trying again later for pending 2
06-03 09:16:03.161 10324-10324/uxpp.uc V/unknown:AnimatedDrawable: (null) Rendered last known frame 1
06-03 09:16:03.162 10324-10324/uxpp.uc V/unknown:AnimatedDrawable: (null) Drew frame 1
06-03 09:16:03.162 10324-10324/uxpp.uc V/unknown:AnimatedDrawable: (null) Rendered pending frame 1
06-03 09:16:03.163 10324-10324/uxpp.uc V/unknown:AnimatedDrawable: (null) Trying again later for current 3
06-03 09:16:03.163 10324-10324/uxpp.uc V/unknown:AnimatedDrawable: (null) Trying again later for pending 3
06-03 09:16:03.164 10324-10324/uxpp.uc V/unknown:AnimatedDrawable: (null) Rendered last known frame 2
06-03 09:16:03.167 10324-11378/uxpp.uc V/unknown:AnimatedDrawableCachingBackendImpl: Prefetch rendered frame 3
06-03 09:16:03.167 10324-11378/uxpp.uc V/unknown:ConstrainedExecutorService: SerialExecutor: starting worker 1 of 1
06-03 09:16:03.176 10324-11378/uxpp.uc V/unknown:AnimatedDrawableCachingBackendImpl: Prefetch rendered frame 3
06-03 09:16:03.176 10324-11378/uxpp.uc V/unknown:ConstrainedExecutorService: SerialExecutor: starting worker 1 of 1
06-03 09:16:03.179 10324-10324/uxpp.uc V/unknown:AnimatedDrawable: (null) Invalidate Task
06-03 09:16:03.179 10324-10324/uxpp.uc V/unknown:AnimatedDrawable: (null) Invalidate Task
06-03 09:16:03.180 10324-10324/uxpp.uc V/unknown:AnimatedDrawable: (null) Invalidate Task
06-03 09:16:03.180 10324-10324/uxpp.uc V/unknown:AnimatedDrawable: (null) Trying again later for pending 2
06-03 09:16:03.180 10324-10324/uxpp.uc V/unknown:AnimatedDrawable: (null) Rendered last known frame 1
06-03 09:16:03.181 10324-10324/uxpp.uc V/unknown:AnimatedDrawable: (null) Trying again later for pending 3
06-03 09:16:03.181 10324-10324/uxpp.uc V/unknown:AnimatedDrawable: (null) Rendered last known frame 1
06-03 09:16:03.182 10324-10324/uxpp.uc V/unknown:AnimatedDrawable: (null) Drew frame 3
06-03 09:16:03.182 10324-10324/uxpp.uc V/unknown:AnimatedDrawable: (null) Rendered pending frame 3
06-03 09:16:03.183 10324-10324/uxpp.uc V/unknown:AnimatedDrawable: (null) Drew frame 3
06-03 09:16:03.183 10324-10324/uxpp.uc V/unknown:AnimatedDrawable: (null) Rendered current frame 3
06-03 09:16:03.183 10324-10324/uxpp.uc V/unknown:AnimatedDrawable: (null) Next frame (4) in 16 ms
06-03 09:16:03.199 10324-10324/uxpp.uc V/unknown:AnimatedDrawable: (null) Invalidate Task
06-03 09:16:03.199 10324-10324/uxpp.uc V/unknown:AnimatedDrawable: (null) Invalidate Task
06-03 09:16:03.199 10324-10324/uxpp.uc V/unknown:AnimatedDrawable: (null) Next Frame Task
06-03 09:16:03.200 10324-10324/uxpp.uc V/unknown:AnimatedDrawable: (null) Trying again later for pending 2
06-03 09:16:03.201 10324-10324/uxpp.uc V/unknown:AnimatedDrawable: (null) Rendered last known frame 1
06-03 09:16:03.201 10324-10324/uxpp.uc V/unknown:AnimatedDrawable: (null) Trying again later for pending 3
06-03 09:16:03.201 10324-10324/uxpp.uc V/unknown:AnimatedDrawable: (null) Rendered last known frame 1
06-03 09:16:03.202 10324-10324/uxpp.uc V/unknown:AnimatedDrawable: (null) Trying again later for current 4
06-03 09:16:03.202 10324-10324/uxpp.uc V/unknown:AnimatedDrawable: (null) Rendered last known frame 3
06-03 09:16:03.209 10324-11378/uxpp.uc V/unknown:AnimatedDrawableCachingBackendImpl: Prefetch rendered frame 4
06-03 09:16:03.210 10324-11378/uxpp.uc V/unknown:ConstrainedExecutorService: SerialExecutor: starting worker 1 of 1
06-03 09:16:03.218 10324-10324/uxpp.uc V/unknown:AnimatedDrawable: (null) Invalidate Task
06-03 09:16:03.219 10324-10324/uxpp.uc V/unknown:AnimatedDrawable: (null) Invalidate Task
06-03 09:16:03.219 10324-10324/uxpp.uc V/unknown:AnimatedDrawable: (null) Invalidate Task
06-03 09:16:03.219 10324-10324/uxpp.uc V/unknown:AnimatedDrawable: (null) Trying again later for pending 2
06-03 09:16:03.220 10324-10324/uxpp.uc V/unknown:AnimatedDrawable: (null) Rendered last known frame 1
06-03 09:16:03.220 10324-10324/uxpp.uc V/unknown:AnimatedDrawable: (null) Trying again later for pending 3
06-03 09:16:03.220 10324-10324/uxpp.uc V/unknown:AnimatedDrawable: (null) Rendered last known frame 1
06-03 09:16:03.221 10324-10324/uxpp.uc V/unknown:AnimatedDrawable: (null) Drew frame 4
06-03 09:16:03.221 10324-10324/uxpp.uc V/unknown:AnimatedDrawable: (null) Rendered pending frame 4
06-03 09:16:03.221 10324-10324/uxpp.uc V/unknown:AnimatedDrawable: (null) Drew frame 4
06-03 09:16:03.221 10324-10324/uxpp.uc V/unknown:AnimatedDrawable: (null) Rendered current frame 4
06-03 09:16:03.221 10324-10324/uxpp.uc V/unknown:AnimatedDrawable: (null) Next frame (5) in 77 ms
06-03 09:16:03.233 10324-10324/uxpp.uc V/unknown:AnimatedDrawable: (null) Watchdog Task
06-03 09:16:03.237 10324-11378/uxpp.uc V/unknown:AnimatedDrawableCachingBackendImpl: Prefetch rendered frame 5
06-03 09:16:03.237 10324-11378/uxpp.uc V/unknown:ConstrainedExecutorService: SerialExecutor: starting worker 1 of 1
06-03 09:16:03.238 10324-10324/uxpp.uc V/unknown:AnimatedDrawable: (null) Invalidate Task
06-03 09:16:03.240 10324-10324/uxpp.uc V/unknown:AnimatedDrawable: (null) Invalidate Task
06-03 09:16:03.241 10324-10324/uxpp.uc V/unknown:AnimatedDrawable: (null) Trying again later for pending 2
06-03 09:16:03.241 10324-10324/uxpp.uc V/unknown:AnimatedDrawable: (null) Rendered last known frame 1
06-03 09:16:03.241 10324-10324/uxpp.uc V/unknown:AnimatedDrawable: (null) Trying again later for pending 3
06-03 09:16:03.242 10324-10324/uxpp.uc V/unknown:AnimatedDrawable: (null) Rendered last known frame 1
06-03 09:16:03.243 10324-10324/uxpp.uc V/unknown:AnimatedDrawable: (null) Watchdog Task
06-03 09:16:03.243 10324-10324/uxpp.uc V/unknown:AnimatedDrawable: (null) Watchdog Task
06-03 09:16:03.243 10324-10324/uxpp.uc V/unknown:AnimatedDrawable: (null) Watchdog Task
06-03 09:16:03.258 10324-11378/uxpp.uc V/unknown:AnimatedDrawableCachingBackendImpl: Creating new bitmap
06-03 09:16:03.258 10324-11378/uxpp.uc V/unknown:AnimatedDrawableCachingBackendImpl: Total bitmaps: 9
06-03 09:16:03.259 10324-10324/uxpp.uc V/unknown:AnimatedDrawable: (null) Invalidate Task
06-03 09:16:03.261 10324-10324/uxpp.uc V/unknown:AnimatedDrawable: (null) Invalidate Task
06-03 09:16:03.262 10324-10324/uxpp.uc V/unknown:AnimatedDrawable: (null) Trying again later for pending 2
06-03 09:16:03.262 10324-10324/uxpp.uc V/unknown:AnimatedDrawable: (null) Rendered last known frame 1
06-03 09:16:03.262 10324-10324/uxpp.uc V/unknown:AnimatedDrawable: (null) Trying again later for pending 3
06-03 09:16:03.262 10324-10324/uxpp.uc V/unknown:AnimatedDrawable: (null) Rendered last known frame 1
06-03 09:16:03.269 10324-11378/uxpp.uc V/unknown:AnimatedDrawableCachingBackendImpl: Prefetch rendered frame 2
06-03 09:16:03.270 10324-11378/uxpp.uc V/unknown:ConstrainedExecutorService: SerialExecutor: starting worker 1 of 1
06-03 09:16:03.270 10324-11378/uxpp.uc V/unknown:ConstrainedExecutorService: SerialExecutor: starting worker 1 of 1
06-03 09:16:03.278 10324-10324/uxpp.uc V/unknown:AnimatedDrawable: (null) Invalidate Task
06-03 09:16:03.279 10324-10324/uxpp.uc V/unknown:AnimatedDrawable: (null) Invalidate Task
06-03 09:16:03.280 10324-10324/uxpp.uc V/unknown:AnimatedDrawable: (null) Drew frame 2
06-03 09:16:03.280 10324-10324/uxpp.uc V/unknown:AnimatedDrawable: (null) Rendered pending frame 2
06-03 09:16:03.280 10324-10324/uxpp.uc V/unknown:AnimatedDrawable: (null) Trying again later for current 4
06-03 09:16:03.281 10324-10324/uxpp.uc V/unknown:AnimatedDrawable: (null) Trying again later for pending 3
06-03 09:16:03.281 10324-10324/uxpp.uc V/unknown:AnimatedDrawable: (null) Rendered last known frame 1
06-03 09:16:03.290 10324-11378/uxpp.uc V/unknown:AnimatedDrawableCachingBackendImpl: Creating new bitmap
06-03 09:16:03.290 10324-11378/uxpp.uc V/unknown:AnimatedDrawableCachingBackendImpl: Total bitmaps: 10
06-03 09:16:03.298 10324-10324/uxpp.uc V/unknown:AnimatedDrawable: (null) Invalidate Task
06-03 09:16:03.299 10324-10324/uxpp.uc V/unknown:AnimatedDrawable: (null) Invalidate Task
06-03 09:16:03.299 10324-10324/uxpp.uc V/unknown:AnimatedDrawable: (null) Next Frame Task
06-03 09:16:03.299 10324-10324/uxpp.uc V/unknown:AnimatedDrawable: (null) Next Frame Task
06-03 09:16:03.299 10324-10324/uxpp.uc V/unknown:AnimatedDrawable: (null) Next frame (3) in 9 ms
06-03 09:16:03.300 10324-10324/uxpp.uc V/unknown:AnimatedDrawable: (null) Trying again later for pending 4
06-03 09:16:03.300 10324-10324/uxpp.uc V/unknown:AnimatedDrawable: (null) Rendered last known frame 2
06-03 09:16:03.301 10324-10324/uxpp.uc V/unknown:AnimatedDrawable: (null) Trying again later for pending 3
06-03 09:16:03.301 10324-10324/uxpp.uc V/unknown:AnimatedDrawable: (null) Rendered last known frame 1
06-03 09:16:03.301 10324-10324/uxpp.uc V/unknown:AnimatedDrawable: (null) Drew frame 5
06-03 09:16:03.301 10324-10324/uxpp.uc V/unknown:AnimatedDrawable: (null) Rendered current frame 5
06-03 09:16:03.301 10324-10324/uxpp.uc V/unknown:AnimatedDrawable: (null) Next frame (6) in 97 ms
06-03 09:16:03.306 10324-11378/uxpp.uc V/unknown:AnimatedDrawableCachingBackendImpl: Prefetch rendered frame 4
06-03 09:16:03.307 10324-11378/uxpp.uc V/unknown:ConstrainedExecutorService: SerialExecutor: starting worker 1 of 1
06-03 09:16:03.307 10324-11378/uxpp.uc V/unknown:ConstrainedExecutorService: SerialExecutor: starting worker 1 of 1
06-03 09:16:03.307 10324-11378/uxpp.uc V/unknown:ConstrainedExecutorService: SerialExecutor: starting worker 1 of 1
06-03 09:16:03.318 10324-10324/uxpp.uc V/unknown:AnimatedDrawable: (null) Next Frame Task
06-03 09:16:03.319 10324-10324/uxpp.uc V/unknown:AnimatedDrawable: (null) Invalidate Task
06-03 09:16:03.319 10324-10324/uxpp.uc V/unknown:AnimatedDrawable: (null) Invalidate Task
06-03 09:16:03.320 10324-10324/uxpp.uc V/unknown:AnimatedDrawable: (null) Drew frame 3
06-03 09:16:03.320 10324-10324/uxpp.uc V/unknown:AnimatedDrawable: (null) Rendered current frame 3
06-03 09:16:03.320 10324-10324/uxpp.uc V/unknown:AnimatedDrawable: (null) Next frame (4) in 158 ms
06-03 09:16:03.321 10324-10324/uxpp.uc V/unknown:AnimatedDrawable: (null) Trying again later for pending 4
06-03 09:16:03.321 10324-10324/uxpp.uc V/unknown:AnimatedDrawable: (null) Rendered last known frame 2
06-03 09:16:03.321 10324-10324/uxpp.uc V/unknown:AnimatedDrawable: (null) Trying again later for pending 3
06-03 09:16:03.322 10324-10324/uxpp.uc V/unknown:AnimatedDrawable: (null) Rendered last known frame 1
06-03 09:16:03.328 10324-11378/uxpp.uc V/unknown:AnimatedDrawableCachingBackendImpl: Creating new bitmap
06-03 09:16:03.328 10324-11378/uxpp.uc V/unknown:AnimatedDrawableCachingBackendImpl: Total bitmaps: 11
06-03 09:16:03.338 10324-10324/uxpp.uc V/unknown:AnimatedDrawable: (null) Invalidate Task
06-03 09:16:03.339 10324-10324/uxpp.uc V/unknown:AnimatedDrawable: (null) Invalidate Task
06-03 09:16:03.340 10324-10324/uxpp.uc V/unknown:AnimatedDrawable: (null) Trying again later for pending 4
06-03 09:16:03.340 10324-10324/uxpp.uc V/unknown:AnimatedDrawable: (null) Rendered last known frame 2
06-03 09:16:03.341 10324-10324/uxpp.uc V/unknown:AnimatedDrawable: (null) Trying again later for pending 3
06-03 09:16:03.341 10324-10324/uxpp.uc V/unknown:AnimatedDrawable: (null) Rendered last known frame 1
06-03 09:16:03.343 10324-11378/uxpp.uc V/unknown:AnimatedDrawableCachingBackendImpl: Prefetch rendered frame 3
06-03 09:16:03.343 10324-11378/uxpp.uc V/unknown:ConstrainedExecutorService: SerialExecutor: starting worker 1 of 1
06-03 09:16:03.343 10324-11378/uxpp.uc V/unknown:ConstrainedExecutorService: SerialExecutor: starting worker 1 of 1
06-03 09:16:03.344 10324-11378/uxpp.uc V/unknown:ConstrainedExecutorService: SerialExecutor: starting worker 1 of 1
06-03 09:16:03.354 10324-11378/uxpp.uc V/unknown:AnimatedDrawableCachingBackendImpl: Prefetch rendered frame 6
06-03 09:16:03.354 10324-11378/uxpp.uc V/unknown:ConstrainedExecutorService: SerialExecutor: starting worker 1 of 1
06-03 09:16:03.358 10324-10324/uxpp.uc V/unknown:AnimatedDrawable: (null) Invalidate Task
06-03 09:16:03.358 10324-10324/uxpp.uc V/unknown:AnimatedDrawable: (null) Invalidate Task
06-03 09:16:03.360 10324-10324/uxpp.uc V/unknown:AnimatedDrawable: (null) Trying again later for pending 4
06-03 09:16:03.360 10324-10324/uxpp.uc V/unknown:AnimatedDrawable: (null) Rendered last known frame 2
06-03 09:16:03.361 10324-10324/uxpp.uc V/unknown:AnimatedDrawable: (null) Dropped 1 frames
06-03 09:16:03.361 10324-10324/uxpp.uc V/unknown:AnimatedDrawable: (null) Drew frame 3
06-03 09:16:03.361 10324-10324/uxpp.uc V/unknown:AnimatedDrawable: (null) Rendered pending frame 3
06-03 09:16:03.361 10324-10324/uxpp.uc V/unknown:AnimatedDrawable: (null) Trying again later for current 5
06-03 09:16:03.378 10324-11378/uxpp.uc V/unknown:AnimatedDrawableCachingBackendImpl: Creating new bitmap
06-03 09:16:03.380 10324-11378/uxpp.uc V/unknown:AnimatedDrawableCachingBackendImpl: Total bitmaps: 12
06-03 09:16:03.381 10324-10324/uxpp.uc V/unknown:AnimatedDrawable: (null) Invalidate Task
06-03 09:16:03.381 10324-10324/uxpp.uc V/unknown:AnimatedDrawable: (null) Invalidate Task
06-03 09:16:03.382 10324-10324/uxpp.uc V/unknown:AnimatedDrawable: (null) Trying again later for pending 4
06-03 09:16:03.382 10324-10324/uxpp.uc V/unknown:AnimatedDrawable: (null) Rendered last known frame 2
06-03 09:16:03.382 10324-10324/uxpp.uc V/unknown:AnimatedDrawable: (null) Trying again later for pending 5
06-03 09:16:03.383 10324-10324/uxpp.uc V/unknown:AnimatedDrawable: (null) Rendered last known frame 3
06-03 09:16:03.396 10324-11378/uxpp.uc V/unknown:AnimatedDrawableCachingBackendImpl: Prefetch rendered frame 4
06-03 09:16:03.396 10324-11378/uxpp.uc V/unknown:ConstrainedExecutorService: SerialExecutor: starting worker 1 of 1
06-03 09:16:03.397 10324-11378/uxpp.uc V/unknown:ConstrainedExecutorService: SerialExecutor: starting worker 1 of 1
06-03 09:16:03.397 10324-11378/uxpp.uc V/unknown:ConstrainedExecutorService: SerialExecutor: starting worker 1 of 1
06-03 09:16:03.400 10324-10324/uxpp.uc V/unknown:AnimatedDrawable: (null) Invalidate Task
06-03 09:16:03.401 10324-10324/uxpp.uc V/unknown:AnimatedDrawable: (null) Invalidate Task
06-03 09:16:03.401 10324-10324/uxpp.uc V/unknown:AnimatedDrawable: (null) Next Frame Task
06-03 09:16:03.402 10324-10324/uxpp.uc V/unknown:AnimatedDrawable: (null) Dropped 1 frames
06-03 09:16:03.402 10324-10324/uxpp.uc V/unknown:AnimatedDrawable: (null) Drew frame 4
06-03 09:16:03.402 10324-10324/uxpp.uc V/unknown:AnimatedDrawable: (null) Rendered pending frame 4
06-03 09:16:03.402 10324-10324/uxpp.uc V/unknown:AnimatedDrawable: (null) Trying again later for current 5
06-03 09:16:03.403 10324-10324/uxpp.uc V/unknown:AnimatedDrawable: (null) Trying again later for pending 5
06-03 09:16:03.403 10324-10324/uxpp.uc V/unknown:AnimatedDrawable: (null) Rendered last known frame 3
06-03 09:16:03.403 10324-10324/uxpp.uc V/unknown:AnimatedDrawable: (null) Drew frame 6
06-03 09:16:03.403 10324-10324/uxpp.uc V/unknown:AnimatedDrawable: (null) Rendered current frame 6
06-03 09:16:03.404 10324-10324/uxpp.uc V/unknown:AnimatedDrawable: (null) Next frame (7) in 95 ms
06-03 09:16:03.420 10324-10324/uxpp.uc V/unknown:AnimatedDrawable: (null) Invalidate Task
06-03 09:16:03.421 10324-10324/uxpp.uc V/unknown:AnimatedDrawable: (null) Invalidate Task
06-03 09:16:03.421 10324-10324/uxpp.uc V/unknown:AnimatedDrawable: (null) Trying again later for pending 5
06-03 09:16:03.422 10324-10324/uxpp.uc V/unknown:AnimatedDrawable: (null) Rendered last known frame 4
06-03 09:16:03.422 10324-10324/uxpp.uc V/unknown:AnimatedDrawable: (null) Trying again later for pending 5
06-03 09:16:03.422 10324-10324/uxpp.uc V/unknown:AnimatedDrawable: (null) Rendered last known frame 3
06-03 09:16:03.431 10324-11378/uxpp.uc V/unknown:AnimatedDrawableCachingBackendImpl: Prefetch rendered frame 7
06-03 09:16:03.431 10324-11378/uxpp.uc V/unknown:ConstrainedExecutorService: SerialExecutor: starting worker 1 of 1
06-03 09:16:03.438 10324-10324/uxpp.uc V/unknown:AnimatedDrawable: (null) Invalidate Task
06-03 09:16:03.439 10324-10324/uxpp.uc V/unknown:AnimatedDrawable: (null) Invalidate Task
06-03 09:16:03.439 10324-10324/uxpp.uc V/unknown:AnimatedDrawable: (null) Trying again later for pending 5
06-03 09:16:03.439 10324-10324/uxpp.uc V/unknown:AnimatedDrawable: (null) Rendered last known frame 4
06-03 09:16:03.440 10324-10324/uxpp.uc V/unknown:AnimatedDrawable: (null) Trying again later for pending 5
06-03 09:16:03.440 10324-10324/uxpp.uc V/unknown:AnimatedDrawable: (null) Rendered last known frame 3
06-03 09:16:03.445 10324-11378/uxpp.uc V/unknown:AnimatedDrawableCachingBackendImpl: Prefetch rendered frame 5
06-03 09:16:03.446 10324-11378/uxpp.uc V/unknown:ConstrainedExecutorService: SerialExecutor: starting worker 1 of 1
06-03 09:16:03.446 10324-11378/uxpp.uc V/unknown:ConstrainedExecutorService: SerialExecutor: starting worker 1 of 1
06-03 09:16:03.458 10324-10324/uxpp.uc V/unknown:AnimatedDrawable: (null) Invalidate Task
06-03 09:16:03.460 10324-10324/uxpp.uc V/unknown:AnimatedDrawable: (null) Invalidate Task
06-03 09:16:03.461 10324-10324/uxpp.uc V/unknown:AnimatedDrawable: (null) Trying again later for pending 5
06-03 09:16:03.461 10324-10324/uxpp.uc V/unknown:AnimatedDrawable: (null) Rendered last known frame 4
06-03 09:16:03.461 10324-10324/uxpp.uc V/unknown:AnimatedDrawable: (null) Trying again later for pending 5
06-03 09:16:03.462 10324-10324/uxpp.uc V/unknown:AnimatedDrawable: (null) Rendered last known frame 3
06-03 09:16:03.466 10324-11378/uxpp.uc V/unknown:AnimatedDrawableCachingBackendImpl: Creating new bitmap
06-03 09:16:03.466 10324-11378/uxpp.uc V/unknown:AnimatedDrawableCachingBackendImpl: Total bitmaps: 13
06-03 09:16:03.479 10324-10324/uxpp.uc V/unknown:AnimatedDrawable: (null) Invalidate Task
06-03 09:16:03.480 10324-10324/uxpp.uc V/unknown:AnimatedDrawable: (null) Invalidate Task
06-03 09:16:03.480 10324-10324/uxpp.uc V/unknown:AnimatedDrawable: (null) Next Frame Task
06-03 09:16:03.481 10324-11378/uxpp.uc V/unknown:AnimatedDrawableCachingBackendImpl: Prefetch rendered frame 5
06-03 09:16:03.482 10324-11378/uxpp.uc V/unknown:ConstrainedExecutorService: SerialExecutor: starting worker 1 of 1
06-03 09:16:03.482 10324-10324/uxpp.uc V/unknown:AnimatedDrawable: (null) Drew frame 4
06-03 09:16:03.483 10324-10324/uxpp.uc V/unknown:AnimatedDrawable: (null) Rendered current frame 4
06-03 09:16:03.483 10324-10324/uxpp.uc V/unknown:AnimatedDrawable: (null) Next frame (5) in 166 ms
06-03 09:16:03.483 10324-10324/uxpp.uc V/unknown:AnimatedDrawable: (null) Trying again later for pending 5
06-03 09:16:03.483 10324-10324/uxpp.uc V/unknown:AnimatedDrawable: (null) Rendered last known frame 4
06-03 09:16:03.484 10324-10324/uxpp.uc V/unknown:AnimatedDrawable: (null) Dropped 1 frames
06-03 09:16:03.484 10324-10324/uxpp.uc V/unknown:AnimatedDrawable: (null) Drew frame 5
06-03 09:16:03.484 10324-10324/uxpp.uc V/unknown:AnimatedDrawable: (null) Rendered pending frame 5
06-03 09:16:03.484 10324-10324/uxpp.uc V/unknown:AnimatedDrawable: (null) Dropped 1 frames
06-03 09:16:03.484 10324-10324/uxpp.uc V/unknown:AnimatedDrawable: (null) Drew frame 1
06-03 09:16:03.484 10324-10324/uxpp.uc V/unknown:AnimatedDrawable: (null) Rendered current frame 1
06-03 09:16:03.484 10324-10324/uxpp.uc V/unknown:AnimatedDrawable: (null) Next frame (2) in 94 ms
06-03 09:16:03.498 10324-10324/uxpp.uc V/unknown:AnimatedDrawable: (null) Invalidate Task
06-03 09:16:03.499 10324-10324/uxpp.uc V/unknown:AnimatedDrawable: (null) Next Frame Task
06-03 09:16:03.499 10324-10324/uxpp.uc V/unknown:AnimatedDrawable: (null) Trying again later for pending 5
06-03 09:16:03.500 10324-10324/uxpp.uc V/unknown:AnimatedDrawable: (null) Rendered last known frame 4
06-03 09:16:03.500 10324-10324/uxpp.uc V/unknown:AnimatedDrawable: (null) Drew frame 7
06-03 09:16:03.500 10324-10324/uxpp.uc V/unknown:AnimatedDrawable: (null) Rendered current frame 7
06-03 09:16:03.500 10324-10324/uxpp.uc V/unknown:AnimatedDrawable: (null) Next frame (8) in 98 ms
06-03 09:16:03.503 10324-11378/uxpp.uc V/unknown:AnimatedDrawableCachingBackendImpl: Creating new bitmap
06-03 09:16:03.503 10324-11378/uxpp.uc V/unknown:AnimatedDrawableCachingBackendImpl: Total bitmaps: 14
06-03 09:16:03.512 10324-11378/uxpp.uc V/unknown:AnimatedDrawableCachingBackendImpl: Prefetch rendered frame 5
06-03 09:16:03.512 10324-11378/uxpp.uc V/unknown:ConstrainedExecutorService: SerialExecutor: starting worker 1 of 1
06-03 09:16:03.513 10324-11378/uxpp.uc V/unknown:ConstrainedExecutorService: SerialExecutor: starting worker 1 of 1
06-03 09:16:03.513 10324-11378/uxpp.uc V/unknown:ConstrainedExecutorService: SerialExecutor: starting worker 1 of 1
06-03 09:16:03.522 10324-11378/uxpp.uc V/unknown:AnimatedDrawableCachingBackendImpl: Prefetch rendered frame 8
06-03 09:16:03.522 10324-11378/uxpp.uc V/unknown:ConstrainedExecutorService: SerialExecutor: starting worker 1 of 1
06-03 09:16:03.523 10324-10324/uxpp.uc V/unknown:AnimatedDrawable: (null) Invalidate Task
