06-03 09:15:15.667 10324-11379/uxpp.uc V/unknown:ConstrainedExecutorService: SerialExecutor: starting worker 1 of 1
06-03 09:15:15.667 10324-11379/uxpp.uc V/unknown:ConstrainedExecutorService: SerialExecutor: starting worker 1 of 1
06-03 09:15:15.682 10324-10324/uxpp.uc V/unknown:AnimatedDrawable: (null) Invalidate Task
06-03 09:15:15.682 10324-10324/uxpp.uc V/unknown:AnimatedDrawable: (null) Invalidate Task
06-03 09:15:15.683 10324-10324/uxpp.uc V/unknown:AnimatedDrawable: (null) Invalidate Task
06-03 09:15:15.683 10324-10324/uxpp.uc V/unknown:AnimatedDrawable: (null) Trying again later for pending 3
06-03 09:15:15.684 10324-10324/uxpp.uc V/unknown:AnimatedDrawable: (null) Rendered last known frame 2
06-03 09:15:15.684 10324-10324/uxpp.uc V/unknown:AnimatedDrawable: (null) Trying again later for pending 3
06-03 09:15:15.684 10324-10324/uxpp.uc V/unknown:AnimatedDrawable: (null) Rendered last known frame 2
06-03 09:15:15.685 10324-10324/uxpp.uc V/unknown:AnimatedDrawable: (null) Drew frame 3
06-03 09:15:15.685 10324-10324/uxpp.uc V/unknown:AnimatedDrawable: (null) Rendered pending frame 3
06-03 09:15:15.685 10324-10324/uxpp.uc V/unknown:AnimatedDrawable: (null) Trying again later for current 4
06-03 09:15:15.688 10324-11379/uxpp.uc V/unknown:AnimatedDrawableCachingBackendImpl: Creating new bitmap
06-03 09:15:15.688 10324-11379/uxpp.uc V/unknown:AnimatedDrawableCachingBackendImpl: Total bitmaps: 13
06-03 09:15:15.700 10324-11379/uxpp.uc V/unknown:AnimatedDrawableCachingBackendImpl: Prefetch rendered frame 3
06-03 09:15:15.700 10324-11379/uxpp.uc V/unknown:ConstrainedExecutorService: SerialExecutor: starting worker 1 of 1
06-03 09:15:15.701 10324-11379/uxpp.uc V/unknown:ConstrainedExecutorService: SerialExecutor: starting worker 1 of 1
06-03 09:15:15.702 10324-10324/uxpp.uc V/unknown:AnimatedDrawable: (null) Invalidate Task
06-03 09:15:15.704 10324-10324/uxpp.uc V/unknown:AnimatedDrawable: (null) Invalidate Task
06-03 09:15:15.704 10324-10324/uxpp.uc V/unknown:AnimatedDrawable: (null) Invalidate Task
06-03 09:15:15.704 10324-11379/uxpp.uc V/unknown:ConstrainedExecutorService: SerialExecutor: starting worker 1 of 1
06-03 09:15:15.705 10324-10324/uxpp.uc V/unknown:AnimatedDrawable: (null) Drew frame 3
06-03 09:15:15.705 10324-10324/uxpp.uc V/unknown:AnimatedDrawable: (null) Rendered pending frame 3
06-03 09:15:15.705 10324-10324/uxpp.uc V/unknown:AnimatedDrawable: (null) Trying again later for current 4
06-03 09:15:15.706 10324-10324/uxpp.uc V/unknown:AnimatedDrawable: (null) Trying again later for pending 3
06-03 09:15:15.706 10324-10324/uxpp.uc V/unknown:AnimatedDrawable: (null) Rendered last known frame 2
06-03 09:15:15.707 10324-10324/uxpp.uc V/unknown:AnimatedDrawable: (null) Trying again later for pending 4
06-03 09:15:15.707 10324-10324/uxpp.uc V/unknown:AnimatedDrawable: (null) Rendered last known frame 3
06-03 09:15:15.722 10324-10324/uxpp.uc V/unknown:AnimatedDrawable: (null) Invalidate Task
06-03 09:15:15.722 10324-10324/uxpp.uc V/unknown:AnimatedDrawable: (null) Invalidate Task
06-03 09:15:15.722 10324-10324/uxpp.uc V/unknown:AnimatedDrawable: (null) Invalidate Task
06-03 09:15:15.722 10324-10324/uxpp.uc V/unknown:AnimatedDrawable: (null) Next Frame Task
06-03 09:15:15.723 10324-10324/uxpp.uc V/unknown:AnimatedDrawable: (null) Trying again later for pending 4
06-03 09:15:15.724 10324-10324/uxpp.uc V/unknown:AnimatedDrawable: (null) Rendered last known frame 3
06-03 09:15:15.724 10324-10324/uxpp.uc V/unknown:AnimatedDrawable: (null) Drew frame 3
06-03 09:15:15.724 10324-10324/uxpp.uc V/unknown:AnimatedDrawable: (null) Rendered current frame 3
06-03 09:15:15.724 10324-10324/uxpp.uc V/unknown:AnimatedDrawable: (null) Next frame (4) in 164 ms
06-03 09:15:15.725 10324-11379/uxpp.uc V/unknown:AnimatedDrawableCachingBackendImpl: Creating new bitmap
06-03 09:15:15.725 10324-11379/uxpp.uc V/unknown:AnimatedDrawableCachingBackendImpl: Total bitmaps: 14
06-03 09:15:15.725 10324-10324/uxpp.uc V/unknown:AnimatedDrawable: (null) Trying again later for pending 3
06-03 09:15:15.725 10324-10324/uxpp.uc V/unknown:AnimatedDrawable: (null) Rendered last known frame 2
06-03 09:15:15.726 10324-10324/uxpp.uc V/unknown:AnimatedDrawable: (null) Trying again later for pending 4
06-03 09:15:15.726 10324-10324/uxpp.uc V/unknown:AnimatedDrawable: (null) Rendered last known frame 3
06-03 09:15:15.735 10324-11379/uxpp.uc V/unknown:AnimatedDrawableCachingBackendImpl: Prefetch rendered frame 3
06-03 09:15:15.735 10324-11379/uxpp.uc V/unknown:ConstrainedExecutorService: SerialExecutor: starting worker 1 of 1
06-03 09:15:15.735 10324-11379/uxpp.uc V/unknown:ConstrainedExecutorService: SerialExecutor: starting worker 1 of 1
06-03 09:15:15.736 10324-11379/uxpp.uc V/unknown:ConstrainedExecutorService: SerialExecutor: starting worker 1 of 1
06-03 09:15:15.741 10324-10324/uxpp.uc V/unknown:AnimatedDrawable: (null) Invalidate Task
06-03 09:15:15.742 10324-10324/uxpp.uc V/unknown:AnimatedDrawable: (null) Invalidate Task
06-03 09:15:15.742 10324-10324/uxpp.uc V/unknown:AnimatedDrawable: (null) Invalidate Task
06-03 09:15:15.743 10324-10324/uxpp.uc V/unknown:AnimatedDrawable: (null) Trying again later for pending 4
06-03 09:15:15.743 10324-10324/uxpp.uc V/unknown:AnimatedDrawable: (null) Rendered last known frame 3
06-03 09:15:15.744 10324-10324/uxpp.uc V/unknown:AnimatedDrawable: (null) Drew frame 3
06-03 09:15:15.744 10324-10324/uxpp.uc V/unknown:AnimatedDrawable: (null) Rendered pending frame 3
06-03 09:15:15.744 10324-10324/uxpp.uc V/unknown:AnimatedDrawable: (null) Trying again later for current 4
06-03 09:15:15.744 10324-10324/uxpp.uc V/unknown:AnimatedDrawable: (null) Trying again later for pending 4
06-03 09:15:15.745 10324-10324/uxpp.uc V/unknown:AnimatedDrawable: (null) Rendered last known frame 3
06-03 09:15:15.756 10324-11379/uxpp.uc V/unknown:AnimatedDrawableCachingBackendImpl: Creating new bitmap
06-03 09:15:15.756 10324-11379/uxpp.uc V/unknown:AnimatedDrawableCachingBackendImpl: Total bitmaps: 15
06-03 09:15:15.764 10324-10324/uxpp.uc V/unknown:AnimatedDrawable: (null) Invalidate Task
06-03 09:15:15.764 10324-10324/uxpp.uc V/unknown:AnimatedDrawable: (null) Invalidate Task
06-03 09:15:15.764 10324-10324/uxpp.uc V/unknown:AnimatedDrawable: (null) Invalidate Task
06-03 09:15:15.765 10324-10324/uxpp.uc V/unknown:AnimatedDrawable: (null) Trying again later for pending 4
06-03 09:15:15.765 10324-10324/uxpp.uc V/unknown:AnimatedDrawable: (null) Rendered last known frame 3
06-03 09:15:15.765 10324-10324/uxpp.uc V/unknown:AnimatedDrawable: (null) Trying again later for pending 4
06-03 09:15:15.765 10324-10324/uxpp.uc V/unknown:AnimatedDrawable: (null) Rendered last known frame 3
06-03 09:15:15.765 10324-10324/uxpp.uc V/unknown:AnimatedDrawable: (null) Trying again later for pending 4
06-03 09:15:15.766 10324-10324/uxpp.uc V/unknown:AnimatedDrawable: (null) Rendered last known frame 3
06-03 09:15:15.769 10324-11379/uxpp.uc V/unknown:AnimatedDrawableCachingBackendImpl: Prefetch rendered frame 4
06-03 09:15:15.769 10324-11379/uxpp.uc V/unknown:ConstrainedExecutorService: SerialExecutor: starting worker 1 of 1
06-03 09:15:15.769 10324-11379/uxpp.uc V/unknown:ConstrainedExecutorService: SerialExecutor: starting worker 1 of 1
06-03 09:15:15.781 10324-10324/uxpp.uc V/unknown:AnimatedDrawable: (null) Invalidate Task
06-03 09:15:15.782 10324-10324/uxpp.uc V/unknown:AnimatedDrawable: (null) Invalidate Task
06-03 09:15:15.782 10324-10324/uxpp.uc V/unknown:AnimatedDrawable: (null) Invalidate Task
06-03 09:15:15.783 10324-10324/uxpp.uc V/unknown:AnimatedDrawable: (null) Trying again later for pending 4
06-03 09:15:15.783 10324-10324/uxpp.uc V/unknown:AnimatedDrawable: (null) Rendered last known frame 3
06-03 09:15:15.784 10324-10324/uxpp.uc V/unknown:AnimatedDrawable: (null) Trying again later for pending 4
06-03 09:15:15.784 10324-10324/uxpp.uc V/unknown:AnimatedDrawable: (null) Rendered last known frame 3
06-03 09:15:15.785 10324-10324/uxpp.uc V/unknown:AnimatedDrawable: (null) Drew frame 4
06-03 09:15:15.785 10324-10324/uxpp.uc V/unknown:AnimatedDrawable: (null) Rendered pending frame 4
06-03 09:15:15.785 10324-10324/uxpp.uc V/unknown:AnimatedDrawable: (null) Trying again later for current 5
06-03 09:15:15.790 10324-11379/uxpp.uc V/unknown:AnimatedDrawableCachingBackendImpl: Creating new bitmap
06-03 09:15:15.790 10324-11379/uxpp.uc V/unknown:AnimatedDrawableCachingBackendImpl: Total bitmaps: 16
06-03 09:15:15.800 10324-11379/uxpp.uc V/unknown:AnimatedDrawableCachingBackendImpl: Prefetch rendered frame 4
06-03 09:15:15.800 10324-11379/uxpp.uc V/unknown:ConstrainedExecutorService: SerialExecutor: starting worker 1 of 1
06-03 09:15:15.801 10324-11379/uxpp.uc V/unknown:ConstrainedExecutorService: SerialExecutor: starting worker 1 of 1
06-03 09:15:15.802 10324-10324/uxpp.uc V/unknown:AnimatedDrawable: (null) Invalidate Task
06-03 09:15:15.803 10324-10324/uxpp.uc V/unknown:AnimatedDrawable: (null) Invalidate Task
06-03 09:15:15.803 10324-10324/uxpp.uc V/unknown:AnimatedDrawable: (null) Invalidate Task
06-03 09:15:15.804 10324-10324/uxpp.uc V/unknown:AnimatedDrawable: (null) Drew frame 4
06-03 09:15:15.804 10324-10324/uxpp.uc V/unknown:AnimatedDrawable: (null) Rendered pending frame 4
06-03 09:15:15.804 10324-10324/uxpp.uc V/unknown:AnimatedDrawable: (null) Trying again later for current 5
06-03 09:15:15.804 10324-10324/uxpp.uc V/unknown:AnimatedDrawable: (null) Trying again later for pending 4
06-03 09:15:15.804 10324-10324/uxpp.uc V/unknown:AnimatedDrawable: (null) Rendered last known frame 3
06-03 09:15:15.805 10324-10324/uxpp.uc V/unknown:AnimatedDrawable: (null) Trying again later for pending 5
06-03 09:15:15.805 10324-10324/uxpp.uc V/unknown:AnimatedDrawable: (null) Rendered last known frame 4
06-03 09:15:15.814 10324-11379/uxpp.uc V/unknown:AnimatedDrawableCachingBackendImpl: Prefetch rendered frame 5
06-03 09:15:15.814 10324-11379/uxpp.uc V/unknown:ConstrainedExecutorService: SerialExecutor: starting worker 1 of 1
06-03 09:15:15.822 10324-10324/uxpp.uc V/unknown:AnimatedDrawable: (null) Invalidate Task
06-03 09:15:15.822 10324-10324/uxpp.uc V/unknown:AnimatedDrawable: (null) Invalidate Task
06-03 09:15:15.822 10324-10324/uxpp.uc V/unknown:AnimatedDrawable: (null) Invalidate Task
06-03 09:15:15.823 10324-10324/uxpp.uc V/unknown:AnimatedDrawable: (null) Trying again later for pending 5
06-03 09:15:15.823 10324-10324/uxpp.uc V/unknown:AnimatedDrawable: (null) Rendered last known frame 4
06-03 09:15:15.823 10324-10324/uxpp.uc V/unknown:AnimatedDrawable: (null) Trying again later for pending 4
06-03 09:15:15.824 10324-10324/uxpp.uc V/unknown:AnimatedDrawable: (null) Rendered last known frame 3
06-03 09:15:15.824 10324-10324/uxpp.uc V/unknown:AnimatedDrawable: (null) Trying again later for pending 5
06-03 09:15:15.824 10324-10324/uxpp.uc V/unknown:AnimatedDrawable: (null) Rendered last known frame 4
06-03 09:15:15.841 10324-11379/uxpp.uc V/unknown:AnimatedDrawableCachingBackendImpl: Creating new bitmap
06-03 09:15:15.841 10324-11379/uxpp.uc V/unknown:AnimatedDrawableCachingBackendImpl: Total bitmaps: 17
06-03 09:15:15.841 10324-10324/uxpp.uc V/unknown:AnimatedDrawable: (null) Invalidate Task
06-03 09:15:15.842 10324-10324/uxpp.uc V/unknown:AnimatedDrawable: (null) Invalidate Task
06-03 09:15:15.844 10324-10324/uxpp.uc V/unknown:AnimatedDrawable: (null) Invalidate Task
06-03 09:15:15.845 10324-10324/uxpp.uc V/unknown:AnimatedDrawable: (null) Trying again later for pending 5
06-03 09:15:15.845 10324-10324/uxpp.uc V/unknown:AnimatedDrawable: (null) Rendered last known frame 4
06-03 09:15:15.845 10324-10324/uxpp.uc V/unknown:AnimatedDrawable: (null) Trying again later for pending 4
06-03 09:15:15.845 10324-10324/uxpp.uc V/unknown:AnimatedDrawable: (null) Rendered last known frame 3
06-03 09:15:15.846 10324-10324/uxpp.uc V/unknown:AnimatedDrawable: (null) Trying again later for pending 5
06-03 09:15:15.846 10324-10324/uxpp.uc V/unknown:AnimatedDrawable: (null) Rendered last known frame 4
06-03 09:15:15.853 10324-11379/uxpp.uc V/unknown:AnimatedDrawableCachingBackendImpl: Prefetch rendered frame 4
06-03 09:15:15.853 10324-11379/uxpp.uc V/unknown:ConstrainedExecutorService: SerialExecutor: starting worker 1 of 1
06-03 09:15:15.854 10324-11379/uxpp.uc V/unknown:ConstrainedExecutorService: SerialExecutor: starting worker 1 of 1
06-03 09:15:15.854 10324-11379/uxpp.uc V/unknown:ConstrainedExecutorService: SerialExecutor: starting worker 1 of 1
06-03 09:15:15.861 10324-10324/uxpp.uc V/unknown:AnimatedDrawable: (null) Invalidate Task
06-03 09:15:15.863 10324-10324/uxpp.uc V/unknown:AnimatedDrawable: (null) Invalidate Task
06-03 09:15:15.863 10324-10324/uxpp.uc V/unknown:AnimatedDrawable: (null) Invalidate Task
06-03 09:15:15.864 10324-10324/uxpp.uc V/unknown:AnimatedDrawable: (null) Trying again later for pending 5
06-03 09:15:15.864 10324-10324/uxpp.uc V/unknown:AnimatedDrawable: (null) Rendered last known frame 4
06-03 09:15:15.864 10324-10324/uxpp.uc V/unknown:AnimatedDrawable: (null) Drew frame 4
06-03 09:15:15.864 10324-10324/uxpp.uc V/unknown:AnimatedDrawable: (null) Rendered pending frame 4
06-03 09:15:15.864 10324-10324/uxpp.uc V/unknown:AnimatedDrawable: (null) Trying again later for current 5
06-03 09:15:15.865 10324-10324/uxpp.uc V/unknown:AnimatedDrawable: (null) Trying again later for pending 5
06-03 09:15:15.865 10324-10324/uxpp.uc V/unknown:AnimatedDrawable: (null) Rendered last known frame 4
06-03 09:15:15.869 10324-10324/uxpp.uc V/unknown:AnimatedDrawable: (null) Watchdog Task
06-03 09:15:15.873 10324-10324/uxpp.uc V/unknown:AnimatedDrawable: (null) Watchdog Task
06-03 09:15:15.874 10324-11379/uxpp.uc V/unknown:AnimatedDrawableCachingBackendImpl: Creating new bitmap
06-03 09:15:15.874 10324-11379/uxpp.uc V/unknown:AnimatedDrawableCachingBackendImpl: Total bitmaps: 18
06-03 09:15:15.875 10324-10324/uxpp.uc V/unknown:AnimatedDrawable: (null) Watchdog Task
06-03 09:15:15.875 10324-10324/uxpp.uc V/unknown:AnimatedDrawable: (null) Watchdog Task
06-03 09:15:15.882 10324-10324/uxpp.uc V/unknown:AnimatedDrawable: (null) Invalidate Task
06-03 09:15:15.884 10324-10324/uxpp.uc V/unknown:AnimatedDrawable: (null) Invalidate Task
06-03 09:15:15.884 10324-10324/uxpp.uc V/unknown:AnimatedDrawable: (null) Invalidate Task
06-03 09:15:15.884 10324-10324/uxpp.uc V/unknown:AnimatedDrawable: (null) Next Frame Task
06-03 09:15:15.884 10324-11379/uxpp.uc V/unknown:AnimatedDrawableCachingBackendImpl: Prefetch rendered frame 5
06-03 09:15:15.885 10324-10324/uxpp.uc V/unknown:AnimatedDrawable: (null) Next frame (4) in 4 ms
06-03 09:15:15.885 10324-11379/uxpp.uc V/unknown:ConstrainedExecutorService: SerialExecutor: starting worker 1 of 1
06-03 09:15:15.885 10324-10324/uxpp.uc V/unknown:AnimatedDrawable: (null) Trying again later for pending 5
06-03 09:15:15.885 10324-11379/uxpp.uc V/unknown:ConstrainedExecutorService: SerialExecutor: starting worker 1 of 1
06-03 09:15:15.885 10324-10324/uxpp.uc V/unknown:AnimatedDrawable: (null) Rendered last known frame 4
06-03 09:15:15.886 10324-10324/uxpp.uc V/unknown:AnimatedDrawable: (null) Trying again later for pending 5
06-03 09:15:15.886 10324-10324/uxpp.uc V/unknown:AnimatedDrawable: (null) Rendered last known frame 4
06-03 09:15:15.886 10324-10324/uxpp.uc V/unknown:AnimatedDrawable: (null) Drew frame 5
06-03 09:15:15.886 10324-10324/uxpp.uc V/unknown:AnimatedDrawable: (null) Rendered pending frame 5
06-03 09:15:15.886 10324-10324/uxpp.uc V/unknown:AnimatedDrawable: (null) Drew frame 0
06-03 09:15:15.887 10324-10324/uxpp.uc V/unknown:AnimatedDrawable: (null) Rendered current frame 0
06-03 09:15:15.887 10324-10324/uxpp.uc V/unknown:AnimatedDrawable: (null) Next frame (1) in 22 ms
06-03 09:15:15.901 10324-10324/uxpp.uc V/unknown:AnimatedDrawable: (null) Next Frame Task
06-03 09:15:15.902 10324-10324/uxpp.uc V/unknown:AnimatedDrawable: (null) Invalidate Task
06-03 09:15:15.902 10324-10324/uxpp.uc V/unknown:AnimatedDrawable: (null) Invalidate Task
06-03 09:15:15.902 10324-10324/uxpp.uc V/unknown:AnimatedDrawable: (null) Next Frame Task
06-03 09:15:15.902 10324-10324/uxpp.uc V/unknown:AnimatedDrawable: (null) Next frame (1) in 6 ms
06-03 09:15:15.904 10324-10324/uxpp.uc V/unknown:AnimatedDrawable: (null) Trying again later for pending 5
06-03 09:15:15.904 10324-10324/uxpp.uc V/unknown:AnimatedDrawable: (null) Rendered last known frame 4
06-03 09:15:15.904 10324-10324/uxpp.uc V/unknown:AnimatedDrawable: (null) Drew frame 4
06-03 09:15:15.904 10324-10324/uxpp.uc V/unknown:AnimatedDrawable: (null) Rendered current frame 4
06-03 09:15:15.904 10324-10324/uxpp.uc V/unknown:AnimatedDrawable: (null) Next frame (5) in 154 ms
06-03 09:15:15.905 10324-10324/uxpp.uc V/unknown:AnimatedDrawable: (null) Trying again later for pending 5
06-03 09:15:15.905 10324-10324/uxpp.uc V/unknown:AnimatedDrawable: (null) Rendered last known frame 4
06-03 09:15:15.905 10324-11379/uxpp.uc V/unknown:AnimatedDrawableCachingBackendImpl: Creating new bitmap
06-03 09:15:15.905 10324-11379/uxpp.uc V/unknown:AnimatedDrawableCachingBackendImpl: Total bitmaps: 19
06-03 09:15:15.915 10324-11379/uxpp.uc V/unknown:AnimatedDrawableCachingBackendImpl: Prefetch rendered frame 5
06-03 09:15:15.916 10324-11379/uxpp.uc V/unknown:ConstrainedExecutorService: SerialExecutor: starting worker 1 of 1
06-03 09:15:15.922 10324-10324/uxpp.uc V/unknown:AnimatedDrawable: (null) Next Frame Task
06-03 09:15:15.922 10324-10324/uxpp.uc V/unknown:AnimatedDrawable: (null) Invalidate Task
06-03 09:15:15.922 10324-10324/uxpp.uc V/unknown:AnimatedDrawable: (null) Invalidate Task
06-03 09:15:15.923 10324-10324/uxpp.uc V/unknown:AnimatedDrawable: (null) Drew frame 5
06-03 09:15:15.923 10324-10324/uxpp.uc V/unknown:AnimatedDrawable: (null) Rendered pending frame 5
06-03 09:15:15.923 10324-10324/uxpp.uc V/unknown:AnimatedDrawable: (null) Dropped 1 frames
06-03 09:15:15.923 10324-10324/uxpp.uc V/unknown:AnimatedDrawable: (null) Drew frame 1
06-03 09:15:15.923 10324-10324/uxpp.uc V/unknown:AnimatedDrawable: (null) Rendered current frame 1
06-03 09:15:15.923 10324-10324/uxpp.uc V/unknown:AnimatedDrawable: (null) Next frame (2) in 85 ms
06-03 09:15:15.924 10324-10324/uxpp.uc V/unknown:AnimatedDrawable: (null) Trying again later for pending 5
06-03 09:15:15.924 10324-10324/uxpp.uc V/unknown:AnimatedDrawable: (null) Rendered last known frame 4
06-03 09:15:15.925 10324-10324/uxpp.uc V/unknown:AnimatedDrawable: (null) Trying again later for current 1
06-03 09:15:15.925 10324-10324/uxpp.uc V/unknown:AnimatedDrawable: (null) Rendered last known frame 0
06-03 09:15:15.936 10324-11379/uxpp.uc V/unknown:AnimatedDrawableCachingBackendImpl: Creating new bitmap
06-03 09:15:15.936 10324-11379/uxpp.uc V/unknown:AnimatedDrawableCachingBackendImpl: Total bitmaps: 20
06-03 09:15:15.942 10324-10324/uxpp.uc V/unknown:AnimatedDrawable: (null) Invalidate Task
06-03 09:15:15.942 10324-10324/uxpp.uc V/unknown:AnimatedDrawable: (null) Invalidate Task
06-03 09:15:15.943 10324-10324/uxpp.uc V/unknown:AnimatedDrawable: (null) Trying again later for pending 5
06-03 09:15:15.943 10324-10324/uxpp.uc V/unknown:AnimatedDrawable: (null) Rendered last known frame 4
06-03 09:15:15.944 10324-10324/uxpp.uc V/unknown:AnimatedDrawable: (null) Trying again later for pending 1
06-03 09:15:15.944 10324-10324/uxpp.uc V/unknown:AnimatedDrawable: (null) Rendered last known frame 0
06-03 09:15:15.945 10324-11379/uxpp.uc V/unknown:AnimatedDrawableCachingBackendImpl: Prefetch rendered frame 5
06-03 09:15:15.945 10324-11379/uxpp.uc V/unknown:ConstrainedExecutorService: SerialExecutor: starting worker 1 of 1
06-03 09:15:15.945 10324-11379/uxpp.uc V/unknown:ConstrainedExecutorService: SerialExecutor: starting worker 1 of 1
06-03 09:15:15.946 10324-11379/uxpp.uc V/unknown:ConstrainedExecutorService: SerialExecutor: starting worker 1 of 1
06-03 09:15:15.961 10324-10324/uxpp.uc V/unknown:AnimatedDrawable: (null) Invalidate Task
06-03 09:15:15.962 10324-10324/uxpp.uc V/unknown:AnimatedDrawable: (null) Invalidate Task
06-03 09:15:15.963 10324-10324/uxpp.uc V/unknown:AnimatedDrawable: (null) Drew frame 5
06-03 09:15:15.963 10324-10324/uxpp.uc V/unknown:AnimatedDrawable: (null) Rendered pending frame 5
06-03 09:15:15.963 10324-10324/uxpp.uc V/unknown:AnimatedDrawable: (null) Trying again later for current 6
06-03 09:15:15.964 10324-10324/uxpp.uc V/unknown:AnimatedDrawable: (null) Trying again later for pending 1
06-03 09:15:15.964 10324-10324/uxpp.uc V/unknown:AnimatedDrawable: (null) Rendered last known frame 0
06-03 09:15:15.966 10324-11379/uxpp.uc V/unknown:AnimatedDrawableCachingBackendImpl: Creating new bitmap
06-03 09:15:15.966 10324-11379/uxpp.uc V/unknown:AnimatedDrawableCachingBackendImpl: Total bitmaps: 21
06-03 09:15:15.976 10324-11379/uxpp.uc V/unknown:AnimatedDrawableCachingBackendImpl: Prefetch rendered frame 1
06-03 09:15:15.976 10324-11379/uxpp.uc V/unknown:ConstrainedExecutorService: SerialExecutor: starting worker 1 of 1
06-03 09:15:15.982 10324-10324/uxpp.uc V/unknown:AnimatedDrawable: (null) Invalidate Task
06-03 09:15:15.982 10324-10324/uxpp.uc V/unknown:AnimatedDrawable: (null) Invalidate Task
06-03 09:15:15.983 10324-10324/uxpp.uc V/unknown:AnimatedDrawable: (null) Trying again later for pending 6
06-03 09:15:15.983 10324-10324/uxpp.uc V/unknown:AnimatedDrawable: (null) Rendered last known frame 5
06-03 09:15:15.984 10324-10324/uxpp.uc V/unknown:AnimatedDrawable: (null) Drew frame 1
06-03 09:15:15.984 10324-10324/uxpp.uc V/unknown:AnimatedDrawable: (null) Rendered pending frame 1
06-03 09:15:15.984 10324-10324/uxpp.uc V/unknown:AnimatedDrawable: (null) Drew frame 1
06-03 09:15:15.984 10324-10324/uxpp.uc V/unknown:AnimatedDrawable: (null) Rendered current frame 1
06-03 09:15:15.984 10324-10324/uxpp.uc V/unknown:AnimatedDrawable: (null) Next frame (2) in 24 ms
06-03 09:15:15.989 10324-11379/uxpp.uc V/unknown:AnimatedDrawableCachingBackendImpl: Prefetch rendered frame 6
06-03 09:15:15.989 10324-11379/uxpp.uc V/unknown:ConstrainedExecutorService: SerialExecutor: starting worker 1 of 1
06-03 09:15:16.001 10324-10324/uxpp.uc V/unknown:AnimatedDrawable: (null) Invalidate Task
06-03 09:15:16.002 10324-10324/uxpp.uc V/unknown:AnimatedDrawable: (null) Next Frame Task
06-03 09:15:16.002 10324-10324/uxpp.uc V/unknown:AnimatedDrawable: (null) Next frame (2) in 6 ms
06-03 09:15:16.003 10324-10324/uxpp.uc V/unknown:AnimatedDrawable: (null) Next Frame Task
06-03 09:15:16.003 10324-10324/uxpp.uc V/unknown:AnimatedDrawable: (null) Next frame (2) in 6 ms
06-03 09:15:16.003 10324-10324/uxpp.uc V/unknown:AnimatedDrawable: (null) Trying again later for pending 6
06-03 09:15:16.004 10324-10324/uxpp.uc V/unknown:AnimatedDrawable: (null) Rendered last known frame 5
06-03 09:15:16.009 10324-11379/uxpp.uc V/unknown:AnimatedDrawableCachingBackendImpl: Creating new bitmap
06-03 09:15:16.009 10324-11379/uxpp.uc V/unknown:AnimatedDrawableCachingBackendImpl: Total bitmaps: 22
06-03 09:15:16.018 10324-11379/uxpp.uc V/unknown:AnimatedDrawableCachingBackendImpl: Prefetch rendered frame 6
06-03 09:15:16.018 10324-11379/uxpp.uc V/unknown:ConstrainedExecutorService: SerialExecutor: starting worker 1 of 1
06-03 09:15:16.018 10324-11379/uxpp.uc V/unknown:ConstrainedExecutorService: SerialExecutor: starting worker 1 of 1
06-03 09:15:16.019 10324-11379/uxpp.uc V/unknown:ConstrainedExecutorService: SerialExecutor: worker finished; 0 workers left
06-03 09:15:16.022 10324-10324/uxpp.uc V/unknown:AnimatedDrawable: (null) Next Frame Task
06-03 09:15:16.023 10324-10324/uxpp.uc V/unknown:AnimatedDrawable: (null) Next Frame Task
06-03 09:15:16.023 10324-10324/uxpp.uc V/unknown:AnimatedDrawable: (null) Invalidate Task
06-03 09:15:16.024 10324-10324/uxpp.uc V/unknown:AnimatedDrawable: (null) Drew frame 2
06-03 09:15:16.024 10324-10324/uxpp.uc V/unknown:AnimatedDrawable: (null) Rendered current frame 2
06-03 09:15:16.024 10324-10324/uxpp.uc V/unknown:AnimatedDrawable: (null) Next frame (3) in 85 ms
06-03 09:15:16.024 10324-10324/uxpp.uc V/unknown:ConstrainedExecutorService: SerialExecutor: starting worker 1 of 1
06-03 09:15:16.025 10324-10324/uxpp.uc V/unknown:AnimatedDrawable: (null) Drew frame 6
06-03 09:15:16.025 10324-10324/uxpp.uc V/unknown:AnimatedDrawable: (null) Rendered pending frame 6
06-03 09:15:16.025 10324-10324/uxpp.uc V/unknown:AnimatedDrawable: (null) Drew frame 6
06-03 09:15:16.025 10324-11375/uxpp.uc V/unknown:ConstrainedExecutorService: SerialExecutor: starting worker 1 of 1
06-03 09:15:16.025 10324-10324/uxpp.uc V/unknown:AnimatedDrawable: (null) Rendered current frame 6
06-03 09:15:16.026 10324-10324/uxpp.uc V/unknown:AnimatedDrawable: (null) Next frame (7) in 203 ms
06-03 09:15:16.026 10324-11375/uxpp.uc V/unknown:ConstrainedExecutorService: SerialExecutor: worker finished; 0 workers left
06-03 09:15:16.026 10324-10324/uxpp.uc V/unknown:AnimatedDrawable: (null) Drew frame 2
06-03 09:15:16.026 10324-10324/uxpp.uc V/unknown:AnimatedDrawable: (null) Rendered current frame 2
06-03 09:15:16.026 10324-10324/uxpp.uc V/unknown:AnimatedDrawable: (null) Next frame (3) in 82 ms
06-03 09:15:16.061 10324-10324/uxpp.uc V/unknown:AnimatedDrawable: (null) Next Frame Task
06-03 09:15:16.064 10324-10324/uxpp.uc V/unknown:ConstrainedExecutorService: SerialExecutor: starting worker 1 of 1
06-03 09:15:16.064 10324-10324/uxpp.uc V/unknown:AnimatedDrawable: (null) Drew frame 5
06-03 09:15:16.064 10324-10324/uxpp.uc V/unknown:AnimatedDrawable: (null) Rendered current frame 5
06-03 09:15:16.064 10324-10324/uxpp.uc V/unknown:AnimatedDrawable: (null) Next frame (6) in 164 ms
06-03 09:15:16.070 10324-11378/uxpp.uc V/unknown:AnimatedDrawableCachingBackendImpl: Prefetch rendered frame 7
06-03 09:15:16.070 10324-11378/uxpp.uc V/unknown:ConstrainedExecutorService: SerialExecutor: worker finished; 0 workers left
06-03 09:15:16.101 10324-10324/uxpp.uc V/unknown:AnimatedDrawable: (null) Next Frame Task
06-03 09:15:16.101 10324-10324/uxpp.uc V/unknown:AnimatedDrawable: (null) Next frame (3) in 7 ms
06-03 09:15:16.101 10324-10324/uxpp.uc V/unknown:AnimatedDrawable: (null) Next Frame Task
06-03 09:15:16.102 10324-10324/uxpp.uc V/unknown:AnimatedDrawable: (null) Next frame (3) in 7 ms
06-03 09:15:16.121 10324-10324/uxpp.uc V/unknown:AnimatedDrawable: (null) Next Frame Task
06-03 09:15:16.122 10324-10324/uxpp.uc V/unknown:AnimatedDrawable: (null) Next Frame Task
06-03 09:15:16.122 10324-10324/uxpp.uc V/unknown:AnimatedDrawable: (null) Drew frame 3
06-03 09:15:16.122 10324-10324/uxpp.uc V/unknown:AnimatedDrawable: (null) Rendered current frame 3
06-03 09:15:16.123 10324-10324/uxpp.uc V/unknown:AnimatedDrawable: (null) Next frame (4) in 86 ms
06-03 09:15:16.124 10324-10324/uxpp.uc V/unknown:AnimatedDrawable: (null) Drew frame 3
06-03 09:15:16.124 10324-10324/uxpp.uc V/unknown:AnimatedDrawable: (null) Rendered current frame 3
06-03 09:15:16.124 10324-10324/uxpp.uc V/unknown:AnimatedDrawable: (null) Next frame (4) in 84 ms
06-03 09:15:16.202 10324-10324/uxpp.uc V/unknown:AnimatedDrawable: (null) Next Frame Task
06-03 09:15:16.202 10324-10324/uxpp.uc V/unknown:AnimatedDrawable: (null) Next frame (4) in 7 ms
06-03 09:15:16.203 10324-10324/uxpp.uc V/unknown:AnimatedDrawable: (null) Next Frame Task
06-03 09:15:16.203 10324-10324/uxpp.uc V/unknown:AnimatedDrawable: (null) Next frame (4) in 5 ms
06-03 09:15:16.222 10324-10324/uxpp.uc V/unknown:AnimatedDrawable: (null) Next Frame Task
06-03 09:15:16.223 10324-10324/uxpp.uc V/unknown:AnimatedDrawable: (null) Next Frame Task
06-03 09:15:16.223 10324-10324/uxpp.uc V/unknown:AnimatedDrawable: (null) Next Frame Task
06-03 09:15:16.224 10324-10324/uxpp.uc V/unknown:AnimatedDrawable: (null) Next frame (7) in 5 ms
06-03 09:15:16.224 10324-10324/uxpp.uc V/unknown:AnimatedDrawable: (null) Next Frame Task
06-03 09:15:16.224 10324-10324/uxpp.uc V/unknown:AnimatedDrawable: (null) Next frame (6) in 4 ms
06-03 09:15:16.226 10324-10324/uxpp.uc V/unknown:AnimatedDrawable: (null) Drew frame 4
06-03 09:15:16.227 10324-10324/uxpp.uc V/unknown:AnimatedDrawable: (null) Rendered current frame 4
06-03 09:15:16.227 10324-10324/uxpp.uc V/unknown:AnimatedDrawable: (null) Next frame (5) in 82 ms
06-03 09:15:16.228 10324-10324/uxpp.uc V/unknown:AnimatedDrawable: (null) Drew frame 4
06-03 09:15:16.228 10324-10324/uxpp.uc V/unknown:AnimatedDrawable: (null) Rendered current frame 4
06-03 09:15:16.228 10324-10324/uxpp.uc V/unknown:AnimatedDrawable: (null) Next frame (5) in 80 ms
06-03 09:15:16.242 10324-10324/uxpp.uc V/unknown:AnimatedDrawable: (null) Next Frame Task
06-03 09:15:16.242 10324-10324/uxpp.uc V/unknown:AnimatedDrawable: (null) Next Frame Task
06-03 09:15:16.244 10324-10324/uxpp.uc V/unknown:ConstrainedExecutorService: SerialExecutor: starting worker 1 of 1
06-03 09:15:16.244 10324-10324/uxpp.uc V/unknown:AnimatedDrawable: (null) Drew frame 6
06-03 09:15:16.244 10324-10324/uxpp.uc V/unknown:AnimatedDrawable: (null) Rendered current frame 6
06-03 09:15:16.244 10324-10324/uxpp.uc V/unknown:AnimatedDrawable: (null) Next frame (7) in 154 ms
06-03 09:15:16.245 10324-10324/uxpp.uc V/unknown:AnimatedDrawable: (null) Trying again later for current 7
06-03 09:15:16.245 10324-10324/uxpp.uc V/unknown:AnimatedDrawable: (null) Rendered last known frame 6
06-03 09:15:16.254 10324-11377/uxpp.uc V/unknown:AnimatedDrawableCachingBackendImpl: Prefetch rendered frame 8
06-03 09:15:16.254 10324-11377/uxpp.uc V/unknown:ConstrainedExecutorService: SerialExecutor: starting worker 1 of 1
06-03 09:15:16.261 10324-10324/uxpp.uc V/unknown:AnimatedDrawable: (null) Invalidate Task
06-03 09:15:16.262 10324-10324/uxpp.uc V/unknown:AnimatedDrawable: (null) Trying again later for pending 7
06-03 09:15:16.262 10324-10324/uxpp.uc V/unknown:AnimatedDrawable: (null) Rendered last known frame 6
06-03 09:15:16.275 10324-11377/uxpp.uc V/unknown:AnimatedDrawableCachingBackendImpl: Creating new bitmap
06-03 09:15:16.275 10324-11377/uxpp.uc V/unknown:AnimatedDrawableCachingBackendImpl: Total bitmaps: 23
06-03 09:15:16.282 10324-10324/uxpp.uc V/unknown:AnimatedDrawable: (null) Invalidate Task
06-03 09:15:16.289 10324-10324/uxpp.uc V/unknown:AnimatedDrawable: (null) Trying again later for pending 7
06-03 09:15:16.289 10324-10324/uxpp.uc V/unknown:AnimatedDrawable: (null) Rendered last known frame 6
06-03 09:15:16.289 10324-11377/uxpp.uc V/unknown:AnimatedDrawableCachingBackendImpl: Prefetch rendered frame 7
06-03 09:15:16.289 10324-11377/uxpp.uc V/unknown:ConstrainedExecutorService: SerialExecutor: starting worker 1 of 1
06-03 09:15:16.290 10324-11377/uxpp.uc V/unknown:ConstrainedExecutorService: SerialExecutor: starting worker 1 of 1
06-03 09:15:16.290 10324-11377/uxpp.uc V/unknown:ConstrainedExecutorService: SerialExecutor: worker finished; 0 workers left
06-03 09:15:16.302 10324-10324/uxpp.uc V/unknown:AnimatedDrawable: (null) Invalidate Task
06-03 09:15:16.303 10324-10324/uxpp.uc V/unknown:AnimatedDrawable: (null) Next Frame Task
06-03 09:15:16.303 10324-10324/uxpp.uc V/unknown:AnimatedDrawable: (null) Next frame (5) in 5 ms
06-03 09:15:16.303 10324-10324/uxpp.uc V/unknown:AnimatedDrawable: (null) Next Frame Task
06-03 09:15:16.303 10324-10324/uxpp.uc V/unknown:AnimatedDrawable: (null) Next frame (5) in 5 ms
06-03 09:15:16.304 10324-10324/uxpp.uc V/unknown:ConstrainedExecutorService: SerialExecutor: starting worker 1 of 1
06-03 09:15:16.305 10324-10324/uxpp.uc V/unknown:AnimatedDrawable: (null) Drew frame 7
06-03 09:15:16.305 10324-10324/uxpp.uc V/unknown:AnimatedDrawable: (null) Rendered pending frame 7
06-03 09:15:16.305 10324-11379/uxpp.uc V/unknown:ConstrainedExecutorService: SerialExecutor: starting worker 1 of 1
06-03 09:15:16.305 10324-10324/uxpp.uc V/unknown:AnimatedDrawable: (null) Drew frame 7
06-03 09:15:16.305 10324-10324/uxpp.uc V/unknown:AnimatedDrawable: (null) Rendered current frame 7
06-03 09:15:16.305 10324-11379/uxpp.uc V/unknown:ConstrainedExecutorService: SerialExecutor: starting worker 1 of 1
06-03 09:15:16.305 10324-10324/uxpp.uc V/unknown:AnimatedDrawable: (null) Next frame (8) in 3 ms
06-03 09:15:16.305 10324-11379/uxpp.uc V/unknown:ConstrainedExecutorService: SerialExecutor: worker finished; 0 workers left
06-03 09:15:16.322 10324-10324/uxpp.uc V/unknown:AnimatedDrawable: (null) Next Frame Task
06-03 09:15:16.322 10324-10324/uxpp.uc V/unknown:AnimatedDrawable: (null) Next Frame Task
06-03 09:15:16.322 10324-10324/uxpp.uc V/unknown:AnimatedDrawable: (null) Next Frame Task
06-03 09:15:16.326 10324-10324/uxpp.uc V/unknown:AnimatedDrawable: (null) Drew frame 5
06-03 09:15:16.326 10324-10324/uxpp.uc V/unknown:AnimatedDrawable: (null) Rendered current frame 5
06-03 09:15:16.326 10324-10324/uxpp.uc V/unknown:AnimatedDrawable: (null) Next frame (0) in 82 ms
06-03 09:15:16.327 10324-10324/uxpp.uc V/unknown:ConstrainedExecutorService: SerialExecutor: starting worker 1 of 1
06-03 09:15:16.327 10324-10324/uxpp.uc V/unknown:AnimatedDrawable: (null) Trying again later for current 8
06-03 09:15:16.327 10324-10324/uxpp.uc V/unknown:AnimatedDrawable: (null) Rendered last known frame 7
06-03 09:15:16.327 10324-10324/uxpp.uc V/unknown:AnimatedDrawable: (null) Drew frame 5
06-03 09:15:16.327 10324-10324/uxpp.uc V/unknown:AnimatedDrawable: (null) Rendered current frame 5
06-03 09:15:16.327 10324-10324/uxpp.uc V/unknown:AnimatedDrawable: (null) Next frame (0) in 81 ms
06-03 09:15:16.341 10324-10324/uxpp.uc V/unknown:AnimatedDrawable: (null) Invalidate Task
06-03 09:15:16.342 10324-10324/uxpp.uc V/unknown:AnimatedDrawable: (null) Trying again later for pending 8
06-03 09:15:16.342 10324-10324/uxpp.uc V/unknown:AnimatedDrawable: (null) Rendered last known frame 7
06-03 09:15:16.347 10324-11377/uxpp.uc V/unknown:AnimatedDrawableCachingBackendImpl: Creating new bitmap
06-03 09:15:16.347 10324-11377/uxpp.uc V/unknown:AnimatedDrawableCachingBackendImpl: Total bitmaps: 24
06-03 09:15:16.355 10324-11377/uxpp.uc V/unknown:AnimatedDrawableCachingBackendImpl: Prefetch rendered frame 8
06-03 09:15:16.356 10324-11377/uxpp.uc V/unknown:ConstrainedExecutorService: SerialExecutor: starting worker 1 of 1
06-03 09:15:16.356 10324-11377/uxpp.uc V/unknown:ConstrainedExecutorService: SerialExecutor: starting worker 1 of 1
06-03 09:15:16.356 10324-11377/uxpp.uc V/unknown:ConstrainedExecutorService: SerialExecutor: worker finished; 0 workers left
06-03 09:15:16.362 10324-10324/uxpp.uc V/unknown:AnimatedDrawable: (null) Invalidate Task
06-03 09:15:16.362 10324-10324/uxpp.uc V/unknown:ConstrainedExecutorService: SerialExecutor: starting worker 1 of 1
06-03 09:15:16.363 10324-10324/uxpp.uc V/unknown:AnimatedDrawable: (null) Drew frame 8
06-03 09:15:16.363 10324-10324/uxpp.uc V/unknown:AnimatedDrawable: (null) Rendered pending frame 8
06-03 09:15:16.363 10324-10324/uxpp.uc V/unknown:AnimatedDrawable: (null) Drew frame 8
06-03 09:15:16.363 10324-10324/uxpp.uc V/unknown:AnimatedDrawable: (null) Rendered current frame 8
06-03 09:15:16.363 10324-10324/uxpp.uc V/unknown:AnimatedDrawable: (null) Next frame (9) in 25 ms
06-03 09:15:16.364 10324-11378/uxpp.uc V/unknown:ConstrainedExecutorService: SerialExecutor: starting worker 1 of 1
06-03 09:15:16.364 10324-11378/uxpp.uc V/unknown:ConstrainedExecutorService: SerialExecutor: worker finished; 0 workers left
06-03 09:15:16.382 10324-10324/uxpp.uc V/unknown:AnimatedDrawable: (null) Next Frame Task
06-03 09:15:16.382 10324-10324/uxpp.uc V/unknown:AnimatedDrawable: (null) Next frame (9) in 7 ms
06-03 09:15:16.401 10324-10324/uxpp.uc V/unknown:AnimatedDrawable: (null) Next Frame Task
06-03 09:15:16.402 10324-10324/uxpp.uc V/unknown:AnimatedDrawable: (null) Next Frame Task
06-03 09:15:16.402 10324-10324/uxpp.uc V/unknown:AnimatedDrawable: (null) Next Frame Task
06-03 09:15:16.402 10324-10324/uxpp.uc V/unknown:AnimatedDrawable: (null) Next frame (0) in 7 ms
06-03 09:15:16.402 10324-10324/uxpp.uc V/unknown:AnimatedDrawable: (null) Next Frame Task
06-03 09:15:16.402 10324-10324/uxpp.uc V/unknown:AnimatedDrawable: (null) Next frame (0) in 7 ms
06-03 09:15:16.402 10324-10324/uxpp.uc V/unknown:ConstrainedExecutorService: SerialExecutor: starting worker 1 of 1
06-03 09:15:16.403 10324-10324/uxpp.uc V/unknown:AnimatedDrawable: (null) Drew frame 7
06-03 09:15:16.403 10324-10324/uxpp.uc V/unknown:AnimatedDrawable: (null) Rendered current frame 7
06-03 09:15:16.403 10324-10324/uxpp.uc V/unknown:AnimatedDrawable: (null) Next frame (8) in 166 ms
06-03 09:15:16.403 10324-10324/uxpp.uc V/unknown:AnimatedDrawable: (null) Trying again later for current 9
06-03 09:15:16.403 10324-10324/uxpp.uc V/unknown:AnimatedDrawable: (null) Rendered last known frame 8
06-03 09:15:16.407 10324-11379/uxpp.uc V/unknown:AnimatedDrawableCachingBackendImpl: Prefetch rendered frame 9
06-03 09:15:16.407 10324-11379/uxpp.uc V/unknown:ConstrainedExecutorService: SerialExecutor: starting worker 1 of 1
06-03 09:15:16.421 10324-10324/uxpp.uc V/unknown:AnimatedDrawable: (null) Next Frame Task
06-03 09:15:16.422 10324-10324/uxpp.uc V/unknown:AnimatedDrawable: (null) Next Frame Task
06-03 09:15:16.422 10324-10324/uxpp.uc V/unknown:AnimatedDrawable: (null) Invalidate Task
06-03 09:15:16.422 10324-10324/uxpp.uc V/unknown:AnimatedDrawable: (null) Drew frame 0
06-03 09:15:16.422 10324-10324/uxpp.uc V/unknown:AnimatedDrawable: (null) Rendered current frame 0
06-03 09:15:16.422 10324-10324/uxpp.uc V/unknown:AnimatedDrawable: (null) Next frame (1) in 86 ms
06-03 09:15:16.423 10324-10324/uxpp.uc V/unknown:AnimatedDrawable: (null) Trying again later for pending 9
06-03 09:15:16.423 10324-10324/uxpp.uc V/unknown:AnimatedDrawable: (null) Rendered last known frame 8
06-03 09:15:16.424 10324-10324/uxpp.uc V/unknown:AnimatedDrawable: (null) Drew frame 0
06-03 09:15:16.424 10324-10324/uxpp.uc V/unknown:AnimatedDrawable: (null) Rendered current frame 0
06-03 09:15:16.424 10324-10324/uxpp.uc V/unknown:AnimatedDrawable: (null) Next frame (1) in 84 ms
06-03 09:15:16.427 10324-11379/uxpp.uc V/unknown:AnimatedDrawableCachingBackendImpl: Creating new bitmap
06-03 09:15:16.427 10324-11379/uxpp.uc V/unknown:AnimatedDrawableCachingBackendImpl: Total bitmaps: 25
06-03 09:15:16.435 10324-11379/uxpp.uc V/unknown:AnimatedDrawableCachingBackendImpl: Prefetch rendered frame 9
06-03 09:15:16.435 10324-11379/uxpp.uc V/unknown:ConstrainedExecutorService: SerialExecutor: starting worker 1 of 1
06-03 09:15:16.435 10324-11379/uxpp.uc V/unknown:ConstrainedExecutorService: SerialExecutor: starting worker 1 of 1
06-03 09:15:16.435 10324-11379/uxpp.uc V/unknown:ConstrainedExecutorService: SerialExecutor: worker finished; 0 workers left
06-03 09:15:16.441 10324-10324/uxpp.uc V/unknown:AnimatedDrawable: (null) Invalidate Task
06-03 09:15:16.442 10324-10324/uxpp.uc V/unknown:ConstrainedExecutorService: SerialExecutor: starting worker 1 of 1
06-03 09:15:16.443 10324-10324/uxpp.uc V/unknown:AnimatedDrawable: (null) Drew frame 9
06-03 09:15:16.443 10324-10324/uxpp.uc V/unknown:AnimatedDrawable: (null) Rendered pending frame 9
06-03 09:15:16.443 10324-10324/uxpp.uc V/unknown:AnimatedDrawable: (null) Drew frame 9
06-03 09:15:16.443 10324-10324/uxpp.uc V/unknown:AnimatedDrawable: (null) Rendered current frame 9
06-03 09:15:16.443 10324-10324/uxpp.uc V/unknown:AnimatedDrawable: (null) Next frame (10) in 25 ms
06-03 09:15:16.447 10324-11375/uxpp.uc V/unknown:ConstrainedExecutorService: SerialExecutor: starting worker 1 of 1
06-03 09:15:16.447 10324-11375/uxpp.uc V/unknown:ConstrainedExecutorService: SerialExecutor: worker finished; 0 workers left
06-03 09:15:16.462 10324-10324/uxpp.uc V/unknown:AnimatedDrawable: (null) Next Frame Task
06-03 09:15:16.464 10324-10324/uxpp.uc V/unknown:AnimatedDrawable: (null) Next frame (10) in 6 ms
06-03 09:15:16.481 10324-10324/uxpp.uc V/unknown:AnimatedDrawable: (null) Next Frame Task
06-03 09:15:16.483 10324-10324/uxpp.uc V/unknown:ConstrainedExecutorService: SerialExecutor: starting worker 1 of 1
06-03 09:15:16.484 10324-10324/uxpp.uc V/unknown:AnimatedDrawable: (null) Trying again later for current 10
06-03 09:15:16.484 10324-10324/uxpp.uc V/unknown:AnimatedDrawable: (null) Rendered last known frame 9
06-03 09:15:16.502 10324-10324/uxpp.uc V/unknown:AnimatedDrawable: (null) Invalidate Task
06-03 09:15:16.503 10324-10324/uxpp.uc V/unknown:AnimatedDrawable: (null) Next Frame Task
06-03 09:15:16.503 10324-10324/uxpp.uc V/unknown:AnimatedDrawable: (null) Next frame (1) in 6 ms
06-03 09:15:16.504 10324-10324/uxpp.uc V/unknown:AnimatedDrawable: (null) Next Frame Task
06-03 09:15:16.504 10324-10324/uxpp.uc V/unknown:AnimatedDrawable: (null) Next frame (1) in 5 ms
06-03 09:15:16.505 10324-10324/uxpp.uc V/unknown:AnimatedDrawable: (null) Trying again later for pending 10
06-03 09:15:16.505 10324-11378/uxpp.uc V/unknown:AnimatedDrawableCachingBackendImpl: Creating new bitmap
06-03 09:15:16.505 10324-10324/uxpp.uc V/unknown:AnimatedDrawable: (null) Rendered last known frame 9
06-03 09:15:16.505 10324-11378/uxpp.uc V/unknown:AnimatedDrawableCachingBackendImpl: Total bitmaps: 26
06-03 09:15:16.522 10324-10324/uxpp.uc V/unknown:AnimatedDrawable: (null) Next Frame Task
06-03 09:15:16.523 10324-10324/uxpp.uc V/unknown:AnimatedDrawable: (null) Next Frame Task
06-03 09:15:16.523 10324-10324/uxpp.uc V/unknown:AnimatedDrawable: (null) Invalidate Task
06-03 09:15:16.526 10324-10324/uxpp.uc V/unknown:AnimatedDrawable: (null) Drew frame 1
06-03 09:15:16.526 10324-10324/uxpp.uc V/unknown:AnimatedDrawable: (null) Rendered current frame 1
06-03 09:15:16.526 10324-10324/uxpp.uc V/unknown:AnimatedDrawable: (null) Next frame (2) in 82 ms
06-03 09:15:16.527 10324-10324/uxpp.uc V/unknown:AnimatedDrawable: (null) Trying again later for pending 10
06-03 09:15:16.527 10324-10324/uxpp.uc V/unknown:AnimatedDrawable: (null) Rendered last known frame 9
06-03 09:15:16.528 10324-11378/uxpp.uc V/unknown:AnimatedDrawableCachingBackendImpl: Prefetch rendered frame 10
06-03 09:15:16.528 10324-10324/uxpp.uc V/unknown:AnimatedDrawable: (null) Drew frame 1
06-03 09:15:16.528 10324-11378/uxpp.uc V/unknown:ConstrainedExecutorService: SerialExecutor: starting worker 1 of 1
06-03 09:15:16.528 10324-10324/uxpp.uc V/unknown:AnimatedDrawable: (null) Rendered current frame 1
06-03 09:15:16.529 10324-10324/uxpp.uc V/unknown:AnimatedDrawable: (null) Next frame (2) in 80 ms
06-03 09:15:16.529 10324-11378/uxpp.uc V/unknown:ConstrainedExecutorService: SerialExecutor: starting worker 1 of 1
06-03 09:15:16.529 10324-11378/uxpp.uc V/unknown:ConstrainedExecutorService: SerialExecutor: worker finished; 0 workers left
06-03 09:15:16.542 10324-10324/uxpp.uc V/unknown:AnimatedDrawable: (null) Invalidate Task
06-03 09:15:16.543 10324-10324/uxpp.uc V/unknown:ConstrainedExecutorService: SerialExecutor: starting worker 1 of 1
06-03 09:15:16.543 10324-10324/uxpp.uc V/unknown:AnimatedDrawable: (null) Drew frame 10
06-03 09:15:16.544 10324-10324/uxpp.uc V/unknown:AnimatedDrawable: (null) Rendered pending frame 10
06-03 09:15:16.544 10324-10324/uxpp.uc V/unknown:AnimatedDrawable: (null) Drew frame 10
06-03 09:15:16.544 10324-10324/uxpp.uc V/unknown:AnimatedDrawable: (null) Rendered current frame 10
06-03 09:15:16.544 10324-10324/uxpp.uc V/unknown:AnimatedDrawable: (null) Next frame (11) in 5 ms
06-03 09:15:16.545 10324-11375/uxpp.uc V/unknown:ConstrainedExecutorService: SerialExecutor: starting worker 1 of 1
06-03 09:15:16.546 10324-11375/uxpp.uc V/unknown:ConstrainedExecutorService: SerialExecutor: worker finished; 0 workers left
06-03 09:15:16.564 10324-10324/uxpp.uc V/unknown:AnimatedDrawable: (null) Next Frame Task
06-03 09:15:16.564 10324-10324/uxpp.uc V/unknown:AnimatedDrawable: (null) Next Frame Task
06-03 09:15:16.564 10324-10324/uxpp.uc V/unknown:AnimatedDrawable: (null) Next frame (8) in 4 ms
06-03 09:15:16.565 10324-10324/uxpp.uc V/unknown:ConstrainedExecutorService: SerialExecutor: starting worker 1 of 1
06-03 09:15:16.565 10324-10324/uxpp.uc V/unknown:AnimatedDrawable: (null) Trying again later for current 11
06-03 09:15:16.565 10324-10324/uxpp.uc V/unknown:AnimatedDrawable: (null) Rendered last known frame 10
06-03 09:15:16.581 10324-10324/uxpp.uc V/unknown:AnimatedDrawable: (null) Next Frame Task
06-03 09:15:16.582 10324-10324/uxpp.uc V/unknown:AnimatedDrawable: (null) Invalidate Task
06-03 09:15:16.583 10324-10324/uxpp.uc V/unknown:AnimatedDrawable: (null) Drew frame 8
06-03 09:15:16.583 10324-10324/uxpp.uc V/unknown:AnimatedDrawable: (null) Rendered current frame 8
06-03 09:15:16.583 10324-10324/uxpp.uc V/unknown:AnimatedDrawable: (null) Next frame (9) in 285 ms
06-03 09:15:16.584 10324-10324/uxpp.uc V/unknown:AnimatedDrawable: (null) Trying again later for pending 11
06-03 09:15:16.584 10324-10324/uxpp.uc V/unknown:AnimatedDrawable: (null) Rendered last known frame 10
06-03 09:15:16.586 10324-11377/uxpp.uc V/unknown:AnimatedDrawableCachingBackendImpl: Creating new bitmap
06-03 09:15:16.587 10324-11377/uxpp.uc V/unknown:AnimatedDrawableCachingBackendImpl: Total bitmaps: 27
06-03 09:15:16.595 10324-11377/uxpp.uc V/unknown:AnimatedDrawableCachingBackendImpl: Prefetch rendered frame 11
06-03 09:15:16.595 10324-11377/uxpp.uc V/unknown:ConstrainedExecutorService: SerialExecutor: starting worker 1 of 1
06-03 09:15:16.595 10324-11377/uxpp.uc V/unknown:ConstrainedExecutorService: SerialExecutor: starting worker 1 of 1
06-03 09:15:16.596 10324-11377/uxpp.uc V/unknown:ConstrainedExecutorService: SerialExecutor: starting worker 1 of 1
06-03 09:15:16.600 10324-11377/uxpp.uc V/unknown:AnimatedDrawableCachingBackendImpl: Prefetch rendered frame 10
06-03 09:15:16.601 10324-11377/uxpp.uc V/unknown:ConstrainedExecutorService: SerialExecutor: worker finished; 0 workers left
06-03 09:15:16.601 10324-10324/uxpp.uc V/unknown:AnimatedDrawable: (null) Invalidate Task
06-03 09:15:16.602 10324-10324/uxpp.uc V/unknown:AnimatedDrawable: (null) Next Frame Task
06-03 09:15:16.602 10324-10324/uxpp.uc V/unknown:AnimatedDrawable: (null) Next frame (2) in 7 ms
06-03 09:15:16.602 10324-10324/uxpp.uc V/unknown:AnimatedDrawable: (null) Next Frame Task
06-03 09:15:16.602 10324-10324/uxpp.uc V/unknown:AnimatedDrawable: (null) Next frame (2) in 7 ms
06-03 09:15:16.602 10324-10324/uxpp.uc V/unknown:ConstrainedExecutorService: SerialExecutor: starting worker 1 of 1
06-03 09:15:16.602 10324-10324/uxpp.uc V/unknown:AnimatedDrawable: (null) Drew frame 11
06-03 09:15:16.603 10324-11379/uxpp.uc V/unknown:ConstrainedExecutorService: SerialExecutor: starting worker 1 of 1
06-03 09:15:16.603 10324-11379/uxpp.uc V/unknown:ConstrainedExecutorService: SerialExecutor: worker finished; 0 workers left
06-03 09:15:16.603 10324-10324/uxpp.uc V/unknown:AnimatedDrawable: (null) Rendered pending frame 11
06-03 09:15:16.603 10324-10324/uxpp.uc V/unknown:ConstrainedExecutorService: SerialExecutor: starting worker 1 of 1
06-03 09:15:16.604 10324-10324/uxpp.uc V/unknown:AnimatedDrawable: (null) Drew frame 11
06-03 09:15:16.604 10324-10324/uxpp.uc V/unknown:AnimatedDrawable: (null) Rendered current frame 11
06-03 09:15:16.604 10324-10324/uxpp.uc V/unknown:AnimatedDrawable: (null) Next frame (12) in 24 ms
06-03 09:15:16.604 10324-11378/uxpp.uc V/unknown:ConstrainedExecutorService: SerialExecutor: starting worker 1 of 1
06-03 09:15:16.604 10324-11378/uxpp.uc V/unknown:ConstrainedExecutorService: SerialExecutor: worker finished; 0 workers left
06-03 09:15:16.621 10324-10324/uxpp.uc V/unknown:AnimatedDrawable: (null) Next Frame Task
06-03 09:15:16.622 10324-10324/uxpp.uc V/unknown:AnimatedDrawable: (null) Next Frame Task
06-03 09:15:16.622 10324-10324/uxpp.uc V/unknown:AnimatedDrawable: (null) Next Frame Task
06-03 09:15:16.622 10324-10324/uxpp.uc V/unknown:AnimatedDrawable: (null) Next frame (12) in 7 ms
06-03 09:15:16.622 10324-10324/uxpp.uc V/unknown:AnimatedDrawable: (null) Drew frame 2
06-03 09:15:16.622 10324-10324/uxpp.uc V/unknown:AnimatedDrawable: (null) Rendered current frame 2
06-03 09:15:16.622 10324-10324/uxpp.uc V/unknown:AnimatedDrawable: (null) Next frame (3) in 86 ms
06-03 09:15:16.623 10324-10324/uxpp.uc V/unknown:AnimatedDrawable: (null) Drew frame 2
06-03 09:15:16.623 10324-10324/uxpp.uc V/unknown:AnimatedDrawable: (null) Rendered current frame 2
06-03 09:15:16.623 10324-10324/uxpp.uc V/unknown:AnimatedDrawable: (null) Next frame (3) in 85 ms
06-03 09:15:16.641 10324-10324/uxpp.uc V/unknown:AnimatedDrawable: (null) Next Frame Task
06-03 09:15:16.642 10324-10324/uxpp.uc V/unknown:ConstrainedExecutorService: SerialExecutor: starting worker 1 of 1
06-03 09:15:16.642 10324-10324/uxpp.uc V/unknown:AnimatedDrawable: (null) Trying again later for current 12
06-03 09:15:16.642 10324-10324/uxpp.uc V/unknown:AnimatedDrawable: (null) Rendered last known frame 11
06-03 09:15:16.661 10324-10324/uxpp.uc V/unknown:AnimatedDrawable: (null) Invalidate Task
06-03 09:15:16.662 10324-10324/uxpp.uc V/unknown:AnimatedDrawable: (null) Trying again later for pending 12
06-03 09:15:16.663 10324-10324/uxpp.uc V/unknown:AnimatedDrawable: (null) Rendered last known frame 11
06-03 09:15:16.663 10324-11375/uxpp.uc V/unknown:AnimatedDrawableCachingBackendImpl: Creating new bitmap
06-03 09:15:16.663 10324-11375/uxpp.uc V/unknown:AnimatedDrawableCachingBackendImpl: Total bitmaps: 28
06-03 09:15:16.669 10324-11375/uxpp.uc V/unknown:AnimatedDrawableCachingBackendImpl: Prefetch rendered frame 12
06-03 09:15:16.669 10324-11375/uxpp.uc V/unknown:ConstrainedExecutorService: SerialExecutor: starting worker 1 of 1
06-03 09:15:16.670 10324-11375/uxpp.uc V/unknown:ConstrainedExecutorService: SerialExecutor: worker finished; 0 workers left
06-03 09:15:16.681 10324-10324/uxpp.uc V/unknown:AnimatedDrawable: (null) Invalidate Task
06-03 09:15:16.682 10324-10324/uxpp.uc V/unknown:ConstrainedExecutorService: SerialExecutor: starting worker 1 of 1
06-03 09:15:16.683 10324-10324/uxpp.uc V/unknown:AnimatedDrawable: (null) Drew frame 12
06-03 09:15:16.683 10324-10324/uxpp.uc V/unknown:AnimatedDrawable: (null) Rendered pending frame 12
06-03 09:15:16.683 10324-10324/uxpp.uc V/unknown:AnimatedDrawable: (null) Drew frame 12
06-03 09:15:16.683 10324-10324/uxpp.uc V/unknown:AnimatedDrawable: (null) Rendered current frame 12
06-03 09:15:16.683 10324-10324/uxpp.uc V/unknown:AnimatedDrawable: (null) Next frame (13) in 25 ms
