06-03 09:16:03.527 10324-10324/uxpp.uc V/unknown:AnimatedDrawable: (null) Drew frame 5
06-03 09:16:03.527 10324-10324/uxpp.uc V/unknown:AnimatedDrawable: (null) Rendered pending frame 5
06-03 09:16:03.528 10324-10324/uxpp.uc V/unknown:AnimatedDrawable: (null) Trying again later for current 6
06-03 09:16:03.534 10324-11378/uxpp.uc V/unknown:AnimatedDrawableCachingBackendImpl: Prefetch rendered frame 6
06-03 09:16:03.534 10324-11378/uxpp.uc V/unknown:ConstrainedExecutorService: SerialExecutor: starting worker 1 of 1
06-03 09:16:03.535 10324-11378/uxpp.uc V/unknown:ConstrainedExecutorService: SerialExecutor: starting worker 1 of 1
06-03 09:16:03.540 10324-10324/uxpp.uc V/unknown:AnimatedDrawable: (null) Invalidate Task
06-03 09:16:03.541 10324-10324/uxpp.uc V/unknown:AnimatedDrawable: (null) Trying again later for pending 6
06-03 09:16:03.541 10324-10324/uxpp.uc V/unknown:AnimatedDrawable: (null) Rendered last known frame 5
06-03 09:16:03.555 10324-11378/uxpp.uc V/unknown:AnimatedDrawableCachingBackendImpl: Creating new bitmap
06-03 09:16:03.555 10324-11378/uxpp.uc V/unknown:AnimatedDrawableCachingBackendImpl: Total bitmaps: 15
06-03 09:16:03.558 10324-10324/uxpp.uc V/unknown:AnimatedDrawable: (null) Invalidate Task
06-03 09:16:03.559 10324-10324/uxpp.uc V/unknown:AnimatedDrawable: (null) Trying again later for pending 6
06-03 09:16:03.560 10324-10324/uxpp.uc V/unknown:AnimatedDrawable: (null) Rendered last known frame 5
06-03 09:16:03.569 10324-11378/uxpp.uc V/unknown:AnimatedDrawableCachingBackendImpl: Prefetch rendered frame 9
06-03 09:16:03.569 10324-11378/uxpp.uc V/unknown:ConstrainedExecutorService: SerialExecutor: starting worker 1 of 1
06-03 09:16:03.578 10324-10324/uxpp.uc V/unknown:AnimatedDrawable: (null) Invalidate Task
06-03 09:16:03.580 10324-10324/uxpp.uc V/unknown:AnimatedDrawable: (null) Next Frame Task
06-03 09:16:03.581 10324-10324/uxpp.uc V/unknown:AnimatedDrawable: (null) Trying again later for pending 6
06-03 09:16:03.581 10324-10324/uxpp.uc V/unknown:AnimatedDrawable: (null) Rendered last known frame 5
06-03 09:16:03.581 10324-10324/uxpp.uc V/unknown:AnimatedDrawable: (null) Trying again later for current 2
06-03 09:16:03.581 10324-10324/uxpp.uc V/unknown:AnimatedDrawable: (null) Rendered last known frame 1
06-03 09:16:03.589 10324-11378/uxpp.uc V/unknown:AnimatedDrawableCachingBackendImpl: Creating new bitmap
06-03 09:16:03.589 10324-11378/uxpp.uc V/unknown:AnimatedDrawableCachingBackendImpl: Total bitmaps: 16
06-03 09:16:03.598 10324-10324/uxpp.uc V/unknown:AnimatedDrawable: (null) Invalidate Task
06-03 09:16:03.599 10324-10324/uxpp.uc V/unknown:AnimatedDrawable: (null) Invalidate Task
06-03 09:16:03.599 10324-10324/uxpp.uc V/unknown:AnimatedDrawable: (null) Next Frame Task
06-03 09:16:03.599 10324-10324/uxpp.uc V/unknown:AnimatedDrawable: (null) Trying again later for pending 6
06-03 09:16:03.599 10324-11378/uxpp.uc V/unknown:AnimatedDrawableCachingBackendImpl: Prefetch rendered frame 6
06-03 09:16:03.600 10324-10324/uxpp.uc V/unknown:AnimatedDrawable: (null) Rendered last known frame 5
06-03 09:16:03.600 10324-11378/uxpp.uc V/unknown:ConstrainedExecutorService: SerialExecutor: starting worker 1 of 1
06-03 09:16:03.600 10324-10324/uxpp.uc V/unknown:AnimatedDrawable: (null) Trying again later for pending 2
06-03 09:16:03.600 10324-10324/uxpp.uc V/unknown:AnimatedDrawable: (null) Rendered last known frame 1
06-03 09:16:03.600 10324-11378/uxpp.uc V/unknown:ConstrainedExecutorService: SerialExecutor: starting worker 1 of 1
06-03 09:16:03.601 10324-11378/uxpp.uc V/unknown:ConstrainedExecutorService: SerialExecutor: starting worker 1 of 1
06-03 09:16:03.601 10324-10324/uxpp.uc V/unknown:AnimatedDrawable: (null) Drew frame 8
06-03 09:16:03.601 10324-10324/uxpp.uc V/unknown:AnimatedDrawable: (null) Rendered current frame 8
06-03 09:16:03.601 10324-10324/uxpp.uc V/unknown:AnimatedDrawable: (null) Next frame (9) in 98 ms
06-03 09:16:03.618 10324-10324/uxpp.uc V/unknown:AnimatedDrawable: (null) Invalidate Task
06-03 09:16:03.619 10324-10324/uxpp.uc V/unknown:AnimatedDrawable: (null) Invalidate Task
06-03 09:16:03.620 10324-10324/uxpp.uc V/unknown:AnimatedDrawable: (null) Drew frame 6
06-03 09:16:03.620 10324-10324/uxpp.uc V/unknown:AnimatedDrawable: (null) Rendered pending frame 6
06-03 09:16:03.620 10324-10324/uxpp.uc V/unknown:AnimatedDrawable: (null) Drew frame 6
06-03 09:16:03.620 10324-10324/uxpp.uc V/unknown:AnimatedDrawable: (null) Rendered current frame 6
06-03 09:16:03.620 10324-10324/uxpp.uc V/unknown:AnimatedDrawable: (null) Next frame (7) in 178 ms
06-03 09:16:03.621 10324-11378/uxpp.uc V/unknown:AnimatedDrawableCachingBackendImpl: Creating new bitmap
06-03 09:16:03.621 10324-10324/uxpp.uc V/unknown:AnimatedDrawable: (null) Trying again later for pending 2
06-03 09:16:03.621 10324-11378/uxpp.uc V/unknown:AnimatedDrawableCachingBackendImpl: Total bitmaps: 17
06-03 09:16:03.621 10324-10324/uxpp.uc V/unknown:AnimatedDrawable: (null) Rendered last known frame 1
06-03 09:16:03.631 10324-11378/uxpp.uc V/unknown:AnimatedDrawableCachingBackendImpl: Prefetch rendered frame 2
06-03 09:16:03.631 10324-11378/uxpp.uc V/unknown:ConstrainedExecutorService: SerialExecutor: starting worker 1 of 1
06-03 09:16:03.632 10324-11378/uxpp.uc V/unknown:ConstrainedExecutorService: SerialExecutor: starting worker 1 of 1
06-03 09:16:03.638 10324-10324/uxpp.uc V/unknown:AnimatedDrawable: (null) Invalidate Task
06-03 09:16:03.640 10324-10324/uxpp.uc V/unknown:AnimatedDrawable: (null) Next Frame Task
06-03 09:16:03.640 10324-10324/uxpp.uc V/unknown:AnimatedDrawable: (null) Next frame (5) in 8 ms
06-03 09:16:03.641 10324-10324/uxpp.uc V/unknown:AnimatedDrawable: (null) Drew frame 2
06-03 09:16:03.641 10324-10324/uxpp.uc V/unknown:AnimatedDrawable: (null) Rendered pending frame 2
06-03 09:16:03.642 10324-10324/uxpp.uc V/unknown:AnimatedDrawable: (null) Drew frame 2
06-03 09:16:03.642 10324-10324/uxpp.uc V/unknown:AnimatedDrawable: (null) Rendered current frame 2
06-03 09:16:03.642 10324-10324/uxpp.uc V/unknown:AnimatedDrawable: (null) Next frame (3) in 37 ms
06-03 09:16:03.644 10324-11378/uxpp.uc V/unknown:AnimatedDrawableCachingBackendImpl: Prefetch rendered frame 10
06-03 09:16:03.644 10324-11378/uxpp.uc V/unknown:ConstrainedExecutorService: SerialExecutor: starting worker 1 of 1
06-03 09:16:03.644 10324-11378/uxpp.uc V/unknown:ConstrainedExecutorService: SerialExecutor: starting worker 1 of 1
06-03 09:16:03.645 10324-11378/uxpp.uc V/unknown:ConstrainedExecutorService: SerialExecutor: starting worker 1 of 1
06-03 09:16:03.645 10324-11378/uxpp.uc V/unknown:ConstrainedExecutorService: SerialExecutor: worker finished; 0 workers left
06-03 09:16:03.658 10324-10324/uxpp.uc V/unknown:AnimatedDrawable: (null) Next Frame Task
06-03 09:16:03.660 10324-10324/uxpp.uc V/unknown:ConstrainedExecutorService: SerialExecutor: starting worker 1 of 1
06-03 09:16:03.660 10324-10324/uxpp.uc V/unknown:AnimatedDrawable: (null) Drew frame 5
06-03 09:16:03.662 10324-10324/uxpp.uc V/unknown:AnimatedDrawable: (null) Rendered current frame 5
06-03 09:16:03.662 10324-10324/uxpp.uc V/unknown:AnimatedDrawable: (null) Next frame (6) in 157 ms
06-03 09:16:03.670 10324-11377/uxpp.uc V/unknown:AnimatedDrawableCachingBackendImpl: Prefetch rendered frame 7
06-03 09:16:03.670 10324-11377/uxpp.uc V/unknown:ConstrainedExecutorService: SerialExecutor: worker finished; 0 workers left
06-03 09:16:03.678 10324-10324/uxpp.uc V/unknown:AnimatedDrawable: (null) Next Frame Task
06-03 09:16:03.679 10324-10324/uxpp.uc V/unknown:ConstrainedExecutorService: SerialExecutor: starting worker 1 of 1
06-03 09:16:03.680 10324-10324/uxpp.uc V/unknown:AnimatedDrawable: (null) Drew frame 3
06-03 09:16:03.680 10324-10324/uxpp.uc V/unknown:AnimatedDrawable: (null) Rendered current frame 3
06-03 09:16:03.680 10324-10324/uxpp.uc V/unknown:AnimatedDrawable: (null) Next frame (4) in 98 ms
06-03 09:16:03.680 10324-11378/uxpp.uc V/unknown:ConstrainedExecutorService: SerialExecutor: worker finished; 0 workers left
06-03 09:16:03.698 10324-10324/uxpp.uc V/unknown:AnimatedDrawable: (null) Next Frame Task
06-03 09:16:03.700 10324-10324/uxpp.uc V/unknown:ConstrainedExecutorService: SerialExecutor: starting worker 1 of 1
06-03 09:16:03.700 10324-10324/uxpp.uc V/unknown:AnimatedDrawable: (null) Drew frame 9
06-03 09:16:03.700 10324-10324/uxpp.uc V/unknown:AnimatedDrawable: (null) Rendered current frame 9
06-03 09:16:03.700 10324-10324/uxpp.uc V/unknown:AnimatedDrawable: (null) Next frame (10) in 98 ms
06-03 09:16:03.728 10324-11375/uxpp.uc V/unknown:AnimatedDrawableCachingBackendImpl: Prefetch rendered frame 11
06-03 09:16:03.728 10324-11375/uxpp.uc V/unknown:ConstrainedExecutorService: SerialExecutor: worker finished; 0 workers left
06-03 09:16:03.778 10324-10324/uxpp.uc V/unknown:AnimatedDrawable: (null) Next Frame Task
06-03 09:16:03.781 10324-10324/uxpp.uc V/unknown:ConstrainedExecutorService: SerialExecutor: starting worker 1 of 1
06-03 09:16:03.781 10324-10324/uxpp.uc V/unknown:AnimatedDrawable: (null) Trying again later for current 4
06-03 09:16:03.782 10324-10324/uxpp.uc V/unknown:AnimatedDrawable: (null) Rendered last known frame 3
06-03 09:16:03.799 10324-10324/uxpp.uc V/unknown:AnimatedDrawable: (null) Invalidate Task
06-03 09:16:03.800 10324-10324/uxpp.uc V/unknown:AnimatedDrawable: (null) Next Frame Task
06-03 09:16:03.800 10324-10324/uxpp.uc V/unknown:AnimatedDrawable: (null) Next Frame Task
06-03 09:16:03.803 10324-10324/uxpp.uc V/unknown:AnimatedDrawable: (null) Trying again later for current 7
06-03 09:16:03.803 10324-10324/uxpp.uc V/unknown:AnimatedDrawable: (null) Rendered last known frame 6
06-03 09:16:03.804 10324-10324/uxpp.uc V/unknown:AnimatedDrawable: (null) Trying again later for pending 4
06-03 09:16:03.804 10324-10324/uxpp.uc V/unknown:AnimatedDrawable: (null) Rendered last known frame 3
06-03 09:16:03.805 10324-10324/uxpp.uc V/unknown:AnimatedDrawable: (null) Drew frame 10
06-03 09:16:03.805 10324-10324/uxpp.uc V/unknown:AnimatedDrawable: (null) Rendered current frame 10
06-03 09:16:03.806 10324-10324/uxpp.uc V/unknown:AnimatedDrawable: (null) Next frame (11) in 93 ms
06-03 09:16:03.807 10324-11379/uxpp.uc V/unknown:AnimatedDrawableCachingBackendImpl: Creating new bitmap
06-03 09:16:03.807 10324-11379/uxpp.uc V/unknown:AnimatedDrawableCachingBackendImpl: Total bitmaps: 18
06-03 09:16:03.819 10324-10324/uxpp.uc V/unknown:AnimatedDrawable: (null) Invalidate Task
06-03 09:16:03.820 10324-10324/uxpp.uc V/unknown:AnimatedDrawable: (null) Invalidate Task
06-03 09:16:03.821 10324-10324/uxpp.uc V/unknown:AnimatedDrawable: (null) Next Frame Task
06-03 09:16:03.823 10324-10324/uxpp.uc V/unknown:AnimatedDrawable: (null) Drew frame 6
06-03 09:16:03.823 10324-10324/uxpp.uc V/unknown:AnimatedDrawable: (null) Rendered current frame 6
06-03 09:16:03.823 10324-10324/uxpp.uc V/unknown:AnimatedDrawable: (null) Next frame (7) in 165 ms
06-03 09:16:03.824 10324-10324/uxpp.uc V/unknown:AnimatedDrawable: (null) Trying again later for pending 7
06-03 09:16:03.824 10324-10324/uxpp.uc V/unknown:AnimatedDrawable: (null) Rendered last known frame 6
06-03 09:16:03.825 10324-10324/uxpp.uc V/unknown:AnimatedDrawable: (null) Trying again later for pending 4
06-03 09:16:03.825 10324-10324/uxpp.uc V/unknown:AnimatedDrawable: (null) Rendered last known frame 3
06-03 09:16:03.828 10324-11379/uxpp.uc V/unknown:AnimatedDrawableCachingBackendImpl: Prefetch rendered frame 4
06-03 09:16:03.828 10324-11379/uxpp.uc V/unknown:ConstrainedExecutorService: SerialExecutor: starting worker 1 of 1
06-03 09:16:03.839 10324-10324/uxpp.uc V/unknown:AnimatedDrawable: (null) Invalidate Task
06-03 09:16:03.839 10324-10324/uxpp.uc V/unknown:AnimatedDrawable: (null) Invalidate Task
06-03 09:16:03.841 10324-10324/uxpp.uc V/unknown:AnimatedDrawable: (null) Trying again later for pending 7
06-03 09:16:03.841 10324-10324/uxpp.uc V/unknown:AnimatedDrawable: (null) Rendered last known frame 6
06-03 09:16:03.842 10324-10324/uxpp.uc V/unknown:AnimatedDrawable: (null) Drew frame 4
06-03 09:16:03.842 10324-10324/uxpp.uc V/unknown:AnimatedDrawable: (null) Rendered pending frame 4
06-03 09:16:03.842 10324-10324/uxpp.uc V/unknown:AnimatedDrawable: (null) Drew frame 4
06-03 09:16:03.842 10324-10324/uxpp.uc V/unknown:AnimatedDrawable: (null) Rendered current frame 4
06-03 09:16:03.843 10324-10324/uxpp.uc V/unknown:AnimatedDrawable: (null) Next frame (5) in 36 ms
06-03 09:16:03.849 10324-11379/uxpp.uc V/unknown:AnimatedDrawableCachingBackendImpl: Creating new bitmap
06-03 09:16:03.849 10324-11379/uxpp.uc V/unknown:AnimatedDrawableCachingBackendImpl: Total bitmaps: 19
06-03 09:16:03.857 10324-11379/uxpp.uc V/unknown:AnimatedDrawableCachingBackendImpl: Prefetch rendered frame 7
06-03 09:16:03.859 10324-11379/uxpp.uc V/unknown:ConstrainedExecutorService: SerialExecutor: starting worker 1 of 1
06-03 09:16:03.859 10324-11379/uxpp.uc V/unknown:ConstrainedExecutorService: SerialExecutor: starting worker 1 of 1
06-03 09:16:03.860 10324-10324/uxpp.uc V/unknown:AnimatedDrawable: (null) Invalidate Task
06-03 09:16:03.861 10324-11379/uxpp.uc V/unknown:ConstrainedExecutorService: SerialExecutor: starting worker 1 of 1
06-03 09:16:03.864 10324-10324/uxpp.uc V/unknown:AnimatedDrawable: (null) Drew frame 7
06-03 09:16:03.864 10324-10324/uxpp.uc V/unknown:AnimatedDrawable: (null) Rendered pending frame 7
06-03 09:16:03.865 10324-10324/uxpp.uc V/unknown:AnimatedDrawable: (null) Drew frame 7
06-03 09:16:03.865 10324-10324/uxpp.uc V/unknown:AnimatedDrawable: (null) Rendered current frame 7
06-03 09:16:03.865 10324-10324/uxpp.uc V/unknown:AnimatedDrawable: (null) Next frame (8) in 14 ms
06-03 09:16:03.873 10324-11379/uxpp.uc V/unknown:AnimatedDrawableCachingBackendImpl: Prefetch rendered frame 12
06-03 09:16:03.873 10324-11379/uxpp.uc V/unknown:ConstrainedExecutorService: SerialExecutor: starting worker 1 of 1
06-03 09:16:03.880 10324-10324/uxpp.uc V/unknown:AnimatedDrawable: (null) Next Frame Task
06-03 09:16:03.882 10324-10324/uxpp.uc V/unknown:AnimatedDrawable: (null) Next Frame Task
06-03 09:16:03.883 10324-11379/uxpp.uc V/unknown:AnimatedDrawableCachingBackendImpl: Prefetch rendered frame 8
06-03 09:16:03.883 10324-10324/uxpp.uc V/unknown:AnimatedDrawable: (null) Trying again later for current 8
06-03 09:16:03.883 10324-11379/uxpp.uc V/unknown:ConstrainedExecutorService: SerialExecutor: starting worker 1 of 1
06-03 09:16:03.883 10324-10324/uxpp.uc V/unknown:AnimatedDrawable: (null) Rendered last known frame 7
06-03 09:16:03.883 10324-10324/uxpp.uc V/unknown:AnimatedDrawable: (null) Drew frame 5
06-03 09:16:03.883 10324-10324/uxpp.uc V/unknown:AnimatedDrawable: (null) Rendered current frame 5
06-03 09:16:03.884 10324-10324/uxpp.uc V/unknown:AnimatedDrawable: (null) Next frame (0) in 95 ms
06-03 09:16:03.898 10324-10324/uxpp.uc V/unknown:AnimatedDrawable: (null) Invalidate Task
06-03 09:16:03.899 10324-10324/uxpp.uc V/unknown:AnimatedDrawable: (null) Next Frame Task
06-03 09:16:03.900 10324-10324/uxpp.uc V/unknown:AnimatedDrawable: (null) Trying again later for pending 8
06-03 09:16:03.900 10324-10324/uxpp.uc V/unknown:AnimatedDrawable: (null) Rendered last known frame 7
06-03 09:16:03.901 10324-10324/uxpp.uc V/unknown:AnimatedDrawable: (null) Drew frame 11
06-03 09:16:03.901 10324-10324/uxpp.uc V/unknown:AnimatedDrawable: (null) Rendered current frame 11
06-03 09:16:03.901 10324-10324/uxpp.uc V/unknown:AnimatedDrawable: (null) Next frame (12) in 97 ms
06-03 09:16:03.903 10324-11379/uxpp.uc V/unknown:AnimatedDrawableCachingBackendImpl: Creating new bitmap
06-03 09:16:03.903 10324-11379/uxpp.uc V/unknown:AnimatedDrawableCachingBackendImpl: Total bitmaps: 20
06-03 09:16:03.916 10324-10324/uxpp.uc V/unknown:AnimatedDrawable: (null) Watchdog Task
06-03 09:16:03.916 10324-10324/uxpp.uc V/unknown:AnimatedDrawable: (null) Watchdog Task
06-03 09:16:03.916 10324-10324/uxpp.uc V/unknown:AnimatedDrawable: (null) Watchdog Task
06-03 09:16:03.916 10324-10324/uxpp.uc V/unknown:AnimatedDrawable: (null) Watchdog Task
06-03 09:16:03.918 10324-10324/uxpp.uc V/unknown:AnimatedDrawable: (null) Invalidate Task
06-03 09:16:03.921 10324-11379/uxpp.uc V/unknown:AnimatedDrawableCachingBackendImpl: Prefetch rendered frame 8
06-03 09:16:03.922 10324-11379/uxpp.uc V/unknown:ConstrainedExecutorService: SerialExecutor: starting worker 1 of 1
06-03 09:16:03.922 10324-11379/uxpp.uc V/unknown:ConstrainedExecutorService: SerialExecutor: starting worker 1 of 1
06-03 09:16:03.923 10324-11379/uxpp.uc V/unknown:ConstrainedExecutorService: SerialExecutor: starting worker 1 of 1
06-03 09:16:03.926 10324-10324/uxpp.uc V/unknown:AnimatedDrawable: (null) Drew frame 8
06-03 09:16:03.926 10324-10324/uxpp.uc V/unknown:AnimatedDrawable: (null) Rendered pending frame 8
06-03 09:16:03.927 10324-10324/uxpp.uc V/unknown:AnimatedDrawable: (null) Drew frame 8
06-03 09:16:03.927 10324-10324/uxpp.uc V/unknown:AnimatedDrawable: (null) Rendered current frame 8
06-03 09:16:03.927 10324-10324/uxpp.uc V/unknown:AnimatedDrawable: (null) Next frame (9) in 32 ms
06-03 09:16:03.936 10324-11379/uxpp.uc V/unknown:AnimatedDrawableCachingBackendImpl: Prefetch rendered frame 13
06-03 09:16:03.936 10324-11379/uxpp.uc V/unknown:ConstrainedExecutorService: SerialExecutor: starting worker 1 of 1
06-03 09:16:03.937 10324-11379/uxpp.uc V/unknown:ConstrainedExecutorService: SerialExecutor: starting worker 1 of 1
06-03 09:16:03.937 10324-11379/uxpp.uc V/unknown:ConstrainedExecutorService: SerialExecutor: worker finished; 0 workers left
06-03 09:16:03.958 10324-10324/uxpp.uc V/unknown:AnimatedDrawable: (null) Next Frame Task
06-03 09:16:03.959 10324-10324/uxpp.uc V/unknown:ConstrainedExecutorService: SerialExecutor: starting worker 1 of 1
06-03 09:16:03.960 10324-10324/uxpp.uc V/unknown:AnimatedDrawable: (null) Trying again later for current 9
06-03 09:16:03.960 10324-10324/uxpp.uc V/unknown:AnimatedDrawable: (null) Rendered last known frame 8
06-03 09:16:03.978 10324-10324/uxpp.uc V/unknown:AnimatedDrawable: (null) Invalidate Task
06-03 09:16:03.979 10324-10324/uxpp.uc V/unknown:AnimatedDrawable: (null) Next Frame Task
06-03 09:16:03.979 10324-10324/uxpp.uc V/unknown:AnimatedDrawable: (null) Next Frame Task
06-03 09:16:03.979 10324-10324/uxpp.uc V/unknown:AnimatedDrawable: (null) Next frame (7) in 10 ms
06-03 09:16:03.980 10324-10324/uxpp.uc V/unknown:AnimatedDrawable: (null) Trying again later for pending 9
06-03 09:16:03.980 10324-10324/uxpp.uc V/unknown:AnimatedDrawable: (null) Rendered last known frame 8
06-03 09:16:03.980 10324-10324/uxpp.uc V/unknown:AnimatedDrawable: (null) Drew frame 0
06-03 09:16:03.980 10324-10324/uxpp.uc V/unknown:AnimatedDrawable: (null) Rendered current frame 0
06-03 09:16:03.980 10324-10324/uxpp.uc V/unknown:AnimatedDrawable: (null) Next frame (1) in 98 ms
06-03 09:16:03.981 10324-11375/uxpp.uc V/unknown:AnimatedDrawableCachingBackendImpl: Creating new bitmap
06-03 09:16:03.981 10324-11375/uxpp.uc V/unknown:AnimatedDrawableCachingBackendImpl: Total bitmaps: 21
06-03 09:16:03.992 10324-11375/uxpp.uc V/unknown:AnimatedDrawableCachingBackendImpl: Prefetch rendered frame 9
06-03 09:16:03.992 10324-11375/uxpp.uc V/unknown:ConstrainedExecutorService: SerialExecutor: starting worker 1 of 1
06-03 09:16:03.992 10324-11375/uxpp.uc V/unknown:ConstrainedExecutorService: SerialExecutor: starting worker 1 of 1
06-03 09:16:03.993 10324-11375/uxpp.uc V/unknown:ConstrainedExecutorService: SerialExecutor: worker finished; 0 workers left
06-03 09:16:03.998 10324-10324/uxpp.uc V/unknown:AnimatedDrawable: (null) Next Frame Task
06-03 09:16:03.999 10324-10324/uxpp.uc V/unknown:AnimatedDrawable: (null) Invalidate Task
06-03 09:16:03.999 10324-10324/uxpp.uc V/unknown:AnimatedDrawable: (null) Next Frame Task
06-03 09:16:04.000 10324-10324/uxpp.uc V/unknown:ConstrainedExecutorService: SerialExecutor: starting worker 1 of 1
06-03 09:16:04.001 10324-10324/uxpp.uc V/unknown:AnimatedDrawable: (null) Drew frame 7
06-03 09:16:04.001 10324-10324/uxpp.uc V/unknown:AnimatedDrawable: (null) Rendered current frame 7
06-03 09:16:04.001 10324-10324/uxpp.uc V/unknown:AnimatedDrawable: (null) Next frame (8) in 158 ms
06-03 09:16:04.002 10324-10324/uxpp.uc V/unknown:AnimatedDrawable: (null) Drew frame 9
06-03 09:16:04.002 10324-10324/uxpp.uc V/unknown:AnimatedDrawable: (null) Rendered pending frame 9
06-03 09:16:04.002 10324-10324/uxpp.uc V/unknown:AnimatedDrawable: (null) Drew frame 9
06-03 09:16:04.002 10324-10324/uxpp.uc V/unknown:AnimatedDrawable: (null) Rendered current frame 9
06-03 09:16:04.002 10324-10324/uxpp.uc V/unknown:AnimatedDrawable: (null) Next frame (10) in 36 ms
06-03 09:16:04.003 10324-10324/uxpp.uc V/unknown:AnimatedDrawable: (null) Drew frame 12
06-03 09:16:04.003 10324-10324/uxpp.uc V/unknown:AnimatedDrawable: (null) Rendered current frame 12
06-03 09:16:04.003 10324-10324/uxpp.uc V/unknown:AnimatedDrawable: (null) Next frame (13) in 95 ms
06-03 09:16:04.011 10324-11378/uxpp.uc V/unknown:AnimatedDrawableCachingBackendImpl: Prefetch rendered frame 9
06-03 09:16:04.011 10324-11378/uxpp.uc V/unknown:ConstrainedExecutorService: SerialExecutor: starting worker 1 of 1
06-03 09:16:04.012 10324-11378/uxpp.uc V/unknown:ConstrainedExecutorService: SerialExecutor: starting worker 1 of 1
06-03 09:16:04.012 10324-11378/uxpp.uc V/unknown:ConstrainedExecutorService: SerialExecutor: starting worker 1 of 1
06-03 09:16:04.023 10324-11378/uxpp.uc V/unknown:AnimatedDrawableCachingBackendImpl: Prefetch rendered frame 14
06-03 09:16:04.024 10324-11378/uxpp.uc V/unknown:ConstrainedExecutorService: SerialExecutor: worker finished; 0 workers left
06-03 09:16:04.038 10324-10324/uxpp.uc V/unknown:AnimatedDrawable: (null) Next Frame Task
06-03 09:16:04.040 10324-10324/uxpp.uc V/unknown:ConstrainedExecutorService: SerialExecutor: starting worker 1 of 1
06-03 09:16:04.040 10324-10324/uxpp.uc V/unknown:AnimatedDrawable: (null) Trying again later for current 10
06-03 09:16:04.040 10324-10324/uxpp.uc V/unknown:AnimatedDrawable: (null) Rendered last known frame 9
06-03 09:16:04.058 10324-10324/uxpp.uc V/unknown:AnimatedDrawable: (null) Invalidate Task
06-03 09:16:04.059 10324-10324/uxpp.uc V/unknown:AnimatedDrawable: (null) Trying again later for pending 10
06-03 09:16:04.059 10324-10324/uxpp.uc V/unknown:AnimatedDrawable: (null) Rendered last known frame 9
06-03 09:16:04.060 10324-11379/uxpp.uc V/unknown:AnimatedDrawableCachingBackendImpl: Creating new bitmap
06-03 09:16:04.061 10324-11379/uxpp.uc V/unknown:AnimatedDrawableCachingBackendImpl: Total bitmaps: 22
06-03 09:16:04.071 10324-11379/uxpp.uc V/unknown:AnimatedDrawableCachingBackendImpl: Prefetch rendered frame 10
06-03 09:16:04.072 10324-11379/uxpp.uc V/unknown:ConstrainedExecutorService: SerialExecutor: starting worker 1 of 1
06-03 09:16:04.072 10324-11379/uxpp.uc V/unknown:ConstrainedExecutorService: SerialExecutor: starting worker 1 of 1
06-03 09:16:04.072 10324-11379/uxpp.uc V/unknown:ConstrainedExecutorService: SerialExecutor: worker finished; 0 workers left
06-03 09:16:04.078 10324-10324/uxpp.uc V/unknown:AnimatedDrawable: (null) Invalidate Task
06-03 09:16:04.079 10324-10324/uxpp.uc V/unknown:AnimatedDrawable: (null) Next Frame Task
06-03 09:16:04.081 10324-10324/uxpp.uc V/unknown:ConstrainedExecutorService: SerialExecutor: starting worker 1 of 1
06-03 09:16:04.081 10324-10324/uxpp.uc V/unknown:AnimatedDrawable: (null) Drew frame 10
06-03 09:16:04.081 10324-10324/uxpp.uc V/unknown:AnimatedDrawable: (null) Rendered pending frame 10
06-03 09:16:04.082 10324-10324/uxpp.uc V/unknown:AnimatedDrawable: (null) Drew frame 10
06-03 09:16:04.082 10324-10324/uxpp.uc V/unknown:AnimatedDrawable: (null) Rendered current frame 10
06-03 09:16:04.082 10324-10324/uxpp.uc V/unknown:AnimatedDrawable: (null) Next frame (11) in 36 ms
06-03 09:16:04.082 10324-11378/uxpp.uc V/unknown:ConstrainedExecutorService: SerialExecutor: starting worker 1 of 1
06-03 09:16:04.083 10324-11378/uxpp.uc V/unknown:ConstrainedExecutorService: SerialExecutor: worker finished; 0 workers left
06-03 09:16:04.083 10324-10324/uxpp.uc V/unknown:AnimatedDrawable: (null) Drew frame 1
06-03 09:16:04.083 10324-10324/uxpp.uc V/unknown:AnimatedDrawable: (null) Rendered current frame 1
06-03 09:16:04.083 10324-10324/uxpp.uc V/unknown:AnimatedDrawable: (null) Next frame (2) in 95 ms
06-03 09:16:04.098 10324-10324/uxpp.uc V/unknown:AnimatedDrawable: (null) Next Frame Task
06-03 09:16:04.101 10324-10324/uxpp.uc V/unknown:ConstrainedExecutorService: SerialExecutor: starting worker 1 of 1
06-03 09:16:04.102 10324-10324/uxpp.uc V/unknown:AnimatedDrawable: (null) Drew frame 13
06-03 09:16:04.102 10324-10324/uxpp.uc V/unknown:AnimatedDrawable: (null) Rendered current frame 13
06-03 09:16:04.103 10324-10324/uxpp.uc V/unknown:AnimatedDrawable: (null) Next frame (14) in 96 ms
06-03 09:16:04.111 10324-11379/uxpp.uc V/unknown:AnimatedDrawableCachingBackendImpl: Prefetch rendered frame 15
06-03 09:16:04.111 10324-11379/uxpp.uc V/unknown:ConstrainedExecutorService: SerialExecutor: worker finished; 0 workers left
06-03 09:16:04.119 10324-10324/uxpp.uc V/unknown:AnimatedDrawable: (null) Next Frame Task
06-03 09:16:04.121 10324-10324/uxpp.uc V/unknown:ConstrainedExecutorService: SerialExecutor: starting worker 1 of 1
06-03 09:16:04.122 10324-10324/uxpp.uc V/unknown:AnimatedDrawable: (null) Trying again later for current 11
06-03 09:16:04.123 10324-10324/uxpp.uc V/unknown:AnimatedDrawable: (null) Rendered last known frame 10
06-03 09:16:04.139 10324-10324/uxpp.uc V/unknown:AnimatedDrawable: (null) Invalidate Task
06-03 09:16:04.142 10324-10324/uxpp.uc V/unknown:AnimatedDrawable: (null) Trying again later for pending 11
06-03 09:16:04.142 10324-10324/uxpp.uc V/unknown:AnimatedDrawable: (null) Rendered last known frame 10
06-03 09:16:04.142 10324-11377/uxpp.uc V/unknown:AnimatedDrawableCachingBackendImpl: Creating new bitmap
06-03 09:16:04.143 10324-11377/uxpp.uc V/unknown:AnimatedDrawableCachingBackendImpl: Total bitmaps: 23
06-03 09:16:04.154 10324-11377/uxpp.uc V/unknown:AnimatedDrawableCachingBackendImpl: Prefetch rendered frame 11
06-03 09:16:04.155 10324-11377/uxpp.uc V/unknown:ConstrainedExecutorService: SerialExecutor: starting worker 1 of 1
06-03 09:16:04.155 10324-11377/uxpp.uc V/unknown:ConstrainedExecutorService: SerialExecutor: starting worker 1 of 1
06-03 09:16:04.156 10324-11377/uxpp.uc V/unknown:ConstrainedExecutorService: SerialExecutor: worker finished; 0 workers left
06-03 09:16:04.160 10324-10324/uxpp.uc V/unknown:AnimatedDrawable: (null) Invalidate Task
06-03 09:16:04.160 10324-10324/uxpp.uc V/unknown:AnimatedDrawable: (null) Next Frame Task
06-03 09:16:04.163 10324-10324/uxpp.uc V/unknown:ConstrainedExecutorService: SerialExecutor: starting worker 1 of 1
06-03 09:16:04.164 10324-10324/uxpp.uc V/unknown:AnimatedDrawable: (null) Drew frame 8
06-03 09:16:04.164 10324-10324/uxpp.uc V/unknown:AnimatedDrawable: (null) Rendered current frame 8
06-03 09:16:04.164 10324-10324/uxpp.uc V/unknown:AnimatedDrawable: (null) Next frame (9) in 294 ms
06-03 09:16:04.166 10324-10324/uxpp.uc V/unknown:AnimatedDrawable: (null) Drew frame 11
06-03 09:16:04.166 10324-10324/uxpp.uc V/unknown:AnimatedDrawable: (null) Rendered pending frame 11
06-03 09:16:04.167 10324-10324/uxpp.uc V/unknown:AnimatedDrawable: (null) Drew frame 11
06-03 09:16:04.167 10324-10324/uxpp.uc V/unknown:AnimatedDrawable: (null) Rendered current frame 11
06-03 09:16:04.167 10324-10324/uxpp.uc V/unknown:AnimatedDrawable: (null) Next frame (12) in 32 ms
06-03 09:16:04.179 10324-10324/uxpp.uc V/unknown:AnimatedDrawable: (null) Next Frame Task
06-03 09:16:04.181 10324-10324/uxpp.uc V/unknown:AnimatedDrawable: (null) Drew frame 2
06-03 09:16:04.181 10324-10324/uxpp.uc V/unknown:AnimatedDrawable: (null) Rendered current frame 2
06-03 09:16:04.182 10324-10324/uxpp.uc V/unknown:AnimatedDrawable: (null) Next frame (3) in 97 ms
06-03 09:16:04.195 10324-11379/uxpp.uc V/unknown:AnimatedDrawableCachingBackendImpl: Prefetch rendered frame 10
06-03 09:16:04.195 10324-11379/uxpp.uc V/unknown:ConstrainedExecutorService: SerialExecutor: starting worker 1 of 1
06-03 09:16:04.196 10324-11379/uxpp.uc V/unknown:ConstrainedExecutorService: SerialExecutor: starting worker 1 of 1
06-03 09:16:04.196 10324-11379/uxpp.uc V/unknown:ConstrainedExecutorService: SerialExecutor: worker finished; 0 workers left
06-03 09:16:04.199 10324-10324/uxpp.uc V/unknown:AnimatedDrawable: (null) Next Frame Task
06-03 09:16:04.201 10324-10324/uxpp.uc V/unknown:AnimatedDrawable: (null) Next Frame Task
06-03 09:16:04.203 10324-10324/uxpp.uc V/unknown:ConstrainedExecutorService: SerialExecutor: starting worker 1 of 1
06-03 09:16:04.204 10324-10324/uxpp.uc V/unknown:AnimatedDrawable: (null) Trying again later for current 12
06-03 09:16:04.204 10324-10324/uxpp.uc V/unknown:AnimatedDrawable: (null) Rendered last known frame 11
06-03 09:16:04.205 10324-10324/uxpp.uc V/unknown:AnimatedDrawable: (null) Drew frame 14
06-03 09:16:04.205 10324-10324/uxpp.uc V/unknown:AnimatedDrawable: (null) Rendered current frame 14
06-03 09:16:04.205 10324-10324/uxpp.uc V/unknown:AnimatedDrawable: (null) Next frame (15) in 93 ms
06-03 09:16:04.219 10324-10324/uxpp.uc V/unknown:AnimatedDrawable: (null) Invalidate Task
06-03 09:16:04.221 10324-10324/uxpp.uc V/unknown:AnimatedDrawable: (null) Trying again later for pending 12
06-03 09:16:04.221 10324-10324/uxpp.uc V/unknown:AnimatedDrawable: (null) Rendered last known frame 11
06-03 09:16:04.225 10324-11377/uxpp.uc V/unknown:AnimatedDrawableCachingBackendImpl: Creating new bitmap
06-03 09:16:04.225 10324-11377/uxpp.uc V/unknown:AnimatedDrawableCachingBackendImpl: Total bitmaps: 24
06-03 09:16:04.237 10324-11377/uxpp.uc V/unknown:AnimatedDrawableCachingBackendImpl: Prefetch rendered frame 12
06-03 09:16:04.238 10324-11377/uxpp.uc V/unknown:ConstrainedExecutorService: SerialExecutor: starting worker 1 of 1
06-03 09:16:04.238 10324-11377/uxpp.uc V/unknown:ConstrainedExecutorService: SerialExecutor: starting worker 1 of 1
06-03 09:16:04.239 10324-10324/uxpp.uc V/unknown:AnimatedDrawable: (null) Invalidate Task
06-03 09:16:04.240 10324-10324/uxpp.uc V/unknown:AnimatedDrawable: (null) Drew frame 12
06-03 09:16:04.240 10324-10324/uxpp.uc V/unknown:AnimatedDrawable: (null) Rendered pending frame 12
06-03 09:16:04.241 10324-10324/uxpp.uc V/unknown:AnimatedDrawable: (null) Drew frame 12
06-03 09:16:04.241 10324-10324/uxpp.uc V/unknown:AnimatedDrawable: (null) Rendered current frame 12
06-03 09:16:04.241 10324-10324/uxpp.uc V/unknown:AnimatedDrawable: (null) Next frame (13) in 37 ms
06-03 09:16:04.253 10324-11377/uxpp.uc V/unknown:AnimatedDrawableCachingBackendImpl: Prefetch rendered frame 0
06-03 09:16:04.253 10324-11377/uxpp.uc V/unknown:ConstrainedExecutorService: SerialExecutor: starting worker 1 of 1
06-03 09:16:04.254 10324-11377/uxpp.uc V/unknown:ConstrainedExecutorService: SerialExecutor: worker finished; 0 workers left
06-03 09:16:04.279 10324-10324/uxpp.uc V/unknown:AnimatedDrawable: (null) Next Frame Task
06-03 09:16:04.280 10324-10324/uxpp.uc V/unknown:AnimatedDrawable: (null) Next Frame Task
06-03 09:16:04.282 10324-10324/uxpp.uc V/unknown:ConstrainedExecutorService: SerialExecutor: starting worker 1 of 1
06-03 09:16:04.282 10324-10324/uxpp.uc V/unknown:AnimatedDrawable: (null) Trying again later for current 13
06-03 09:16:04.283 10324-10324/uxpp.uc V/unknown:AnimatedDrawable: (null) Rendered last known frame 12
06-03 09:16:04.284 10324-10324/uxpp.uc V/unknown:AnimatedDrawable: (null) Drew frame 3
06-03 09:16:04.284 10324-10324/uxpp.uc V/unknown:AnimatedDrawable: (null) Rendered current frame 3
06-03 09:16:04.285 10324-10324/uxpp.uc V/unknown:AnimatedDrawable: (null) Next frame (4) in 94 ms
06-03 09:16:04.301 10324-10324/uxpp.uc V/unknown:AnimatedDrawable: (null) Invalidate Task
06-03 09:16:04.301 10324-10324/uxpp.uc V/unknown:AnimatedDrawable: (null) Next Frame Task
06-03 09:16:04.303 10324-10324/uxpp.uc V/unknown:AnimatedDrawable: (null) Trying again later for pending 13
06-03 09:16:04.303 10324-10324/uxpp.uc V/unknown:AnimatedDrawable: (null) Rendered last known frame 12
06-03 09:16:04.304 10324-11379/uxpp.uc V/unknown:AnimatedDrawableCachingBackendImpl: Creating new bitmap
06-03 09:16:04.304 10324-11379/uxpp.uc V/unknown:AnimatedDrawableCachingBackendImpl: Total bitmaps: 25
06-03 09:16:04.305 10324-10324/uxpp.uc V/unknown:AnimatedDrawable: (null) Drew frame 15
06-03 09:16:04.305 10324-10324/uxpp.uc V/unknown:AnimatedDrawable: (null) Rendered current frame 15
06-03 09:16:04.305 10324-10324/uxpp.uc V/unknown:AnimatedDrawable: (null) Next frame (0) in 93 ms
06-03 09:16:04.319 10324-10324/uxpp.uc V/unknown:AnimatedDrawable: (null) Invalidate Task
06-03 09:16:04.320 10324-10324/uxpp.uc V/unknown:AnimatedDrawable: (null) Trying again later for pending 13
06-03 09:16:04.321 10324-10324/uxpp.uc V/unknown:AnimatedDrawable: (null) Rendered last known frame 12
06-03 09:16:04.325 10324-11379/uxpp.uc V/unknown:AnimatedDrawableCachingBackendImpl: Prefetch rendered frame 13
06-03 09:16:04.325 10324-11379/uxpp.uc V/unknown:ConstrainedExecutorService: SerialExecutor: starting worker 1 of 1
06-03 09:16:04.335 10324-11379/uxpp.uc V/unknown:AnimatedDrawableCachingBackendImpl: Prefetch rendered frame 1
06-03 09:16:04.335 10324-11379/uxpp.uc V/unknown:ConstrainedExecutorService: SerialExecutor: worker finished; 0 workers left
06-03 09:16:04.338 10324-10324/uxpp.uc V/unknown:AnimatedDrawable: (null) Invalidate Task
06-03 09:16:04.339 10324-10324/uxpp.uc V/unknown:AnimatedDrawable: (null) Drew frame 13
06-03 09:16:04.339 10324-10324/uxpp.uc V/unknown:AnimatedDrawable: (null) Rendered pending frame 13
06-03 09:16:04.340 10324-10324/uxpp.uc V/unknown:AnimatedDrawable: (null) Drew frame 13
06-03 09:16:04.340 10324-10324/uxpp.uc V/unknown:AnimatedDrawable: (null) Rendered current frame 13
06-03 09:16:04.340 10324-10324/uxpp.uc V/unknown:AnimatedDrawable: (null) Next frame (0) in 88 ms
06-03 09:16:04.378 10324-10324/uxpp.uc V/unknown:AnimatedDrawable: (null) Next Frame Task
06-03 09:16:04.380 10324-10324/uxpp.uc V/unknown:AnimatedDrawable: (null) Drew frame 4
06-03 09:16:04.380 10324-10324/uxpp.uc V/unknown:AnimatedDrawable: (null) Rendered current frame 4
06-03 09:16:04.380 10324-10324/uxpp.uc V/unknown:AnimatedDrawable: (null) Next frame (5) in 98 ms
06-03 09:16:04.398 10324-10324/uxpp.uc V/unknown:AnimatedDrawable: (null) Next Frame Task
06-03 09:16:04.400 10324-10324/uxpp.uc V/unknown:ConstrainedExecutorService: SerialExecutor: starting worker 1 of 1
06-03 09:16:04.400 10324-10324/uxpp.uc V/unknown:AnimatedDrawable: (null) Drew frame 0
06-03 09:16:04.400 10324-10324/uxpp.uc V/unknown:AnimatedDrawable: (null) Rendered current frame 0
06-03 09:16:04.401 10324-10324/uxpp.uc V/unknown:AnimatedDrawable: (null) Next frame (1) in 98 ms
06-03 09:16:04.415 10324-11377/uxpp.uc V/unknown:AnimatedDrawableCachingBackendImpl: Prefetch rendered frame 2
06-03 09:16:04.416 10324-11377/uxpp.uc V/unknown:ConstrainedExecutorService: SerialExecutor: worker finished; 0 workers left
06-03 09:16:04.419 10324-10324/uxpp.uc V/unknown:AnimatedDrawable: (null) Next Frame Task
06-03 09:16:04.419 10324-10324/uxpp.uc V/unknown:AnimatedDrawable: (null) Next frame (0) in 10 ms
06-03 09:16:04.440 10324-10324/uxpp.uc V/unknown:AnimatedDrawable: (null) Next Frame Task
06-03 09:16:04.441 10324-10324/uxpp.uc V/unknown:AnimatedDrawable: (null) Drew frame 0
06-03 09:16:04.441 10324-10324/uxpp.uc V/unknown:AnimatedDrawable: (null) Rendered current frame 0
06-03 09:16:04.441 10324-10324/uxpp.uc V/unknown:AnimatedDrawable: (null) Next frame (1) in 108 ms
06-03 09:16:04.461 10324-10324/uxpp.uc V/unknown:AnimatedDrawable: (null) Next Frame Task
06-03 09:16:04.464 10324-10324/uxpp.uc V/unknown:ConstrainedExecutorService: SerialExecutor: starting worker 1 of 1
06-03 09:16:04.464 10324-10324/uxpp.uc V/unknown:AnimatedDrawable: (null) Drew frame 9
06-03 09:16:04.464 10324-10324/uxpp.uc V/unknown:AnimatedDrawable: (null) Rendered current frame 9
06-03 09:16:04.464 10324-10324/uxpp.uc V/unknown:AnimatedDrawable: (null) Next frame (10) in 144 ms
06-03 09:16:04.476 10324-11378/uxpp.uc V/unknown:AnimatedDrawableCachingBackendImpl: Prefetch rendered frame 11
06-03 09:16:04.476 10324-11378/uxpp.uc V/unknown:ConstrainedExecutorService: SerialExecutor: worker finished; 0 workers left
06-03 09:16:04.479 10324-10324/uxpp.uc V/unknown:AnimatedDrawable: (null) Next Frame Task
06-03 09:16:04.480 10324-10324/uxpp.uc V/unknown:AnimatedDrawable: (null) Drew frame 5
06-03 09:16:04.481 10324-10324/uxpp.uc V/unknown:AnimatedDrawable: (null) Rendered current frame 5
06-03 09:16:04.481 10324-10324/uxpp.uc V/unknown:AnimatedDrawable: (null) Next frame (0) in 98 ms
06-03 09:16:04.498 10324-10324/uxpp.uc V/unknown:AnimatedDrawable: (null) Next Frame Task
06-03 09:16:04.499 10324-10324/uxpp.uc V/unknown:ConstrainedExecutorService: SerialExecutor: starting worker 1 of 1
06-03 09:16:04.500 10324-10324/uxpp.uc V/unknown:AnimatedDrawable: (null) Drew frame 1
06-03 09:16:04.500 10324-10324/uxpp.uc V/unknown:AnimatedDrawable: (null) Rendered current frame 1
06-03 09:16:04.500 10324-10324/uxpp.uc V/unknown:AnimatedDrawable: (null) Next frame (2) in 99 ms
06-03 09:16:04.509 10324-11375/uxpp.uc V/unknown:AnimatedDrawableCachingBackendImpl: Prefetch rendered frame 3
06-03 09:16:04.510 10324-11375/uxpp.uc V/unknown:ConstrainedExecutorService: SerialExecutor: worker finished; 0 workers left
06-03 09:16:04.559 10324-10324/uxpp.uc V/unknown:AnimatedDrawable: (null) Next Frame Task
06-03 09:16:04.562 10324-10324/uxpp.uc V/unknown:ConstrainedExecutorService: SerialExecutor: starting worker 1 of 1
06-03 09:16:04.565 10324-10324/uxpp.uc V/unknown:AnimatedDrawable: (null) Drew frame 1
06-03 09:16:04.565 10324-10324/uxpp.uc V/unknown:AnimatedDrawable: (null) Rendered current frame 1
06-03 09:16:04.565 10324-10324/uxpp.uc V/unknown:AnimatedDrawable: (null) Next frame (2) in 103 ms
06-03 09:16:04.567 10324-11379/uxpp.uc V/unknown:ConstrainedExecutorService: SerialExecutor: worker finished; 0 workers left
06-03 09:16:04.579 10324-10324/uxpp.uc V/unknown:AnimatedDrawable: (null) Next Frame Task
06-03 09:16:04.587 10324-10324/uxpp.uc V/unknown:AnimatedDrawable: (null) Drew frame 0
06-03 09:16:04.587 10324-10324/uxpp.uc V/unknown:AnimatedDrawable: (null) Rendered current frame 0
06-03 09:16:04.587 10324-10324/uxpp.uc V/unknown:AnimatedDrawable: (null) Next frame (1) in 91 ms
06-03 09:16:04.603 10324-10324/uxpp.uc V/unknown:AnimatedDrawable: (null) Next Frame Task
06-03 09:16:04.604 10324-10324/uxpp.uc V/unknown:AnimatedDrawable: (null) Next Frame Task
06-03 09:16:04.605 10324-10324/uxpp.uc V/unknown:AnimatedDrawable: (null) Next frame (10) in 4 ms
06-03 09:16:04.607 10324-10324/uxpp.uc V/unknown:ConstrainedExecutorService: SerialExecutor: starting worker 1 of 1
06-03 09:16:04.608 10324-10324/uxpp.uc V/unknown:AnimatedDrawable: (null) Drew frame 2
06-03 09:16:04.608 10324-10324/uxpp.uc V/unknown:AnimatedDrawable: (null) Rendered current frame 2
06-03 09:16:04.608 10324-10324/uxpp.uc V/unknown:AnimatedDrawable: (null) Next frame (3) in 91 ms
06-03 09:16:04.619 10324-10324/uxpp.uc V/unknown:AnimatedDrawable: (null) Next Frame Task
06-03 09:16:04.628 10324-10324/uxpp.uc V/unknown:AnimatedDrawable: (null) Drew frame 10
06-03 09:16:04.628 10324-10324/uxpp.uc V/unknown:AnimatedDrawable: (null) Rendered current frame 10
06-03 09:16:04.628 10324-10324/uxpp.uc V/unknown:AnimatedDrawable: (null) Next frame (11) in 130 ms
06-03 09:16:04.637 10324-11377/uxpp.uc V/unknown:AnimatedDrawableCachingBackendImpl: Prefetch rendered frame 4
06-03 09:16:04.638 10324-11377/uxpp.uc V/unknown:ConstrainedExecutorService: SerialExecutor: starting worker 1 of 1
06-03 09:16:04.648 10324-11377/uxpp.uc V/unknown:AnimatedDrawableCachingBackendImpl: Prefetch rendered frame 12
06-03 09:16:04.648 10324-11377/uxpp.uc V/unknown:ConstrainedExecutorService: SerialExecutor: worker finished; 0 workers left
06-03 09:16:04.678 10324-10324/uxpp.uc V/unknown:AnimatedDrawable: (null) Next Frame Task
06-03 09:16:04.679 10324-10324/uxpp.uc V/unknown:AnimatedDrawable: (null) Next Frame Task
06-03 09:16:04.679 10324-10324/uxpp.uc V/unknown:ConstrainedExecutorService: SerialExecutor: starting worker 1 of 1
06-03 09:16:04.680 10324-10324/uxpp.uc V/unknown:AnimatedDrawable: (null) Drew frame 2
06-03 09:16:04.680 10324-10324/uxpp.uc V/unknown:AnimatedDrawable: (null) Rendered current frame 2
06-03 09:16:04.680 10324-10324/uxpp.uc V/unknown:AnimatedDrawable: (null) Next frame (3) in 109 ms
06-03 09:16:04.680 10324-10324/uxpp.uc V/unknown:AnimatedDrawable: (null) Drew frame 1
06-03 09:16:04.680 10324-10324/uxpp.uc V/unknown:AnimatedDrawable: (null) Rendered current frame 1
06-03 09:16:04.681 10324-10324/uxpp.uc V/unknown:AnimatedDrawable: (null) Next frame (2) in 98 ms
06-03 09:16:04.681 10324-11375/uxpp.uc V/unknown:ConstrainedExecutorService: SerialExecutor: worker finished; 0 workers left
06-03 09:16:04.699 10324-10324/uxpp.uc V/unknown:AnimatedDrawable: (null) Next Frame Task
06-03 09:16:04.702 10324-10324/uxpp.uc V/unknown:ConstrainedExecutorService: SerialExecutor: starting worker 1 of 1
06-03 09:16:04.702 10324-10324/uxpp.uc V/unknown:AnimatedDrawable: (null) Drew frame 3
06-03 09:16:04.702 10324-10324/uxpp.uc V/unknown:AnimatedDrawable: (null) Rendered current frame 3
06-03 09:16:04.703 10324-10324/uxpp.uc V/unknown:AnimatedDrawable: (null) Next frame (4) in 96 ms
06-03 09:16:04.711 10324-11379/uxpp.uc V/unknown:AnimatedDrawableCachingBackendImpl: Prefetch rendered frame 5
06-03 09:16:04.711 10324-11379/uxpp.uc V/unknown:ConstrainedExecutorService: SerialExecutor: worker finished; 0 workers left
06-03 09:16:04.759 10324-10324/uxpp.uc V/unknown:AnimatedDrawable: (null) Next Frame Task
06-03 09:16:04.761 10324-10324/uxpp.uc V/unknown:ConstrainedExecutorService: SerialExecutor: starting worker 1 of 1
06-03 09:16:04.761 10324-10324/uxpp.uc V/unknown:AnimatedDrawable: (null) Drew frame 11
06-03 09:16:04.762 10324-10324/uxpp.uc V/unknown:AnimatedDrawable: (null) Rendered current frame 11
06-03 09:16:04.762 10324-10324/uxpp.uc V/unknown:AnimatedDrawable: (null) Next frame (12) in 297 ms
06-03 09:16:04.773 10324-11378/uxpp.uc V/unknown:AnimatedDrawableCachingBackendImpl: Prefetch rendered frame 13
06-03 09:16:04.774 10324-11378/uxpp.uc V/unknown:ConstrainedExecutorService: SerialExecutor: worker finished; 0 workers left
06-03 09:16:04.778 10324-10324/uxpp.uc V/unknown:AnimatedDrawable: (null) Next Frame Task
06-03 09:16:04.779 10324-10324/uxpp.uc V/unknown:AnimatedDrawable: (null) Next Frame Task
06-03 09:16:04.780 10324-10324/uxpp.uc V/unknown:AnimatedDrawable: (null) Next frame (3) in 9 ms
06-03 09:16:04.781 10324-10324/uxpp.uc V/unknown:AnimatedDrawable: (null) Drew frame 2
06-03 09:16:04.781 10324-10324/uxpp.uc V/unknown:AnimatedDrawable: (null) Rendered current frame 2
06-03 09:16:04.781 10324-10324/uxpp.uc V/unknown:AnimatedDrawable: (null) Next frame (3) in 97 ms
06-03 09:16:04.782 10324-10324/uxpp.uc V/unknown:AnimatedDrawable: (null) Watchdog Task
06-03 09:16:04.782 10324-10324/uxpp.uc V/unknown:AnimatedDrawable: (null) Watchdog Task
06-03 09:16:04.798 10324-10324/uxpp.uc V/unknown:AnimatedDrawable: (null) Next Frame Task
06-03 09:16:04.799 10324-10324/uxpp.uc V/unknown:AnimatedDrawable: (null) Next Frame Task
06-03 09:16:04.800 10324-10324/uxpp.uc V/unknown:ConstrainedExecutorService: SerialExecutor: starting worker 1 of 1
06-03 09:16:04.800 10324-10324/uxpp.uc V/unknown:AnimatedDrawable: (null) Trying again later for current 3
06-03 09:16:04.800 10324-10324/uxpp.uc V/unknown:AnimatedDrawable: (null) Rendered last known frame 2
06-03 09:16:04.801 10324-10324/uxpp.uc V/unknown:AnimatedDrawable: (null) Drew frame 4
06-03 09:16:04.801 10324-10324/uxpp.uc V/unknown:AnimatedDrawable: (null) Rendered current frame 4
06-03 09:16:04.801 10324-10324/uxpp.uc V/unknown:AnimatedDrawable: (null) Next frame (5) in 98 ms
06-03 09:16:04.803 10324-10324/uxpp.uc V/unknown:AnimatedDrawable: (null) Watchdog Task
06-03 09:16:04.803 10324-10324/uxpp.uc V/unknown:AnimatedDrawable: (null) Watchdog Task
06-03 09:16:04.818 10324-10324/uxpp.uc V/unknown:AnimatedDrawable: (null) Invalidate Task
06-03 09:16:04.819 10324-10324/uxpp.uc V/unknown:AnimatedDrawable: (null) Trying again later for pending 3
06-03 09:16:04.820 10324-10324/uxpp.uc V/unknown:AnimatedDrawable: (null) Rendered last known frame 2
06-03 09:16:04.821 10324-11377/uxpp.uc V/unknown:AnimatedDrawableCachingBackendImpl: Creating new bitmap
06-03 09:16:04.821 10324-11377/uxpp.uc V/unknown:AnimatedDrawableCachingBackendImpl: Total bitmaps: 26
06-03 09:16:04.831 10324-11377/uxpp.uc V/unknown:AnimatedDrawableCachingBackendImpl: Prefetch rendered frame 3
06-03 09:16:04.831 10324-11377/uxpp.uc V/unknown:ConstrainedExecutorService: SerialExecutor: starting worker 1 of 1
06-03 09:16:04.839 10324-10324/uxpp.uc V/unknown:AnimatedDrawable: (null) Invalidate Task
06-03 09:16:04.842 10324-10324/uxpp.uc V/unknown:AnimatedDrawable: (null) Drew frame 3
06-03 09:16:04.842 10324-10324/uxpp.uc V/unknown:AnimatedDrawable: (null) Rendered pending frame 3
06-03 09:16:04.842 10324-10324/uxpp.uc V/unknown:AnimatedDrawable: (null) Drew frame 3
06-03 09:16:04.842 10324-10324/uxpp.uc V/unknown:AnimatedDrawable: (null) Rendered current frame 3
06-03 09:16:04.843 10324-10324/uxpp.uc V/unknown:AnimatedDrawable: (null) Next frame (4) in 66 ms
06-03 09:16:04.844 10324-11377/uxpp.uc V/unknown:AnimatedDrawableCachingBackendImpl: Prefetch rendered frame 6
06-03 09:16:04.845 10324-11377/uxpp.uc V/unknown:ConstrainedExecutorService: SerialExecutor: worker finished; 0 workers left
06-03 09:16:04.878 10324-10324/uxpp.uc V/unknown:AnimatedDrawable: (null) Next Frame Task
06-03 09:16:04.879 10324-10324/uxpp.uc V/unknown:AnimatedDrawable: (null) Drew frame 3
06-03 09:16:04.879 10324-10324/uxpp.uc V/unknown:AnimatedDrawable: (null) Rendered current frame 3
06-03 09:16:04.879 10324-10324/uxpp.uc V/unknown:AnimatedDrawable: (null) Next frame (4) in 99 ms
06-03 09:16:04.898 10324-10324/uxpp.uc V/unknown:AnimatedDrawable: (null) Next Frame Task
06-03 09:16:04.899 10324-10324/uxpp.uc V/unknown:AnimatedDrawable: (null) Next Frame Task
06-03 09:16:04.899 10324-10324/uxpp.uc V/unknown:AnimatedDrawable: (null) Next frame (4) in 10 ms
06-03 09:16:04.900 10324-10324/uxpp.uc V/unknown:ConstrainedExecutorService: SerialExecutor: starting worker 1 of 1
06-03 09:16:04.900 10324-10324/uxpp.uc V/unknown:AnimatedDrawable: (null) Drew frame 5
06-03 09:16:04.901 10324-10324/uxpp.uc V/unknown:AnimatedDrawable: (null) Rendered current frame 5
06-03 09:16:04.901 10324-10324/uxpp.uc V/unknown:AnimatedDrawable: (null) Next frame (6) in 98 ms
06-03 09:16:04.910 10324-11379/uxpp.uc V/unknown:AnimatedDrawableCachingBackendImpl: Prefetch rendered frame 7
06-03 09:16:04.911 10324-11379/uxpp.uc V/unknown:ConstrainedExecutorService: SerialExecutor: worker finished; 0 workers left
06-03 09:16:04.918 10324-10324/uxpp.uc V/unknown:AnimatedDrawable: (null) Next Frame Task
06-03 09:16:04.920 10324-10324/uxpp.uc V/unknown:AnimatedDrawable: (null) Drew frame 4
06-03 09:16:04.920 10324-10324/uxpp.uc V/unknown:AnimatedDrawable: (null) Rendered current frame 4
06-03 09:16:04.920 10324-10324/uxpp.uc V/unknown:AnimatedDrawable: (null) Next frame (5) in 108 ms
06-03 09:16:04.978 10324-10324/uxpp.uc V/unknown:AnimatedDrawable: (null) Next Frame Task
06-03 09:16:04.980 10324-10324/uxpp.uc V/unknown:AnimatedDrawable: (null) Drew frame 4
06-03 09:16:04.980 10324-10324/uxpp.uc V/unknown:AnimatedDrawable: (null) Rendered current frame 4
06-03 09:16:04.981 10324-10324/uxpp.uc V/unknown:AnimatedDrawable: (null) Next frame (5) in 98 ms
06-03 09:16:04.999 10324-10324/uxpp.uc V/unknown:AnimatedDrawable: (null) Next Frame Task
06-03 09:16:05.003 10324-10324/uxpp.uc V/unknown:ConstrainedExecutorService: SerialExecutor: starting worker 1 of 1
06-03 09:16:05.003 10324-10324/uxpp.uc V/unknown:AnimatedDrawable: (null) Drew frame 6
06-03 09:16:05.004 10324-10324/uxpp.uc V/unknown:AnimatedDrawable: (null) Rendered current frame 6
06-03 09:16:05.004 10324-10324/uxpp.uc V/unknown:AnimatedDrawable: (null) Next frame (7) in 95 ms
06-03 09:16:05.022 10324-10324/uxpp.uc V/unknown:AnimatedDrawable: (null) Next Frame Task
06-03 09:16:05.022 10324-10324/uxpp.uc V/unknown:AnimatedDrawable: (null) Next frame (5) in 6 ms
06-03 09:16:05.039 10324-10324/uxpp.uc V/unknown:AnimatedDrawable: (null) Next Frame Task
06-03 09:16:05.040 10324-10324/uxpp.uc V/unknown:AnimatedDrawable: (null) Drew frame 5
06-03 09:16:05.040 10324-10324/uxpp.uc V/unknown:AnimatedDrawable: (null) Rendered current frame 5
06-03 09:16:05.040 10324-10324/uxpp.uc V/unknown:AnimatedDrawable: (null) Next frame (6) in 108 ms
06-03 09:16:05.046 10324-11378/uxpp.uc V/unknown:AnimatedDrawableCachingBackendImpl: Prefetch rendered frame 8
06-03 09:16:05.046 10324-11378/uxpp.uc V/unknown:ConstrainedExecutorService: SerialExecutor: worker finished; 0 workers left
06-03 09:16:05.058 10324-10324/uxpp.uc V/unknown:AnimatedDrawable: (null) Next Frame Task
06-03 09:16:05.060 10324-10324/uxpp.uc V/unknown:ConstrainedExecutorService: SerialExecutor: starting worker 1 of 1
06-03 09:16:05.060 10324-10324/uxpp.uc V/unknown:AnimatedDrawable: (null) Drew frame 12
06-03 09:16:05.060 10324-10324/uxpp.uc V/unknown:AnimatedDrawable: (null) Rendered current frame 12
06-03 09:16:05.060 10324-10324/uxpp.uc V/unknown:AnimatedDrawable: (null) Next frame (13) in 148 ms
06-03 09:16:05.070 10324-11375/uxpp.uc V/unknown:AnimatedDrawableCachingBackendImpl: Prefetch rendered frame 14
06-03 09:16:05.070 10324-11375/uxpp.uc V/unknown:ConstrainedExecutorService: SerialExecutor: worker finished; 0 workers left
06-03 09:16:05.077 1038-1104/? W/ProcessCpuTracker: Skipping unknown process pid 13282
06-03 09:16:05.078 10324-10324/uxpp.uc V/unknown:AnimatedDrawable: (null) Next Frame Task
06-03 09:16:05.079 10324-10324/uxpp.uc V/unknown:AnimatedDrawable: (null) Drew frame 5
06-03 09:16:05.079 10324-10324/uxpp.uc V/unknown:AnimatedDrawable: (null) Rendered current frame 5
